[0.296s] DEBUG:colcon:Command line arguments: ['/usr/bin/colcon', 'build']
[0.296s] DEBUG:colcon:Parsed command line arguments: Namespace(log_base=None, log_level=None, verb_name='build', build_base='build', install_base='install', merge_install=False, symlink_install=False, test_result_base=None, continue_on_error=False, executor='parallel', parallel_workers=16, event_handlers=None, ignore_user_meta=False, metas=['./colcon.meta'], base_paths=['.'], packages_ignore=None, packages_ignore_regex=None, paths=None, packages_up_to=None, packages_up_to_regex=None, packages_above=None, packages_above_and_dependencies=None, packages_above_depth=None, packages_select_by_dep=None, packages_skip_by_dep=None, packages_skip_up_to=None, packages_select_build_failed=False, packages_skip_build_finished=False, packages_select_test_failures=False, packages_skip_test_passed=False, packages_select=None, packages_skip=None, packages_select_regex=None, packages_skip_regex=None, packages_start=None, packages_end=None, cmake_args=None, cmake_target=None, cmake_target_skip_unavailable=False, cmake_clean_cache=False, cmake_clean_first=False, cmake_force_configure=False, ament_cmake_args=None, catkin_cmake_args=None, catkin_skip_building_tests=False, mixin_files=None, mixin=None, verb_parser=<colcon_mixin.mixin.mixin_argument.MixinArgumentDecorator object at 0x7f504502bfb0>, verb_extension=<colcon_core.verb.build.BuildVerb object at 0x7f5045174bf0>, main=<bound method BuildVerb.main of <colcon_core.verb.build.BuildVerb object at 0x7f5045174bf0>>, mixin_verb=('build',))
[0.366s] Level 1:colcon.colcon_core.package_discovery:discover_packages(colcon_meta) check parameters
[0.367s] INFO:colcon.colcon_metadata.package_discovery.colcon_meta:Using configuration from '/root/.colcon/metadata/default/Gazebo.meta'
[0.367s] INFO:colcon.colcon_metadata.package_discovery.colcon_meta:Using configuration from '/root/.colcon/metadata/default/fastdds.meta'
[0.368s] INFO:colcon.colcon_metadata.package_discovery.colcon_meta:Using configuration from '/root/.colcon/metadata/default/fastrtps.meta'
[0.368s] Level 1:colcon.colcon_core.package_discovery:discover_packages(recursive) check parameters
[0.368s] Level 1:colcon.colcon_core.package_discovery:discover_packages(ignore) check parameters
[0.368s] Level 1:colcon.colcon_core.package_discovery:discover_packages(path) check parameters
[0.368s] Level 1:colcon.colcon_core.package_discovery:discover_packages(colcon_meta) discover
[0.368s] Level 1:colcon.colcon_core.package_discovery:discover_packages(recursive) discover
[0.368s] INFO:colcon.colcon_core.package_discovery:Crawling recursively for packages in '/root/ros2_RSSI_Heatmap'
[0.368s] Level 1:colcon.colcon_core.package_identification:_identify(.) by extensions ['ignore', 'ignore_ament_install']
[0.368s] Level 1:colcon.colcon_core.package_identification:_identify(.) by extension 'ignore'
[0.368s] Level 1:colcon.colcon_core.package_identification:_identify(.) by extension 'ignore_ament_install'
[0.368s] Level 1:colcon.colcon_core.package_identification:_identify(.) by extensions ['colcon_pkg']
[0.368s] Level 1:colcon.colcon_core.package_identification:_identify(.) by extension 'colcon_pkg'
[0.368s] Level 1:colcon.colcon_core.package_identification:_identify(.) by extensions ['colcon_meta']
[0.368s] Level 1:colcon.colcon_core.package_identification:_identify(.) by extension 'colcon_meta'
[0.368s] Level 1:colcon.colcon_core.package_identification:_identify(.) by extensions ['ros']
[0.368s] Level 1:colcon.colcon_core.package_identification:_identify(.) by extension 'ros'
[0.406s] Level 1:colcon.colcon_core.package_identification:_identify(.) by extensions ['cmake', 'python']
[0.406s] Level 1:colcon.colcon_core.package_identification:_identify(.) by extension 'cmake'
[0.406s] Level 1:colcon.colcon_core.package_identification:_identify(.) by extension 'python'
[0.406s] Level 1:colcon.colcon_core.package_identification:_identify(.) by extensions ['python_setup_py']
[0.406s] Level 1:colcon.colcon_core.package_identification:_identify(.) by extension 'python_setup_py'
[0.406s] Level 1:colcon.colcon_core.package_identification:_identify(build) by extensions ['ignore', 'ignore_ament_install']
[0.406s] Level 1:colcon.colcon_core.package_identification:_identify(build) by extension 'ignore'
[0.406s] Level 1:colcon.colcon_core.package_identification:_identify(build) ignored
[0.406s] Level 1:colcon.colcon_core.package_identification:_identify(install) by extensions ['ignore', 'ignore_ament_install']
[0.406s] Level 1:colcon.colcon_core.package_identification:_identify(install) by extension 'ignore'
[0.406s] Level 1:colcon.colcon_core.package_identification:_identify(install) ignored
[0.406s] Level 1:colcon.colcon_core.package_identification:_identify(log) by extensions ['ignore', 'ignore_ament_install']
[0.406s] Level 1:colcon.colcon_core.package_identification:_identify(log) by extension 'ignore'
[0.406s] Level 1:colcon.colcon_core.package_identification:_identify(log) ignored
[0.406s] Level 1:colcon.colcon_core.package_identification:_identify(src) by extensions ['ignore', 'ignore_ament_install']
[0.406s] Level 1:colcon.colcon_core.package_identification:_identify(src) by extension 'ignore'
[0.406s] Level 1:colcon.colcon_core.package_identification:_identify(src) by extension 'ignore_ament_install'
[0.406s] Level 1:colcon.colcon_core.package_identification:_identify(src) by extensions ['colcon_pkg']
[0.406s] Level 1:colcon.colcon_core.package_identification:_identify(src) by extension 'colcon_pkg'
[0.406s] Level 1:colcon.colcon_core.package_identification:_identify(src) by extensions ['colcon_meta']
[0.406s] Level 1:colcon.colcon_core.package_identification:_identify(src) by extension 'colcon_meta'
[0.406s] Level 1:colcon.colcon_core.package_identification:_identify(src) by extensions ['ros']
[0.407s] Level 1:colcon.colcon_core.package_identification:_identify(src) by extension 'ros'
[0.407s] Level 1:colcon.colcon_core.package_identification:_identify(src) by extensions ['cmake', 'python']
[0.407s] Level 1:colcon.colcon_core.package_identification:_identify(src) by extension 'cmake'
[0.407s] Level 1:colcon.colcon_core.package_identification:_identify(src) by extension 'python'
[0.407s] Level 1:colcon.colcon_core.package_identification:_identify(src) by extensions ['python_setup_py']
[0.407s] Level 1:colcon.colcon_core.package_identification:_identify(src) by extension 'python_setup_py'
[0.407s] Level 1:colcon.colcon_core.package_identification:_identify(src/mappers_bringup) by extensions ['ignore', 'ignore_ament_install']
[0.407s] Level 1:colcon.colcon_core.package_identification:_identify(src/mappers_bringup) by extension 'ignore'
[0.407s] Level 1:colcon.colcon_core.package_identification:_identify(src/mappers_bringup) by extension 'ignore_ament_install'
[0.407s] Level 1:colcon.colcon_core.package_identification:_identify(src/mappers_bringup) by extensions ['colcon_pkg']
[0.407s] Level 1:colcon.colcon_core.package_identification:_identify(src/mappers_bringup) by extension 'colcon_pkg'
[0.407s] Level 1:colcon.colcon_core.package_identification:_identify(src/mappers_bringup) by extensions ['colcon_meta']
[0.407s] Level 1:colcon.colcon_core.package_identification:_identify(src/mappers_bringup) by extension 'colcon_meta'
[0.407s] Level 1:colcon.colcon_core.package_identification:_identify(src/mappers_bringup) by extensions ['ros']
[0.407s] Level 1:colcon.colcon_core.package_identification:_identify(src/mappers_bringup) by extension 'ros'
[0.409s] DEBUG:colcon.colcon_core.package_identification:Package 'src/mappers_bringup' with type 'ros.ament_cmake' and name 'mappers_bringup'
[0.409s] Level 1:colcon.colcon_core.package_identification:_identify(src/nav2_read_rssi_at_waypoint_plugin) by extensions ['ignore', 'ignore_ament_install']
[0.409s] Level 1:colcon.colcon_core.package_identification:_identify(src/nav2_read_rssi_at_waypoint_plugin) by extension 'ignore'
[0.409s] Level 1:colcon.colcon_core.package_identification:_identify(src/nav2_read_rssi_at_waypoint_plugin) by extension 'ignore_ament_install'
[0.410s] Level 1:colcon.colcon_core.package_identification:_identify(src/nav2_read_rssi_at_waypoint_plugin) by extensions ['colcon_pkg']
[0.410s] Level 1:colcon.colcon_core.package_identification:_identify(src/nav2_read_rssi_at_waypoint_plugin) by extension 'colcon_pkg'
[0.410s] Level 1:colcon.colcon_core.package_identification:_identify(src/nav2_read_rssi_at_waypoint_plugin) by extensions ['colcon_meta']
[0.410s] Level 1:colcon.colcon_core.package_identification:_identify(src/nav2_read_rssi_at_waypoint_plugin) by extension 'colcon_meta'
[0.410s] Level 1:colcon.colcon_core.package_identification:_identify(src/nav2_read_rssi_at_waypoint_plugin) by extensions ['ros']
[0.410s] Level 1:colcon.colcon_core.package_identification:_identify(src/nav2_read_rssi_at_waypoint_plugin) by extension 'ros'
[0.411s] DEBUG:colcon.colcon_core.package_identification:Package 'src/nav2_read_rssi_at_waypoint_plugin' with type 'ros.ament_cmake' and name 'nav2_read_rssi_at_waypoint'
[0.411s] Level 1:colcon.colcon_core.package_identification:_identify(src/rosbot_interfaces) by extensions ['ignore', 'ignore_ament_install']
[0.411s] Level 1:colcon.colcon_core.package_identification:_identify(src/rosbot_interfaces) by extension 'ignore'
[0.411s] Level 1:colcon.colcon_core.package_identification:_identify(src/rosbot_interfaces) by extension 'ignore_ament_install'
[0.411s] Level 1:colcon.colcon_core.package_identification:_identify(src/rosbot_interfaces) by extensions ['colcon_pkg']
[0.411s] Level 1:colcon.colcon_core.package_identification:_identify(src/rosbot_interfaces) by extension 'colcon_pkg'
[0.411s] Level 1:colcon.colcon_core.package_identification:_identify(src/rosbot_interfaces) by extensions ['colcon_meta']
[0.411s] Level 1:colcon.colcon_core.package_identification:_identify(src/rosbot_interfaces) by extension 'colcon_meta'
[0.411s] Level 1:colcon.colcon_core.package_identification:_identify(src/rosbot_interfaces) by extensions ['ros']
[0.411s] Level 1:colcon.colcon_core.package_identification:_identify(src/rosbot_interfaces) by extension 'ros'
[0.412s] DEBUG:colcon.colcon_core.package_identification:Package 'src/rosbot_interfaces' with type 'ros.ament_cmake' and name 'rosbot_interfaces'
[0.412s] Level 1:colcon.colcon_core.package_identification:_identify(src/rssi_heatmap_generator_package) by extensions ['ignore', 'ignore_ament_install']
[0.412s] Level 1:colcon.colcon_core.package_identification:_identify(src/rssi_heatmap_generator_package) by extension 'ignore'
[0.412s] Level 1:colcon.colcon_core.package_identification:_identify(src/rssi_heatmap_generator_package) by extension 'ignore_ament_install'
[0.412s] Level 1:colcon.colcon_core.package_identification:_identify(src/rssi_heatmap_generator_package) by extensions ['colcon_pkg']
[0.412s] Level 1:colcon.colcon_core.package_identification:_identify(src/rssi_heatmap_generator_package) by extension 'colcon_pkg'
[0.412s] Level 1:colcon.colcon_core.package_identification:_identify(src/rssi_heatmap_generator_package) by extensions ['colcon_meta']
[0.412s] Level 1:colcon.colcon_core.package_identification:_identify(src/rssi_heatmap_generator_package) by extension 'colcon_meta'
[0.412s] Level 1:colcon.colcon_core.package_identification:_identify(src/rssi_heatmap_generator_package) by extensions ['ros']
[0.412s] Level 1:colcon.colcon_core.package_identification:_identify(src/rssi_heatmap_generator_package) by extension 'ros'
[0.412s] DEBUG:colcon.colcon_core.package_identification:Package 'src/rssi_heatmap_generator_package' with type 'ros.ament_python' and name 'rssi_heatmap_generator_package'
[0.413s] Level 1:colcon.colcon_core.package_identification:_identify(src/waypoint_publisher_package) by extensions ['ignore', 'ignore_ament_install']
[0.413s] Level 1:colcon.colcon_core.package_identification:_identify(src/waypoint_publisher_package) by extension 'ignore'
[0.413s] Level 1:colcon.colcon_core.package_identification:_identify(src/waypoint_publisher_package) by extension 'ignore_ament_install'
[0.413s] Level 1:colcon.colcon_core.package_identification:_identify(src/waypoint_publisher_package) by extensions ['colcon_pkg']
[0.413s] Level 1:colcon.colcon_core.package_identification:_identify(src/waypoint_publisher_package) by extension 'colcon_pkg'
[0.413s] Level 1:colcon.colcon_core.package_identification:_identify(src/waypoint_publisher_package) by extensions ['colcon_meta']
[0.413s] Level 1:colcon.colcon_core.package_identification:_identify(src/waypoint_publisher_package) by extension 'colcon_meta'
[0.413s] Level 1:colcon.colcon_core.package_identification:_identify(src/waypoint_publisher_package) by extensions ['ros']
[0.413s] Level 1:colcon.colcon_core.package_identification:_identify(src/waypoint_publisher_package) by extension 'ros'
[0.413s] DEBUG:colcon.colcon_core.package_identification:Package 'src/waypoint_publisher_package' with type 'ros.ament_python' and name 'waypoint_publisher_package'
[0.413s] Level 1:colcon.colcon_core.package_discovery:discover_packages(recursive) using defaults
[0.414s] Level 1:colcon.colcon_core.package_discovery:discover_packages(ignore) discover
[0.414s] Level 1:colcon.colcon_core.package_discovery:discover_packages(ignore) using defaults
[0.414s] Level 1:colcon.colcon_core.package_discovery:discover_packages(path) discover
[0.414s] Level 1:colcon.colcon_core.package_discovery:discover_packages(path) using defaults
[0.446s] Level 5:colcon.colcon_core.verb:set package 'rosbot_interfaces' build argument 'cmake_args' from command line to 'None'
[0.446s] Level 5:colcon.colcon_core.verb:set package 'rosbot_interfaces' build argument 'cmake_target' from command line to 'None'
[0.446s] Level 5:colcon.colcon_core.verb:set package 'rosbot_interfaces' build argument 'cmake_target_skip_unavailable' from command line to 'False'
[0.446s] Level 5:colcon.colcon_core.verb:set package 'rosbot_interfaces' build argument 'cmake_clean_cache' from command line to 'False'
[0.446s] Level 5:colcon.colcon_core.verb:set package 'rosbot_interfaces' build argument 'cmake_clean_first' from command line to 'False'
[0.446s] Level 5:colcon.colcon_core.verb:set package 'rosbot_interfaces' build argument 'cmake_force_configure' from command line to 'False'
[0.446s] Level 5:colcon.colcon_core.verb:set package 'rosbot_interfaces' build argument 'ament_cmake_args' from command line to 'None'
[0.446s] Level 5:colcon.colcon_core.verb:set package 'rosbot_interfaces' build argument 'catkin_cmake_args' from command line to 'None'
[0.446s] Level 5:colcon.colcon_core.verb:set package 'rosbot_interfaces' build argument 'catkin_skip_building_tests' from command line to 'False'
[0.446s] DEBUG:colcon.colcon_core.verb:Building package 'rosbot_interfaces' with the following arguments: {'ament_cmake_args': None, 'build_base': '/root/ros2_RSSI_Heatmap/build/rosbot_interfaces', 'catkin_cmake_args': None, 'catkin_skip_building_tests': False, 'cmake_args': None, 'cmake_clean_cache': False, 'cmake_clean_first': False, 'cmake_force_configure': False, 'cmake_target': None, 'cmake_target_skip_unavailable': False, 'install_base': '/root/ros2_RSSI_Heatmap/install/rosbot_interfaces', 'merge_install': False, 'path': '/root/ros2_RSSI_Heatmap/src/rosbot_interfaces', 'symlink_install': False, 'test_result_base': None}
[0.446s] Level 5:colcon.colcon_core.verb:set package 'waypoint_publisher_package' build argument 'cmake_args' from command line to 'None'
[0.446s] Level 5:colcon.colcon_core.verb:set package 'waypoint_publisher_package' build argument 'cmake_target' from command line to 'None'
[0.446s] Level 5:colcon.colcon_core.verb:set package 'waypoint_publisher_package' build argument 'cmake_target_skip_unavailable' from command line to 'False'
[0.446s] Level 5:colcon.colcon_core.verb:set package 'waypoint_publisher_package' build argument 'cmake_clean_cache' from command line to 'False'
[0.446s] Level 5:colcon.colcon_core.verb:set package 'waypoint_publisher_package' build argument 'cmake_clean_first' from command line to 'False'
[0.446s] Level 5:colcon.colcon_core.verb:set package 'waypoint_publisher_package' build argument 'cmake_force_configure' from command line to 'False'
[0.446s] Level 5:colcon.colcon_core.verb:set package 'waypoint_publisher_package' build argument 'ament_cmake_args' from command line to 'None'
[0.446s] Level 5:colcon.colcon_core.verb:set package 'waypoint_publisher_package' build argument 'catkin_cmake_args' from command line to 'None'
[0.446s] Level 5:colcon.colcon_core.verb:set package 'waypoint_publisher_package' build argument 'catkin_skip_building_tests' from command line to 'False'
[0.446s] DEBUG:colcon.colcon_core.verb:Building package 'waypoint_publisher_package' with the following arguments: {'ament_cmake_args': None, 'build_base': '/root/ros2_RSSI_Heatmap/build/waypoint_publisher_package', 'catkin_cmake_args': None, 'catkin_skip_building_tests': False, 'cmake_args': None, 'cmake_clean_cache': False, 'cmake_clean_first': False, 'cmake_force_configure': False, 'cmake_target': None, 'cmake_target_skip_unavailable': False, 'install_base': '/root/ros2_RSSI_Heatmap/install/waypoint_publisher_package', 'merge_install': False, 'path': '/root/ros2_RSSI_Heatmap/src/waypoint_publisher_package', 'symlink_install': False, 'test_result_base': None}
[0.447s] Level 5:colcon.colcon_core.verb:set package 'nav2_read_rssi_at_waypoint' build argument 'cmake_args' from command line to 'None'
[0.447s] Level 5:colcon.colcon_core.verb:set package 'nav2_read_rssi_at_waypoint' build argument 'cmake_target' from command line to 'None'
[0.447s] Level 5:colcon.colcon_core.verb:set package 'nav2_read_rssi_at_waypoint' build argument 'cmake_target_skip_unavailable' from command line to 'False'
[0.447s] Level 5:colcon.colcon_core.verb:set package 'nav2_read_rssi_at_waypoint' build argument 'cmake_clean_cache' from command line to 'False'
[0.447s] Level 5:colcon.colcon_core.verb:set package 'nav2_read_rssi_at_waypoint' build argument 'cmake_clean_first' from command line to 'False'
[0.447s] Level 5:colcon.colcon_core.verb:set package 'nav2_read_rssi_at_waypoint' build argument 'cmake_force_configure' from command line to 'False'
[0.447s] Level 5:colcon.colcon_core.verb:set package 'nav2_read_rssi_at_waypoint' build argument 'ament_cmake_args' from command line to 'None'
[0.447s] Level 5:colcon.colcon_core.verb:set package 'nav2_read_rssi_at_waypoint' build argument 'catkin_cmake_args' from command line to 'None'
[0.447s] Level 5:colcon.colcon_core.verb:set package 'nav2_read_rssi_at_waypoint' build argument 'catkin_skip_building_tests' from command line to 'False'
[0.447s] DEBUG:colcon.colcon_core.verb:Building package 'nav2_read_rssi_at_waypoint' with the following arguments: {'ament_cmake_args': None, 'build_base': '/root/ros2_RSSI_Heatmap/build/nav2_read_rssi_at_waypoint', 'catkin_cmake_args': None, 'catkin_skip_building_tests': False, 'cmake_args': None, 'cmake_clean_cache': False, 'cmake_clean_first': False, 'cmake_force_configure': False, 'cmake_target': None, 'cmake_target_skip_unavailable': False, 'install_base': '/root/ros2_RSSI_Heatmap/install/nav2_read_rssi_at_waypoint', 'merge_install': False, 'path': '/root/ros2_RSSI_Heatmap/src/nav2_read_rssi_at_waypoint_plugin', 'symlink_install': False, 'test_result_base': None}
[0.447s] Level 5:colcon.colcon_core.verb:set package 'rssi_heatmap_generator_package' build argument 'cmake_args' from command line to 'None'
[0.447s] Level 5:colcon.colcon_core.verb:set package 'rssi_heatmap_generator_package' build argument 'cmake_target' from command line to 'None'
[0.447s] Level 5:colcon.colcon_core.verb:set package 'rssi_heatmap_generator_package' build argument 'cmake_target_skip_unavailable' from command line to 'False'
[0.447s] Level 5:colcon.colcon_core.verb:set package 'rssi_heatmap_generator_package' build argument 'cmake_clean_cache' from command line to 'False'
[0.447s] Level 5:colcon.colcon_core.verb:set package 'rssi_heatmap_generator_package' build argument 'cmake_clean_first' from command line to 'False'
[0.447s] Level 5:colcon.colcon_core.verb:set package 'rssi_heatmap_generator_package' build argument 'cmake_force_configure' from command line to 'False'
[0.447s] Level 5:colcon.colcon_core.verb:set package 'rssi_heatmap_generator_package' build argument 'ament_cmake_args' from command line to 'None'
[0.447s] Level 5:colcon.colcon_core.verb:set package 'rssi_heatmap_generator_package' build argument 'catkin_cmake_args' from command line to 'None'
[0.447s] Level 5:colcon.colcon_core.verb:set package 'rssi_heatmap_generator_package' build argument 'catkin_skip_building_tests' from command line to 'False'
[0.447s] DEBUG:colcon.colcon_core.verb:Building package 'rssi_heatmap_generator_package' with the following arguments: {'ament_cmake_args': None, 'build_base': '/root/ros2_RSSI_Heatmap/build/rssi_heatmap_generator_package', 'catkin_cmake_args': None, 'catkin_skip_building_tests': False, 'cmake_args': None, 'cmake_clean_cache': False, 'cmake_clean_first': False, 'cmake_force_configure': False, 'cmake_target': None, 'cmake_target_skip_unavailable': False, 'install_base': '/root/ros2_RSSI_Heatmap/install/rssi_heatmap_generator_package', 'merge_install': False, 'path': '/root/ros2_RSSI_Heatmap/src/rssi_heatmap_generator_package', 'symlink_install': False, 'test_result_base': None}
[0.447s] Level 5:colcon.colcon_core.verb:set package 'mappers_bringup' build argument 'cmake_args' from command line to 'None'
[0.447s] Level 5:colcon.colcon_core.verb:set package 'mappers_bringup' build argument 'cmake_target' from command line to 'None'
[0.447s] Level 5:colcon.colcon_core.verb:set package 'mappers_bringup' build argument 'cmake_target_skip_unavailable' from command line to 'False'
[0.447s] Level 5:colcon.colcon_core.verb:set package 'mappers_bringup' build argument 'cmake_clean_cache' from command line to 'False'
[0.447s] Level 5:colcon.colcon_core.verb:set package 'mappers_bringup' build argument 'cmake_clean_first' from command line to 'False'
[0.447s] Level 5:colcon.colcon_core.verb:set package 'mappers_bringup' build argument 'cmake_force_configure' from command line to 'False'
[0.447s] Level 5:colcon.colcon_core.verb:set package 'mappers_bringup' build argument 'ament_cmake_args' from command line to 'None'
[0.447s] Level 5:colcon.colcon_core.verb:set package 'mappers_bringup' build argument 'catkin_cmake_args' from command line to 'None'
[0.447s] Level 5:colcon.colcon_core.verb:set package 'mappers_bringup' build argument 'catkin_skip_building_tests' from command line to 'False'
[0.447s] DEBUG:colcon.colcon_core.verb:Building package 'mappers_bringup' with the following arguments: {'ament_cmake_args': None, 'build_base': '/root/ros2_RSSI_Heatmap/build/mappers_bringup', 'catkin_cmake_args': None, 'catkin_skip_building_tests': False, 'cmake_args': None, 'cmake_clean_cache': False, 'cmake_clean_first': False, 'cmake_force_configure': False, 'cmake_target': None, 'cmake_target_skip_unavailable': False, 'install_base': '/root/ros2_RSSI_Heatmap/install/mappers_bringup', 'merge_install': False, 'path': '/root/ros2_RSSI_Heatmap/src/mappers_bringup', 'symlink_install': False, 'test_result_base': None}
[0.447s] INFO:colcon.colcon_core.executor:Executing jobs using 'parallel' executor
[0.448s] DEBUG:colcon.colcon_parallel_executor.executor.parallel:run_until_complete
[0.448s] INFO:colcon.colcon_ros.task.ament_cmake.build:Building ROS package in '/root/ros2_RSSI_Heatmap/src/rosbot_interfaces' with build type 'ament_cmake'
[0.448s] INFO:colcon.colcon_cmake.task.cmake.build:Building CMake package in '/root/ros2_RSSI_Heatmap/src/rosbot_interfaces'
[0.453s] INFO:colcon.colcon_core.plugin_system:Skipping extension 'colcon_core.shell.bat': Not used on non-Windows systems
[0.453s] INFO:colcon.colcon_core.shell:Skip shell extension 'powershell' for command environment: Not usable outside of PowerShell
[0.453s] DEBUG:colcon.colcon_core.shell:Skip shell extension 'dsv' for command environment
[0.474s] INFO:colcon.colcon_ros.task.ament_python.build:Building ROS package in '/root/ros2_RSSI_Heatmap/src/waypoint_publisher_package' with build type 'ament_python'
[0.474s] Level 1:colcon.colcon_core.shell:create_environment_hook('waypoint_publisher_package', 'ament_prefix_path')
[0.475s] INFO:colcon.colcon_core.shell:Creating environment hook '/root/ros2_RSSI_Heatmap/install/waypoint_publisher_package/share/waypoint_publisher_package/hook/ament_prefix_path.ps1'
[0.475s] INFO:colcon.colcon_core.shell:Creating environment descriptor '/root/ros2_RSSI_Heatmap/install/waypoint_publisher_package/share/waypoint_publisher_package/hook/ament_prefix_path.dsv'
[0.476s] INFO:colcon.colcon_core.shell:Creating environment hook '/root/ros2_RSSI_Heatmap/install/waypoint_publisher_package/share/waypoint_publisher_package/hook/ament_prefix_path.sh'
[0.476s] INFO:colcon.colcon_core.shell:Skip shell extension 'powershell' for command environment: Not usable outside of PowerShell
[0.476s] DEBUG:colcon.colcon_core.shell:Skip shell extension 'dsv' for command environment
[0.480s] DEBUG:colcon.colcon_core.event_handler.log_command:Invoking command in '/root/ros2_RSSI_Heatmap/build/rosbot_interfaces': CMAKE_PREFIX_PATH=${CMAKE_PREFIX_PATH}:/root/turtlebot3_ws/install/turtlebot3_teleop:/root/turtlebot3_ws/install/turtlebot3_example:/opt/ros/jazzy /usr/bin/cmake /root/ros2_RSSI_Heatmap/src/rosbot_interfaces -DCMAKE_INSTALL_PREFIX=/root/ros2_RSSI_Heatmap/install/rosbot_interfaces
[0.643s] INFO:colcon.colcon_core.task.python.build:Building Python package in '/root/ros2_RSSI_Heatmap/src/waypoint_publisher_package'
[0.643s] INFO:colcon.colcon_core.shell:Skip shell extension 'powershell' for command environment: Not usable outside of PowerShell
[0.643s] DEBUG:colcon.colcon_core.shell:Skip shell extension 'dsv' for command environment
[1.120s] DEBUG:colcon.colcon_core.task.python.build:Available setuptools commands: saveopts, check, bdist_egg, register, install_scripts, build_py, install, build_scripts, rotate, bdist_rpm, egg_info, test, bdist_dumb, develop, install_headers, clean, build_clib, build_ext, setopt, build, install_egg_info, upload_docs, symlink_data, dist_info, install_lib, alias, easy_install, editable_wheel, install_data, sdist, bdist, upload
[1.122s] DEBUG:colcon.colcon_core.event_handler.log_command:Invoking command in '/root/ros2_RSSI_Heatmap/src/waypoint_publisher_package': PYTHONPATH=/root/ros2_RSSI_Heatmap/build/waypoint_publisher_package/prefix_override:/usr/lib/python3/dist-packages/colcon_core/task/python/colcon_distutils_commands:/root/ros2_RSSI_Heatmap/install/waypoint_publisher_package/lib/python3.12/site-packages:${PYTHONPATH} /usr/bin/python3 -W ignore:setup.py install is deprecated -W ignore:easy_install command is deprecated setup.py egg_info --egg-base ../../build/waypoint_publisher_package build --build-base /root/ros2_RSSI_Heatmap/build/waypoint_publisher_package/build install --record /root/ros2_RSSI_Heatmap/build/waypoint_publisher_package/install.log --install-scripts $base/lib/waypoint_publisher_package --single-version-externally-managed install_data
[1.465s] DEBUG:colcon.colcon_core.event_handler.log_command:Invoked command in '/root/ros2_RSSI_Heatmap/src/waypoint_publisher_package' returned '0': PYTHONPATH=/root/ros2_RSSI_Heatmap/build/waypoint_publisher_package/prefix_override:/usr/lib/python3/dist-packages/colcon_core/task/python/colcon_distutils_commands:/root/ros2_RSSI_Heatmap/install/waypoint_publisher_package/lib/python3.12/site-packages:${PYTHONPATH} /usr/bin/python3 -W ignore:setup.py install is deprecated -W ignore:easy_install command is deprecated setup.py egg_info --egg-base ../../build/waypoint_publisher_package build --build-base /root/ros2_RSSI_Heatmap/build/waypoint_publisher_package/build install --record /root/ros2_RSSI_Heatmap/build/waypoint_publisher_package/install.log --install-scripts $base/lib/waypoint_publisher_package --single-version-externally-managed install_data
[1.472s] Level 1:colcon.colcon_core.environment:checking '/root/ros2_RSSI_Heatmap/install/waypoint_publisher_package' for CMake module files
[1.472s] Level 1:colcon.colcon_core.environment:checking '/root/ros2_RSSI_Heatmap/install/waypoint_publisher_package' for CMake config files
[1.473s] Level 1:colcon.colcon_core.environment:checking '/root/ros2_RSSI_Heatmap/install/waypoint_publisher_package/lib'
[1.473s] Level 1:colcon.colcon_core.environment:checking '/root/ros2_RSSI_Heatmap/install/waypoint_publisher_package/bin'
[1.473s] Level 1:colcon.colcon_core.environment:checking '/root/ros2_RSSI_Heatmap/install/waypoint_publisher_package/lib/pkgconfig/waypoint_publisher_package.pc'
[1.473s] Level 1:colcon.colcon_core.environment:checking '/root/ros2_RSSI_Heatmap/install/waypoint_publisher_package/lib/python3.12/site-packages'
[1.473s] Level 1:colcon.colcon_core.shell:create_environment_hook('waypoint_publisher_package', 'pythonpath')
[1.473s] INFO:colcon.colcon_core.shell:Creating environment hook '/root/ros2_RSSI_Heatmap/install/waypoint_publisher_package/share/waypoint_publisher_package/hook/pythonpath.ps1'
[1.473s] INFO:colcon.colcon_core.shell:Creating environment descriptor '/root/ros2_RSSI_Heatmap/install/waypoint_publisher_package/share/waypoint_publisher_package/hook/pythonpath.dsv'
[1.474s] INFO:colcon.colcon_core.shell:Creating environment hook '/root/ros2_RSSI_Heatmap/install/waypoint_publisher_package/share/waypoint_publisher_package/hook/pythonpath.sh'
[1.474s] Level 1:colcon.colcon_core.environment:checking '/root/ros2_RSSI_Heatmap/install/waypoint_publisher_package/bin'
[1.474s] Level 1:colcon.colcon_core.environment:create_environment_scripts_only(waypoint_publisher_package)
[1.474s] INFO:colcon.colcon_core.shell:Creating package script '/root/ros2_RSSI_Heatmap/install/waypoint_publisher_package/share/waypoint_publisher_package/package.ps1'
[1.475s] INFO:colcon.colcon_core.shell:Creating package descriptor '/root/ros2_RSSI_Heatmap/install/waypoint_publisher_package/share/waypoint_publisher_package/package.dsv'
[1.476s] INFO:colcon.colcon_core.shell:Creating package script '/root/ros2_RSSI_Heatmap/install/waypoint_publisher_package/share/waypoint_publisher_package/package.sh'
[1.476s] INFO:colcon.colcon_core.shell:Creating package script '/root/ros2_RSSI_Heatmap/install/waypoint_publisher_package/share/waypoint_publisher_package/package.bash'
[1.477s] INFO:colcon.colcon_core.shell:Creating package script '/root/ros2_RSSI_Heatmap/install/waypoint_publisher_package/share/waypoint_publisher_package/package.zsh'
[1.478s] Level 1:colcon.colcon_core.environment:create_file_with_runtime_dependencies(/root/ros2_RSSI_Heatmap/install/waypoint_publisher_package/share/colcon-core/packages/waypoint_publisher_package)
[4.185s] DEBUG:colcon.colcon_core.event_handler.log_command:Invoked command in '/root/ros2_RSSI_Heatmap/build/rosbot_interfaces' returned '0': CMAKE_PREFIX_PATH=${CMAKE_PREFIX_PATH}:/root/turtlebot3_ws/install/turtlebot3_teleop:/root/turtlebot3_ws/install/turtlebot3_example:/opt/ros/jazzy /usr/bin/cmake /root/ros2_RSSI_Heatmap/src/rosbot_interfaces -DCMAKE_INSTALL_PREFIX=/root/ros2_RSSI_Heatmap/install/rosbot_interfaces
[4.185s] DEBUG:colcon.colcon_core.event_handler.log_command:Invoking command in '/root/ros2_RSSI_Heatmap/build/rosbot_interfaces': CMAKE_PREFIX_PATH=${CMAKE_PREFIX_PATH}:/root/turtlebot3_ws/install/turtlebot3_teleop:/root/turtlebot3_ws/install/turtlebot3_example:/opt/ros/jazzy /usr/bin/cmake --build /root/ros2_RSSI_Heatmap/build/rosbot_interfaces -- -j16 -l16
[9.641s] DEBUG:colcon.colcon_core.event_handler.log_command:Invoked command in '/root/ros2_RSSI_Heatmap/build/rosbot_interfaces' returned '0': CMAKE_PREFIX_PATH=${CMAKE_PREFIX_PATH}:/root/turtlebot3_ws/install/turtlebot3_teleop:/root/turtlebot3_ws/install/turtlebot3_example:/opt/ros/jazzy /usr/bin/cmake --build /root/ros2_RSSI_Heatmap/build/rosbot_interfaces -- -j16 -l16
[9.653s] DEBUG:colcon.colcon_core.event_handler.log_command:Invoking command in '/root/ros2_RSSI_Heatmap/build/rosbot_interfaces': CMAKE_PREFIX_PATH=${CMAKE_PREFIX_PATH}:/root/turtlebot3_ws/install/turtlebot3_teleop:/root/turtlebot3_ws/install/turtlebot3_example:/opt/ros/jazzy /usr/bin/cmake --install /root/ros2_RSSI_Heatmap/build/rosbot_interfaces
[9.713s] Level 1:colcon.colcon_core.environment:create_environment_scripts_only(rosbot_interfaces)
[9.713s] Level 1:colcon.colcon_core.environment:checking '/root/ros2_RSSI_Heatmap/install/rosbot_interfaces' for CMake module files
[9.714s] Level 1:colcon.colcon_core.environment:checking '/root/ros2_RSSI_Heatmap/install/rosbot_interfaces' for CMake config files
[9.714s] Level 1:colcon.colcon_core.shell:create_environment_hook('rosbot_interfaces', 'cmake_prefix_path')
[9.714s] INFO:colcon.colcon_core.shell:Creating environment hook '/root/ros2_RSSI_Heatmap/install/rosbot_interfaces/share/rosbot_interfaces/hook/cmake_prefix_path.ps1'
[9.714s] DEBUG:colcon.colcon_core.event_handler.log_command:Invoked command in '/root/ros2_RSSI_Heatmap/build/rosbot_interfaces' returned '0': CMAKE_PREFIX_PATH=${CMAKE_PREFIX_PATH}:/root/turtlebot3_ws/install/turtlebot3_teleop:/root/turtlebot3_ws/install/turtlebot3_example:/opt/ros/jazzy /usr/bin/cmake --install /root/ros2_RSSI_Heatmap/build/rosbot_interfaces
[9.715s] INFO:colcon.colcon_core.shell:Creating environment descriptor '/root/ros2_RSSI_Heatmap/install/rosbot_interfaces/share/rosbot_interfaces/hook/cmake_prefix_path.dsv'
[9.715s] INFO:colcon.colcon_core.shell:Creating environment hook '/root/ros2_RSSI_Heatmap/install/rosbot_interfaces/share/rosbot_interfaces/hook/cmake_prefix_path.sh'
[9.715s] Level 1:colcon.colcon_core.environment:checking '/root/ros2_RSSI_Heatmap/install/rosbot_interfaces/lib'
[9.715s] Level 1:colcon.colcon_core.shell:create_environment_hook('rosbot_interfaces', 'ld_library_path_lib')
[9.715s] INFO:colcon.colcon_core.shell:Creating environment hook '/root/ros2_RSSI_Heatmap/install/rosbot_interfaces/share/rosbot_interfaces/hook/ld_library_path_lib.ps1'
[9.716s] INFO:colcon.colcon_core.shell:Creating environment descriptor '/root/ros2_RSSI_Heatmap/install/rosbot_interfaces/share/rosbot_interfaces/hook/ld_library_path_lib.dsv'
[9.716s] INFO:colcon.colcon_core.shell:Creating environment hook '/root/ros2_RSSI_Heatmap/install/rosbot_interfaces/share/rosbot_interfaces/hook/ld_library_path_lib.sh'
[9.716s] Level 1:colcon.colcon_core.environment:checking '/root/ros2_RSSI_Heatmap/install/rosbot_interfaces/bin'
[9.716s] Level 1:colcon.colcon_core.environment:checking '/root/ros2_RSSI_Heatmap/install/rosbot_interfaces/lib/pkgconfig/rosbot_interfaces.pc'
[9.716s] Level 1:colcon.colcon_core.environment:checking '/root/ros2_RSSI_Heatmap/install/rosbot_interfaces/lib/python3.12/site-packages'
[9.716s] Level 1:colcon.colcon_core.shell:create_environment_hook('rosbot_interfaces', 'pythonpath')
[9.716s] INFO:colcon.colcon_core.shell:Creating environment hook '/root/ros2_RSSI_Heatmap/install/rosbot_interfaces/share/rosbot_interfaces/hook/pythonpath.ps1'
[9.716s] INFO:colcon.colcon_core.shell:Creating environment descriptor '/root/ros2_RSSI_Heatmap/install/rosbot_interfaces/share/rosbot_interfaces/hook/pythonpath.dsv'
[9.717s] INFO:colcon.colcon_core.shell:Creating environment hook '/root/ros2_RSSI_Heatmap/install/rosbot_interfaces/share/rosbot_interfaces/hook/pythonpath.sh'
[9.717s] Level 1:colcon.colcon_core.environment:checking '/root/ros2_RSSI_Heatmap/install/rosbot_interfaces/bin'
[9.717s] INFO:colcon.colcon_core.shell:Creating package script '/root/ros2_RSSI_Heatmap/install/rosbot_interfaces/share/rosbot_interfaces/package.ps1'
[9.718s] INFO:colcon.colcon_core.shell:Creating package descriptor '/root/ros2_RSSI_Heatmap/install/rosbot_interfaces/share/rosbot_interfaces/package.dsv'
[9.718s] INFO:colcon.colcon_core.shell:Creating package script '/root/ros2_RSSI_Heatmap/install/rosbot_interfaces/share/rosbot_interfaces/package.sh'
[9.718s] INFO:colcon.colcon_core.shell:Creating package script '/root/ros2_RSSI_Heatmap/install/rosbot_interfaces/share/rosbot_interfaces/package.bash'
[9.718s] INFO:colcon.colcon_core.shell:Creating package script '/root/ros2_RSSI_Heatmap/install/rosbot_interfaces/share/rosbot_interfaces/package.zsh'
[9.718s] Level 1:colcon.colcon_core.environment:create_file_with_runtime_dependencies(/root/ros2_RSSI_Heatmap/install/rosbot_interfaces/share/colcon-core/packages/rosbot_interfaces)
[9.718s] Level 1:colcon.colcon_core.environment:create_environment_scripts_only(rosbot_interfaces)
[9.718s] Level 1:colcon.colcon_core.environment:checking '/root/ros2_RSSI_Heatmap/install/rosbot_interfaces' for CMake module files
[9.719s] Level 1:colcon.colcon_core.environment:checking '/root/ros2_RSSI_Heatmap/install/rosbot_interfaces' for CMake config files
[9.719s] Level 1:colcon.colcon_core.shell:create_environment_hook('rosbot_interfaces', 'cmake_prefix_path')
[9.720s] INFO:colcon.colcon_core.shell:Creating environment hook '/root/ros2_RSSI_Heatmap/install/rosbot_interfaces/share/rosbot_interfaces/hook/cmake_prefix_path.ps1'
[9.721s] INFO:colcon.colcon_core.shell:Creating environment descriptor '/root/ros2_RSSI_Heatmap/install/rosbot_interfaces/share/rosbot_interfaces/hook/cmake_prefix_path.dsv'
[9.721s] INFO:colcon.colcon_core.shell:Creating environment hook '/root/ros2_RSSI_Heatmap/install/rosbot_interfaces/share/rosbot_interfaces/hook/cmake_prefix_path.sh'
[9.722s] Level 1:colcon.colcon_core.environment:checking '/root/ros2_RSSI_Heatmap/install/rosbot_interfaces/lib'
[9.722s] Level 1:colcon.colcon_core.shell:create_environment_hook('rosbot_interfaces', 'ld_library_path_lib')
[9.723s] INFO:colcon.colcon_core.shell:Creating environment hook '/root/ros2_RSSI_Heatmap/install/rosbot_interfaces/share/rosbot_interfaces/hook/ld_library_path_lib.ps1'
[9.723s] INFO:colcon.colcon_core.shell:Creating environment descriptor '/root/ros2_RSSI_Heatmap/install/rosbot_interfaces/share/rosbot_interfaces/hook/ld_library_path_lib.dsv'
[9.723s] INFO:colcon.colcon_core.shell:Creating environment hook '/root/ros2_RSSI_Heatmap/install/rosbot_interfaces/share/rosbot_interfaces/hook/ld_library_path_lib.sh'
[9.723s] Level 1:colcon.colcon_core.environment:checking '/root/ros2_RSSI_Heatmap/install/rosbot_interfaces/bin'
[9.723s] Level 1:colcon.colcon_core.environment:checking '/root/ros2_RSSI_Heatmap/install/rosbot_interfaces/lib/pkgconfig/rosbot_interfaces.pc'
[9.723s] Level 1:colcon.colcon_core.environment:checking '/root/ros2_RSSI_Heatmap/install/rosbot_interfaces/lib/python3.12/site-packages'
[9.723s] Level 1:colcon.colcon_core.shell:create_environment_hook('rosbot_interfaces', 'pythonpath')
[9.723s] INFO:colcon.colcon_core.shell:Creating environment hook '/root/ros2_RSSI_Heatmap/install/rosbot_interfaces/share/rosbot_interfaces/hook/pythonpath.ps1'
[9.724s] INFO:colcon.colcon_core.shell:Creating environment descriptor '/root/ros2_RSSI_Heatmap/install/rosbot_interfaces/share/rosbot_interfaces/hook/pythonpath.dsv'
[9.724s] INFO:colcon.colcon_core.shell:Creating environment hook '/root/ros2_RSSI_Heatmap/install/rosbot_interfaces/share/rosbot_interfaces/hook/pythonpath.sh'
[9.724s] Level 1:colcon.colcon_core.environment:checking '/root/ros2_RSSI_Heatmap/install/rosbot_interfaces/bin'
[9.724s] INFO:colcon.colcon_core.shell:Creating package script '/root/ros2_RSSI_Heatmap/install/rosbot_interfaces/share/rosbot_interfaces/package.ps1'
[9.725s] INFO:colcon.colcon_core.shell:Creating package descriptor '/root/ros2_RSSI_Heatmap/install/rosbot_interfaces/share/rosbot_interfaces/package.dsv'
[9.725s] INFO:colcon.colcon_core.shell:Creating package script '/root/ros2_RSSI_Heatmap/install/rosbot_interfaces/share/rosbot_interfaces/package.sh'
[9.725s] INFO:colcon.colcon_core.shell:Creating package script '/root/ros2_RSSI_Heatmap/install/rosbot_interfaces/share/rosbot_interfaces/package.bash'
[9.725s] INFO:colcon.colcon_core.shell:Creating package script '/root/ros2_RSSI_Heatmap/install/rosbot_interfaces/share/rosbot_interfaces/package.zsh'
[9.725s] Level 1:colcon.colcon_core.environment:create_file_with_runtime_dependencies(/root/ros2_RSSI_Heatmap/install/rosbot_interfaces/share/colcon-core/packages/rosbot_interfaces)
[9.726s] INFO:colcon.colcon_ros.task.ament_cmake.build:Building ROS package in '/root/ros2_RSSI_Heatmap/src/nav2_read_rssi_at_waypoint_plugin' with build type 'ament_cmake'
[9.726s] INFO:colcon.colcon_cmake.task.cmake.build:Building CMake package in '/root/ros2_RSSI_Heatmap/src/nav2_read_rssi_at_waypoint_plugin'
[9.726s] INFO:colcon.colcon_core.shell:Skip shell extension 'powershell' for command environment: Not usable outside of PowerShell
[9.726s] DEBUG:colcon.colcon_core.shell:Skip shell extension 'dsv' for command environment
[9.731s] INFO:colcon.colcon_ros.task.ament_python.build:Building ROS package in '/root/ros2_RSSI_Heatmap/src/rssi_heatmap_generator_package' with build type 'ament_python'
[9.731s] Level 1:colcon.colcon_core.shell:create_environment_hook('rssi_heatmap_generator_package', 'ament_prefix_path')
[9.731s] INFO:colcon.colcon_core.shell:Creating environment hook '/root/ros2_RSSI_Heatmap/install/rssi_heatmap_generator_package/share/rssi_heatmap_generator_package/hook/ament_prefix_path.ps1'
[9.732s] INFO:colcon.colcon_core.shell:Creating environment descriptor '/root/ros2_RSSI_Heatmap/install/rssi_heatmap_generator_package/share/rssi_heatmap_generator_package/hook/ament_prefix_path.dsv'
[9.732s] INFO:colcon.colcon_core.shell:Creating environment hook '/root/ros2_RSSI_Heatmap/install/rssi_heatmap_generator_package/share/rssi_heatmap_generator_package/hook/ament_prefix_path.sh'
[9.732s] INFO:colcon.colcon_core.shell:Skip shell extension 'powershell' for command environment: Not usable outside of PowerShell
[9.732s] DEBUG:colcon.colcon_core.shell:Skip shell extension 'dsv' for command environment
[9.740s] DEBUG:colcon.colcon_core.event_handler.log_command:Invoking command in '/root/ros2_RSSI_Heatmap/build/nav2_read_rssi_at_waypoint': AMENT_PREFIX_PATH=/root/ros2_RSSI_Heatmap/install/rosbot_interfaces:${AMENT_PREFIX_PATH} CMAKE_PREFIX_PATH=/root/ros2_RSSI_Heatmap/install/rosbot_interfaces:/root/turtlebot3_ws/install/turtlebot3:/root/turtlebot3_ws/install/turtlebot3_simulations:/root/turtlebot3_ws/install/turtlebot3_bringup:/root/turtlebot3_ws/install/turtlebot3_node:/root/turtlebot3_ws/install/turtlebot3_navigation2:/root/turtlebot3_ws/install/turtlebot3_gazebo:/root/turtlebot3_ws/install/turtlebot3_fake_node:/root/turtlebot3_ws/install/turtlebot3_description:/root/turtlebot3_ws/install/turtlebot3_cartographer:/opt/ros/jazzy/opt/gz_sim_vendor:/opt/ros/jazzy/opt/gz_sensors_vendor:/opt/ros/jazzy/opt/gz_physics_vendor:/opt/ros/jazzy/opt/sdformat_vendor:/opt/ros/jazzy/opt/gz_gui_vendor:/opt/ros/jazzy/opt/gz_transport_vendor:/opt/ros/jazzy/opt/gz_rendering_vendor:/opt/ros/jazzy/opt/gz_plugin_vendor:/opt/ros/jazzy/opt/gz_fuel_tools_vendor:/opt/ros/jazzy/opt/gz_msgs_vendor:/opt/ros/jazzy/opt/gz_common_vendor:/opt/ros/jazzy/opt/gz_math_vendor:/opt/ros/jazzy/opt/gz_utils_vendor:/opt/ros/jazzy/opt/gz_tools_vendor:/opt/ros/jazzy/opt/gz_ogre_next_vendor:/opt/ros/jazzy/opt/gz_dartsim_vendor:/opt/ros/jazzy/opt/gz_cmake_vendor:/root/turtlebot3_ws/install/turtlebot3_teleop:/root/turtlebot3_ws/install/turtlebot3_example:/opt/ros/jazzy LD_LIBRARY_PATH=/root/ros2_RSSI_Heatmap/install/rosbot_interfaces/lib:${LD_LIBRARY_PATH} PYTHONPATH=/root/ros2_RSSI_Heatmap/install/rosbot_interfaces/lib/python3.12/site-packages:${PYTHONPATH} /usr/bin/cmake /root/ros2_RSSI_Heatmap/src/nav2_read_rssi_at_waypoint_plugin -DCMAKE_INSTALL_PREFIX=/root/ros2_RSSI_Heatmap/install/nav2_read_rssi_at_waypoint
[9.899s] INFO:colcon.colcon_core.task.python.build:Building Python package in '/root/ros2_RSSI_Heatmap/src/rssi_heatmap_generator_package'
[9.900s] INFO:colcon.colcon_core.shell:Skip shell extension 'powershell' for command environment: Not usable outside of PowerShell
[9.900s] DEBUG:colcon.colcon_core.shell:Skip shell extension 'dsv' for command environment
[10.277s] DEBUG:colcon.colcon_core.task.python.build:Available setuptools commands: saveopts, check, bdist_egg, register, install_scripts, build_py, install, build_scripts, rotate, bdist_rpm, egg_info, test, bdist_dumb, develop, install_headers, clean, build_clib, build_ext, setopt, build, install_egg_info, upload_docs, symlink_data, dist_info, install_lib, alias, easy_install, editable_wheel, install_data, sdist, bdist, upload
[10.281s] DEBUG:colcon.colcon_core.event_handler.log_command:Invoking command in '/root/ros2_RSSI_Heatmap/src/rssi_heatmap_generator_package': AMENT_PREFIX_PATH=/root/ros2_RSSI_Heatmap/install/rosbot_interfaces:${AMENT_PREFIX_PATH} CMAKE_PREFIX_PATH=/root/ros2_RSSI_Heatmap/install/rosbot_interfaces:${CMAKE_PREFIX_PATH} LD_LIBRARY_PATH=/root/ros2_RSSI_Heatmap/install/rosbot_interfaces/lib:${LD_LIBRARY_PATH} PYTHONPATH=/root/ros2_RSSI_Heatmap/build/rssi_heatmap_generator_package/prefix_override:/usr/lib/python3/dist-packages/colcon_core/task/python/colcon_distutils_commands:/root/ros2_RSSI_Heatmap/install/rssi_heatmap_generator_package/lib/python3.12/site-packages:/root/ros2_RSSI_Heatmap/install/rosbot_interfaces/lib/python3.12/site-packages:${PYTHONPATH} /usr/bin/python3 -W ignore:setup.py install is deprecated -W ignore:easy_install command is deprecated setup.py egg_info --egg-base ../../build/rssi_heatmap_generator_package build --build-base /root/ros2_RSSI_Heatmap/build/rssi_heatmap_generator_package/build install --record /root/ros2_RSSI_Heatmap/build/rssi_heatmap_generator_package/install.log --install-scripts $base/lib/rssi_heatmap_generator_package --single-version-externally-managed install_data
[10.629s] Level 1:colcon.colcon_core.environment:checking '/root/ros2_RSSI_Heatmap/install/rssi_heatmap_generator_package' for CMake module files
[10.629s] Level 1:colcon.colcon_core.environment:checking '/root/ros2_RSSI_Heatmap/install/rssi_heatmap_generator_package' for CMake config files
[10.630s] Level 1:colcon.colcon_core.environment:checking '/root/ros2_RSSI_Heatmap/install/rssi_heatmap_generator_package/lib'
[10.630s] Level 1:colcon.colcon_core.environment:checking '/root/ros2_RSSI_Heatmap/install/rssi_heatmap_generator_package/bin'
[10.630s] Level 1:colcon.colcon_core.environment:checking '/root/ros2_RSSI_Heatmap/install/rssi_heatmap_generator_package/lib/pkgconfig/rssi_heatmap_generator_package.pc'
[10.630s] Level 1:colcon.colcon_core.environment:checking '/root/ros2_RSSI_Heatmap/install/rssi_heatmap_generator_package/lib/python3.12/site-packages'
[10.630s] Level 1:colcon.colcon_core.shell:create_environment_hook('rssi_heatmap_generator_package', 'pythonpath')
[10.630s] INFO:colcon.colcon_core.shell:Creating environment hook '/root/ros2_RSSI_Heatmap/install/rssi_heatmap_generator_package/share/rssi_heatmap_generator_package/hook/pythonpath.ps1'
[10.631s] INFO:colcon.colcon_core.shell:Creating environment descriptor '/root/ros2_RSSI_Heatmap/install/rssi_heatmap_generator_package/share/rssi_heatmap_generator_package/hook/pythonpath.dsv'
[10.631s] INFO:colcon.colcon_core.shell:Creating environment hook '/root/ros2_RSSI_Heatmap/install/rssi_heatmap_generator_package/share/rssi_heatmap_generator_package/hook/pythonpath.sh'
[10.631s] Level 1:colcon.colcon_core.environment:checking '/root/ros2_RSSI_Heatmap/install/rssi_heatmap_generator_package/bin'
[10.631s] Level 1:colcon.colcon_core.environment:create_environment_scripts_only(rssi_heatmap_generator_package)
[10.631s] INFO:colcon.colcon_core.shell:Creating package script '/root/ros2_RSSI_Heatmap/install/rssi_heatmap_generator_package/share/rssi_heatmap_generator_package/package.ps1'
[10.632s] DEBUG:colcon.colcon_core.event_handler.log_command:Invoked command in '/root/ros2_RSSI_Heatmap/src/rssi_heatmap_generator_package' returned '0': AMENT_PREFIX_PATH=/root/ros2_RSSI_Heatmap/install/rosbot_interfaces:${AMENT_PREFIX_PATH} CMAKE_PREFIX_PATH=/root/ros2_RSSI_Heatmap/install/rosbot_interfaces:${CMAKE_PREFIX_PATH} LD_LIBRARY_PATH=/root/ros2_RSSI_Heatmap/install/rosbot_interfaces/lib:${LD_LIBRARY_PATH} PYTHONPATH=/root/ros2_RSSI_Heatmap/build/rssi_heatmap_generator_package/prefix_override:/usr/lib/python3/dist-packages/colcon_core/task/python/colcon_distutils_commands:/root/ros2_RSSI_Heatmap/install/rssi_heatmap_generator_package/lib/python3.12/site-packages:/root/ros2_RSSI_Heatmap/install/rosbot_interfaces/lib/python3.12/site-packages:${PYTHONPATH} /usr/bin/python3 -W ignore:setup.py install is deprecated -W ignore:easy_install command is deprecated setup.py egg_info --egg-base ../../build/rssi_heatmap_generator_package build --build-base /root/ros2_RSSI_Heatmap/build/rssi_heatmap_generator_package/build install --record /root/ros2_RSSI_Heatmap/build/rssi_heatmap_generator_package/install.log --install-scripts $base/lib/rssi_heatmap_generator_package --single-version-externally-managed install_data
[10.632s] INFO:colcon.colcon_core.shell:Creating package descriptor '/root/ros2_RSSI_Heatmap/install/rssi_heatmap_generator_package/share/rssi_heatmap_generator_package/package.dsv'
[10.632s] INFO:colcon.colcon_core.shell:Creating package script '/root/ros2_RSSI_Heatmap/install/rssi_heatmap_generator_package/share/rssi_heatmap_generator_package/package.sh'
[10.633s] INFO:colcon.colcon_core.shell:Creating package script '/root/ros2_RSSI_Heatmap/install/rssi_heatmap_generator_package/share/rssi_heatmap_generator_package/package.bash'
[10.633s] INFO:colcon.colcon_core.shell:Creating package script '/root/ros2_RSSI_Heatmap/install/rssi_heatmap_generator_package/share/rssi_heatmap_generator_package/package.zsh'
[10.634s] Level 1:colcon.colcon_core.environment:create_file_with_runtime_dependencies(/root/ros2_RSSI_Heatmap/install/rssi_heatmap_generator_package/share/colcon-core/packages/rssi_heatmap_generator_package)
[11.847s] DEBUG:colcon.colcon_core.event_handler.log_command:Invoked command in '/root/ros2_RSSI_Heatmap/build/nav2_read_rssi_at_waypoint' returned '0': AMENT_PREFIX_PATH=/root/ros2_RSSI_Heatmap/install/rosbot_interfaces:${AMENT_PREFIX_PATH} CMAKE_PREFIX_PATH=/root/ros2_RSSI_Heatmap/install/rosbot_interfaces:/root/turtlebot3_ws/install/turtlebot3:/root/turtlebot3_ws/install/turtlebot3_simulations:/root/turtlebot3_ws/install/turtlebot3_bringup:/root/turtlebot3_ws/install/turtlebot3_node:/root/turtlebot3_ws/install/turtlebot3_navigation2:/root/turtlebot3_ws/install/turtlebot3_gazebo:/root/turtlebot3_ws/install/turtlebot3_fake_node:/root/turtlebot3_ws/install/turtlebot3_description:/root/turtlebot3_ws/install/turtlebot3_cartographer:/opt/ros/jazzy/opt/gz_sim_vendor:/opt/ros/jazzy/opt/gz_sensors_vendor:/opt/ros/jazzy/opt/gz_physics_vendor:/opt/ros/jazzy/opt/sdformat_vendor:/opt/ros/jazzy/opt/gz_gui_vendor:/opt/ros/jazzy/opt/gz_transport_vendor:/opt/ros/jazzy/opt/gz_rendering_vendor:/opt/ros/jazzy/opt/gz_plugin_vendor:/opt/ros/jazzy/opt/gz_fuel_tools_vendor:/opt/ros/jazzy/opt/gz_msgs_vendor:/opt/ros/jazzy/opt/gz_common_vendor:/opt/ros/jazzy/opt/gz_math_vendor:/opt/ros/jazzy/opt/gz_utils_vendor:/opt/ros/jazzy/opt/gz_tools_vendor:/opt/ros/jazzy/opt/gz_ogre_next_vendor:/opt/ros/jazzy/opt/gz_dartsim_vendor:/opt/ros/jazzy/opt/gz_cmake_vendor:/root/turtlebot3_ws/install/turtlebot3_teleop:/root/turtlebot3_ws/install/turtlebot3_example:/opt/ros/jazzy LD_LIBRARY_PATH=/root/ros2_RSSI_Heatmap/install/rosbot_interfaces/lib:${LD_LIBRARY_PATH} PYTHONPATH=/root/ros2_RSSI_Heatmap/install/rosbot_interfaces/lib/python3.12/site-packages:${PYTHONPATH} /usr/bin/cmake /root/ros2_RSSI_Heatmap/src/nav2_read_rssi_at_waypoint_plugin -DCMAKE_INSTALL_PREFIX=/root/ros2_RSSI_Heatmap/install/nav2_read_rssi_at_waypoint
[11.849s] DEBUG:colcon.colcon_core.event_handler.log_command:Invoking command in '/root/ros2_RSSI_Heatmap/build/nav2_read_rssi_at_waypoint': AMENT_PREFIX_PATH=/root/ros2_RSSI_Heatmap/install/rosbot_interfaces:${AMENT_PREFIX_PATH} CMAKE_PREFIX_PATH=/root/ros2_RSSI_Heatmap/install/rosbot_interfaces:/root/turtlebot3_ws/install/turtlebot3:/root/turtlebot3_ws/install/turtlebot3_simulations:/root/turtlebot3_ws/install/turtlebot3_bringup:/root/turtlebot3_ws/install/turtlebot3_node:/root/turtlebot3_ws/install/turtlebot3_navigation2:/root/turtlebot3_ws/install/turtlebot3_gazebo:/root/turtlebot3_ws/install/turtlebot3_fake_node:/root/turtlebot3_ws/install/turtlebot3_description:/root/turtlebot3_ws/install/turtlebot3_cartographer:/opt/ros/jazzy/opt/gz_sim_vendor:/opt/ros/jazzy/opt/gz_sensors_vendor:/opt/ros/jazzy/opt/gz_physics_vendor:/opt/ros/jazzy/opt/sdformat_vendor:/opt/ros/jazzy/opt/gz_gui_vendor:/opt/ros/jazzy/opt/gz_transport_vendor:/opt/ros/jazzy/opt/gz_rendering_vendor:/opt/ros/jazzy/opt/gz_plugin_vendor:/opt/ros/jazzy/opt/gz_fuel_tools_vendor:/opt/ros/jazzy/opt/gz_msgs_vendor:/opt/ros/jazzy/opt/gz_common_vendor:/opt/ros/jazzy/opt/gz_math_vendor:/opt/ros/jazzy/opt/gz_utils_vendor:/opt/ros/jazzy/opt/gz_tools_vendor:/opt/ros/jazzy/opt/gz_ogre_next_vendor:/opt/ros/jazzy/opt/gz_dartsim_vendor:/opt/ros/jazzy/opt/gz_cmake_vendor:/root/turtlebot3_ws/install/turtlebot3_teleop:/root/turtlebot3_ws/install/turtlebot3_example:/opt/ros/jazzy LD_LIBRARY_PATH=/root/ros2_RSSI_Heatmap/install/rosbot_interfaces/lib:${LD_LIBRARY_PATH} PYTHONPATH=/root/ros2_RSSI_Heatmap/install/rosbot_interfaces/lib/python3.12/site-packages:${PYTHONPATH} /usr/bin/cmake --build /root/ros2_RSSI_Heatmap/build/nav2_read_rssi_at_waypoint -- -j16 -l16
[17.206s] DEBUG:colcon.colcon_core.event_handler.log_command:Invoked command in '/root/ros2_RSSI_Heatmap/build/nav2_read_rssi_at_waypoint' returned '0': AMENT_PREFIX_PATH=/root/ros2_RSSI_Heatmap/install/rosbot_interfaces:${AMENT_PREFIX_PATH} CMAKE_PREFIX_PATH=/root/ros2_RSSI_Heatmap/install/rosbot_interfaces:/root/turtlebot3_ws/install/turtlebot3:/root/turtlebot3_ws/install/turtlebot3_simulations:/root/turtlebot3_ws/install/turtlebot3_bringup:/root/turtlebot3_ws/install/turtlebot3_node:/root/turtlebot3_ws/install/turtlebot3_navigation2:/root/turtlebot3_ws/install/turtlebot3_gazebo:/root/turtlebot3_ws/install/turtlebot3_fake_node:/root/turtlebot3_ws/install/turtlebot3_description:/root/turtlebot3_ws/install/turtlebot3_cartographer:/opt/ros/jazzy/opt/gz_sim_vendor:/opt/ros/jazzy/opt/gz_sensors_vendor:/opt/ros/jazzy/opt/gz_physics_vendor:/opt/ros/jazzy/opt/sdformat_vendor:/opt/ros/jazzy/opt/gz_gui_vendor:/opt/ros/jazzy/opt/gz_transport_vendor:/opt/ros/jazzy/opt/gz_rendering_vendor:/opt/ros/jazzy/opt/gz_plugin_vendor:/opt/ros/jazzy/opt/gz_fuel_tools_vendor:/opt/ros/jazzy/opt/gz_msgs_vendor:/opt/ros/jazzy/opt/gz_common_vendor:/opt/ros/jazzy/opt/gz_math_vendor:/opt/ros/jazzy/opt/gz_utils_vendor:/opt/ros/jazzy/opt/gz_tools_vendor:/opt/ros/jazzy/opt/gz_ogre_next_vendor:/opt/ros/jazzy/opt/gz_dartsim_vendor:/opt/ros/jazzy/opt/gz_cmake_vendor:/root/turtlebot3_ws/install/turtlebot3_teleop:/root/turtlebot3_ws/install/turtlebot3_example:/opt/ros/jazzy LD_LIBRARY_PATH=/root/ros2_RSSI_Heatmap/install/rosbot_interfaces/lib:${LD_LIBRARY_PATH} PYTHONPATH=/root/ros2_RSSI_Heatmap/install/rosbot_interfaces/lib/python3.12/site-packages:${PYTHONPATH} /usr/bin/cmake --build /root/ros2_RSSI_Heatmap/build/nav2_read_rssi_at_waypoint -- -j16 -l16
[17.207s] DEBUG:colcon.colcon_core.event_handler.log_command:Invoking command in '/root/ros2_RSSI_Heatmap/build/nav2_read_rssi_at_waypoint': AMENT_PREFIX_PATH=/root/ros2_RSSI_Heatmap/install/rosbot_interfaces:${AMENT_PREFIX_PATH} CMAKE_PREFIX_PATH=/root/ros2_RSSI_Heatmap/install/rosbot_interfaces:/root/turtlebot3_ws/install/turtlebot3:/root/turtlebot3_ws/install/turtlebot3_simulations:/root/turtlebot3_ws/install/turtlebot3_bringup:/root/turtlebot3_ws/install/turtlebot3_node:/root/turtlebot3_ws/install/turtlebot3_navigation2:/root/turtlebot3_ws/install/turtlebot3_gazebo:/root/turtlebot3_ws/install/turtlebot3_fake_node:/root/turtlebot3_ws/install/turtlebot3_description:/root/turtlebot3_ws/install/turtlebot3_cartographer:/opt/ros/jazzy/opt/gz_sim_vendor:/opt/ros/jazzy/opt/gz_sensors_vendor:/opt/ros/jazzy/opt/gz_physics_vendor:/opt/ros/jazzy/opt/sdformat_vendor:/opt/ros/jazzy/opt/gz_gui_vendor:/opt/ros/jazzy/opt/gz_transport_vendor:/opt/ros/jazzy/opt/gz_rendering_vendor:/opt/ros/jazzy/opt/gz_plugin_vendor:/opt/ros/jazzy/opt/gz_fuel_tools_vendor:/opt/ros/jazzy/opt/gz_msgs_vendor:/opt/ros/jazzy/opt/gz_common_vendor:/opt/ros/jazzy/opt/gz_math_vendor:/opt/ros/jazzy/opt/gz_utils_vendor:/opt/ros/jazzy/opt/gz_tools_vendor:/opt/ros/jazzy/opt/gz_ogre_next_vendor:/opt/ros/jazzy/opt/gz_dartsim_vendor:/opt/ros/jazzy/opt/gz_cmake_vendor:/root/turtlebot3_ws/install/turtlebot3_teleop:/root/turtlebot3_ws/install/turtlebot3_example:/opt/ros/jazzy LD_LIBRARY_PATH=/root/ros2_RSSI_Heatmap/install/rosbot_interfaces/lib:${LD_LIBRARY_PATH} PYTHONPATH=/root/ros2_RSSI_Heatmap/install/rosbot_interfaces/lib/python3.12/site-packages:${PYTHONPATH} /usr/bin/cmake --install /root/ros2_RSSI_Heatmap/build/nav2_read_rssi_at_waypoint
[17.222s] Level 1:colcon.colcon_core.environment:create_environment_scripts_only(nav2_read_rssi_at_waypoint)
[17.222s] Level 1:colcon.colcon_core.environment:checking '/root/ros2_RSSI_Heatmap/install/nav2_read_rssi_at_waypoint' for CMake module files
[17.223s] Level 1:colcon.colcon_core.environment:checking '/root/ros2_RSSI_Heatmap/install/nav2_read_rssi_at_waypoint' for CMake config files
[17.223s] DEBUG:colcon.colcon_core.event_handler.log_command:Invoked command in '/root/ros2_RSSI_Heatmap/build/nav2_read_rssi_at_waypoint' returned '0': AMENT_PREFIX_PATH=/root/ros2_RSSI_Heatmap/install/rosbot_interfaces:${AMENT_PREFIX_PATH} CMAKE_PREFIX_PATH=/root/ros2_RSSI_Heatmap/install/rosbot_interfaces:/root/turtlebot3_ws/install/turtlebot3:/root/turtlebot3_ws/install/turtlebot3_simulations:/root/turtlebot3_ws/install/turtlebot3_bringup:/root/turtlebot3_ws/install/turtlebot3_node:/root/turtlebot3_ws/install/turtlebot3_navigation2:/root/turtlebot3_ws/install/turtlebot3_gazebo:/root/turtlebot3_ws/install/turtlebot3_fake_node:/root/turtlebot3_ws/install/turtlebot3_description:/root/turtlebot3_ws/install/turtlebot3_cartographer:/opt/ros/jazzy/opt/gz_sim_vendor:/opt/ros/jazzy/opt/gz_sensors_vendor:/opt/ros/jazzy/opt/gz_physics_vendor:/opt/ros/jazzy/opt/sdformat_vendor:/opt/ros/jazzy/opt/gz_gui_vendor:/opt/ros/jazzy/opt/gz_transport_vendor:/opt/ros/jazzy/opt/gz_rendering_vendor:/opt/ros/jazzy/opt/gz_plugin_vendor:/opt/ros/jazzy/opt/gz_fuel_tools_vendor:/opt/ros/jazzy/opt/gz_msgs_vendor:/opt/ros/jazzy/opt/gz_common_vendor:/opt/ros/jazzy/opt/gz_math_vendor:/opt/ros/jazzy/opt/gz_utils_vendor:/opt/ros/jazzy/opt/gz_tools_vendor:/opt/ros/jazzy/opt/gz_ogre_next_vendor:/opt/ros/jazzy/opt/gz_dartsim_vendor:/opt/ros/jazzy/opt/gz_cmake_vendor:/root/turtlebot3_ws/install/turtlebot3_teleop:/root/turtlebot3_ws/install/turtlebot3_example:/opt/ros/jazzy LD_LIBRARY_PATH=/root/ros2_RSSI_Heatmap/install/rosbot_interfaces/lib:${LD_LIBRARY_PATH} PYTHONPATH=/root/ros2_RSSI_Heatmap/install/rosbot_interfaces/lib/python3.12/site-packages:${PYTHONPATH} /usr/bin/cmake --install /root/ros2_RSSI_Heatmap/build/nav2_read_rssi_at_waypoint
[17.223s] Level 1:colcon.colcon_core.shell:create_environment_hook('nav2_read_rssi_at_waypoint', 'cmake_prefix_path')
[17.224s] INFO:colcon.colcon_core.shell:Creating environment hook '/root/ros2_RSSI_Heatmap/install/nav2_read_rssi_at_waypoint/share/nav2_read_rssi_at_waypoint/hook/cmake_prefix_path.ps1'
[17.226s] INFO:colcon.colcon_core.shell:Creating environment descriptor '/root/ros2_RSSI_Heatmap/install/nav2_read_rssi_at_waypoint/share/nav2_read_rssi_at_waypoint/hook/cmake_prefix_path.dsv'
[17.227s] INFO:colcon.colcon_core.shell:Creating environment hook '/root/ros2_RSSI_Heatmap/install/nav2_read_rssi_at_waypoint/share/nav2_read_rssi_at_waypoint/hook/cmake_prefix_path.sh'
[17.227s] Level 1:colcon.colcon_core.environment:checking '/root/ros2_RSSI_Heatmap/install/nav2_read_rssi_at_waypoint/lib'
[17.228s] Level 1:colcon.colcon_core.shell:create_environment_hook('nav2_read_rssi_at_waypoint', 'ld_library_path_lib')
[17.228s] INFO:colcon.colcon_core.shell:Creating environment hook '/root/ros2_RSSI_Heatmap/install/nav2_read_rssi_at_waypoint/share/nav2_read_rssi_at_waypoint/hook/ld_library_path_lib.ps1'
[17.228s] INFO:colcon.colcon_core.shell:Creating environment descriptor '/root/ros2_RSSI_Heatmap/install/nav2_read_rssi_at_waypoint/share/nav2_read_rssi_at_waypoint/hook/ld_library_path_lib.dsv'
[17.228s] INFO:colcon.colcon_core.shell:Creating environment hook '/root/ros2_RSSI_Heatmap/install/nav2_read_rssi_at_waypoint/share/nav2_read_rssi_at_waypoint/hook/ld_library_path_lib.sh'
[17.229s] Level 1:colcon.colcon_core.environment:checking '/root/ros2_RSSI_Heatmap/install/nav2_read_rssi_at_waypoint/bin'
[17.229s] Level 1:colcon.colcon_core.environment:checking '/root/ros2_RSSI_Heatmap/install/nav2_read_rssi_at_waypoint/lib/pkgconfig/nav2_read_rssi_at_waypoint.pc'
[17.229s] Level 1:colcon.colcon_core.environment:checking '/root/ros2_RSSI_Heatmap/install/nav2_read_rssi_at_waypoint/lib/python3.12/site-packages'
[17.229s] Level 1:colcon.colcon_core.environment:checking '/root/ros2_RSSI_Heatmap/install/nav2_read_rssi_at_waypoint/bin'
[17.229s] INFO:colcon.colcon_core.shell:Creating package script '/root/ros2_RSSI_Heatmap/install/nav2_read_rssi_at_waypoint/share/nav2_read_rssi_at_waypoint/package.ps1'
[17.230s] INFO:colcon.colcon_core.shell:Creating package descriptor '/root/ros2_RSSI_Heatmap/install/nav2_read_rssi_at_waypoint/share/nav2_read_rssi_at_waypoint/package.dsv'
[17.230s] INFO:colcon.colcon_core.shell:Creating package script '/root/ros2_RSSI_Heatmap/install/nav2_read_rssi_at_waypoint/share/nav2_read_rssi_at_waypoint/package.sh'
[17.230s] INFO:colcon.colcon_core.shell:Creating package script '/root/ros2_RSSI_Heatmap/install/nav2_read_rssi_at_waypoint/share/nav2_read_rssi_at_waypoint/package.bash'
[17.231s] INFO:colcon.colcon_core.shell:Creating package script '/root/ros2_RSSI_Heatmap/install/nav2_read_rssi_at_waypoint/share/nav2_read_rssi_at_waypoint/package.zsh'
[17.232s] Level 1:colcon.colcon_core.environment:create_file_with_runtime_dependencies(/root/ros2_RSSI_Heatmap/install/nav2_read_rssi_at_waypoint/share/colcon-core/packages/nav2_read_rssi_at_waypoint)
[17.232s] Level 1:colcon.colcon_core.environment:create_environment_scripts_only(nav2_read_rssi_at_waypoint)
[17.232s] Level 1:colcon.colcon_core.environment:checking '/root/ros2_RSSI_Heatmap/install/nav2_read_rssi_at_waypoint' for CMake module files
[17.234s] Level 1:colcon.colcon_core.environment:checking '/root/ros2_RSSI_Heatmap/install/nav2_read_rssi_at_waypoint' for CMake config files
[17.234s] Level 1:colcon.colcon_core.shell:create_environment_hook('nav2_read_rssi_at_waypoint', 'cmake_prefix_path')
[17.234s] INFO:colcon.colcon_core.shell:Creating environment hook '/root/ros2_RSSI_Heatmap/install/nav2_read_rssi_at_waypoint/share/nav2_read_rssi_at_waypoint/hook/cmake_prefix_path.ps1'
[17.234s] INFO:colcon.colcon_core.shell:Creating environment descriptor '/root/ros2_RSSI_Heatmap/install/nav2_read_rssi_at_waypoint/share/nav2_read_rssi_at_waypoint/hook/cmake_prefix_path.dsv'
[17.234s] INFO:colcon.colcon_core.shell:Creating environment hook '/root/ros2_RSSI_Heatmap/install/nav2_read_rssi_at_waypoint/share/nav2_read_rssi_at_waypoint/hook/cmake_prefix_path.sh'
[17.235s] Level 1:colcon.colcon_core.environment:checking '/root/ros2_RSSI_Heatmap/install/nav2_read_rssi_at_waypoint/lib'
[17.235s] Level 1:colcon.colcon_core.shell:create_environment_hook('nav2_read_rssi_at_waypoint', 'ld_library_path_lib')
[17.235s] INFO:colcon.colcon_core.shell:Creating environment hook '/root/ros2_RSSI_Heatmap/install/nav2_read_rssi_at_waypoint/share/nav2_read_rssi_at_waypoint/hook/ld_library_path_lib.ps1'
[17.235s] INFO:colcon.colcon_core.shell:Creating environment descriptor '/root/ros2_RSSI_Heatmap/install/nav2_read_rssi_at_waypoint/share/nav2_read_rssi_at_waypoint/hook/ld_library_path_lib.dsv'
[17.235s] INFO:colcon.colcon_core.shell:Creating environment hook '/root/ros2_RSSI_Heatmap/install/nav2_read_rssi_at_waypoint/share/nav2_read_rssi_at_waypoint/hook/ld_library_path_lib.sh'
[17.235s] Level 1:colcon.colcon_core.environment:checking '/root/ros2_RSSI_Heatmap/install/nav2_read_rssi_at_waypoint/bin'
[17.235s] Level 1:colcon.colcon_core.environment:checking '/root/ros2_RSSI_Heatmap/install/nav2_read_rssi_at_waypoint/lib/pkgconfig/nav2_read_rssi_at_waypoint.pc'
[17.236s] Level 1:colcon.colcon_core.environment:checking '/root/ros2_RSSI_Heatmap/install/nav2_read_rssi_at_waypoint/lib/python3.12/site-packages'
[17.236s] Level 1:colcon.colcon_core.environment:checking '/root/ros2_RSSI_Heatmap/install/nav2_read_rssi_at_waypoint/bin'
[17.236s] INFO:colcon.colcon_core.shell:Creating package script '/root/ros2_RSSI_Heatmap/install/nav2_read_rssi_at_waypoint/share/nav2_read_rssi_at_waypoint/package.ps1'
[17.236s] INFO:colcon.colcon_core.shell:Creating package descriptor '/root/ros2_RSSI_Heatmap/install/nav2_read_rssi_at_waypoint/share/nav2_read_rssi_at_waypoint/package.dsv'
[17.236s] INFO:colcon.colcon_core.shell:Creating package script '/root/ros2_RSSI_Heatmap/install/nav2_read_rssi_at_waypoint/share/nav2_read_rssi_at_waypoint/package.sh'
[17.237s] INFO:colcon.colcon_core.shell:Creating package script '/root/ros2_RSSI_Heatmap/install/nav2_read_rssi_at_waypoint/share/nav2_read_rssi_at_waypoint/package.bash'
[17.237s] INFO:colcon.colcon_core.shell:Creating package script '/root/ros2_RSSI_Heatmap/install/nav2_read_rssi_at_waypoint/share/nav2_read_rssi_at_waypoint/package.zsh'
[17.237s] Level 1:colcon.colcon_core.environment:create_file_with_runtime_dependencies(/root/ros2_RSSI_Heatmap/install/nav2_read_rssi_at_waypoint/share/colcon-core/packages/nav2_read_rssi_at_waypoint)
[17.237s] INFO:colcon.colcon_ros.task.ament_cmake.build:Building ROS package in '/root/ros2_RSSI_Heatmap/src/mappers_bringup' with build type 'ament_cmake'
[17.237s] INFO:colcon.colcon_cmake.task.cmake.build:Building CMake package in '/root/ros2_RSSI_Heatmap/src/mappers_bringup'
[17.237s] INFO:colcon.colcon_core.shell:Skip shell extension 'powershell' for command environment: Not usable outside of PowerShell
[17.237s] DEBUG:colcon.colcon_core.shell:Skip shell extension 'dsv' for command environment
[17.253s] DEBUG:colcon.colcon_core.event_handler.log_command:Invoking command in '/root/ros2_RSSI_Heatmap/build/mappers_bringup': AMENT_PREFIX_PATH=/root/ros2_RSSI_Heatmap/install/rssi_heatmap_generator_package:/root/ros2_RSSI_Heatmap/install/nav2_read_rssi_at_waypoint:/root/ros2_RSSI_Heatmap/install/waypoint_publisher_package:/root/ros2_RSSI_Heatmap/install/rosbot_interfaces:${AMENT_PREFIX_PATH} CMAKE_PREFIX_PATH=/root/ros2_RSSI_Heatmap/install/nav2_read_rssi_at_waypoint:/root/ros2_RSSI_Heatmap/install/rosbot_interfaces:/root/turtlebot3_ws/install/turtlebot3:/root/turtlebot3_ws/install/turtlebot3_simulations:/root/turtlebot3_ws/install/turtlebot3_bringup:/root/turtlebot3_ws/install/turtlebot3_node:/root/turtlebot3_ws/install/turtlebot3_navigation2:/root/turtlebot3_ws/install/turtlebot3_gazebo:/root/turtlebot3_ws/install/turtlebot3_fake_node:/root/turtlebot3_ws/install/turtlebot3_description:/root/turtlebot3_ws/install/turtlebot3_cartographer:/opt/ros/jazzy/opt/gz_sim_vendor:/opt/ros/jazzy/opt/gz_sensors_vendor:/opt/ros/jazzy/opt/gz_physics_vendor:/opt/ros/jazzy/opt/sdformat_vendor:/opt/ros/jazzy/opt/gz_gui_vendor:/opt/ros/jazzy/opt/gz_transport_vendor:/opt/ros/jazzy/opt/gz_rendering_vendor:/opt/ros/jazzy/opt/gz_plugin_vendor:/opt/ros/jazzy/opt/gz_fuel_tools_vendor:/opt/ros/jazzy/opt/gz_msgs_vendor:/opt/ros/jazzy/opt/gz_common_vendor:/opt/ros/jazzy/opt/gz_math_vendor:/opt/ros/jazzy/opt/gz_utils_vendor:/opt/ros/jazzy/opt/gz_tools_vendor:/opt/ros/jazzy/opt/gz_ogre_next_vendor:/opt/ros/jazzy/opt/gz_dartsim_vendor:/opt/ros/jazzy/opt/gz_cmake_vendor:/root/turtlebot3_ws/install/turtlebot3_teleop:/root/turtlebot3_ws/install/turtlebot3_example:/opt/ros/jazzy LD_LIBRARY_PATH=/root/ros2_RSSI_Heatmap/install/nav2_read_rssi_at_waypoint/lib:/root/ros2_RSSI_Heatmap/install/rosbot_interfaces/lib:${LD_LIBRARY_PATH} PYTHONPATH=/root/ros2_RSSI_Heatmap/install/rssi_heatmap_generator_package/lib/python3.12/site-packages:/root/ros2_RSSI_Heatmap/install/waypoint_publisher_package/lib/python3.12/site-packages:/root/ros2_RSSI_Heatmap/install/rosbot_interfaces/lib/python3.12/site-packages:${PYTHONPATH} /usr/bin/cmake /root/ros2_RSSI_Heatmap/src/mappers_bringup -DCMAKE_INSTALL_PREFIX=/root/ros2_RSSI_Heatmap/install/mappers_bringup
[18.013s] DEBUG:colcon.colcon_core.event_handler.log_command:Invoked command in '/root/ros2_RSSI_Heatmap/build/mappers_bringup' returned '0': AMENT_PREFIX_PATH=/root/ros2_RSSI_Heatmap/install/rssi_heatmap_generator_package:/root/ros2_RSSI_Heatmap/install/nav2_read_rssi_at_waypoint:/root/ros2_RSSI_Heatmap/install/waypoint_publisher_package:/root/ros2_RSSI_Heatmap/install/rosbot_interfaces:${AMENT_PREFIX_PATH} CMAKE_PREFIX_PATH=/root/ros2_RSSI_Heatmap/install/nav2_read_rssi_at_waypoint:/root/ros2_RSSI_Heatmap/install/rosbot_interfaces:/root/turtlebot3_ws/install/turtlebot3:/root/turtlebot3_ws/install/turtlebot3_simulations:/root/turtlebot3_ws/install/turtlebot3_bringup:/root/turtlebot3_ws/install/turtlebot3_node:/root/turtlebot3_ws/install/turtlebot3_navigation2:/root/turtlebot3_ws/install/turtlebot3_gazebo:/root/turtlebot3_ws/install/turtlebot3_fake_node:/root/turtlebot3_ws/install/turtlebot3_description:/root/turtlebot3_ws/install/turtlebot3_cartographer:/opt/ros/jazzy/opt/gz_sim_vendor:/opt/ros/jazzy/opt/gz_sensors_vendor:/opt/ros/jazzy/opt/gz_physics_vendor:/opt/ros/jazzy/opt/sdformat_vendor:/opt/ros/jazzy/opt/gz_gui_vendor:/opt/ros/jazzy/opt/gz_transport_vendor:/opt/ros/jazzy/opt/gz_rendering_vendor:/opt/ros/jazzy/opt/gz_plugin_vendor:/opt/ros/jazzy/opt/gz_fuel_tools_vendor:/opt/ros/jazzy/opt/gz_msgs_vendor:/opt/ros/jazzy/opt/gz_common_vendor:/opt/ros/jazzy/opt/gz_math_vendor:/opt/ros/jazzy/opt/gz_utils_vendor:/opt/ros/jazzy/opt/gz_tools_vendor:/opt/ros/jazzy/opt/gz_ogre_next_vendor:/opt/ros/jazzy/opt/gz_dartsim_vendor:/opt/ros/jazzy/opt/gz_cmake_vendor:/root/turtlebot3_ws/install/turtlebot3_teleop:/root/turtlebot3_ws/install/turtlebot3_example:/opt/ros/jazzy LD_LIBRARY_PATH=/root/ros2_RSSI_Heatmap/install/nav2_read_rssi_at_waypoint/lib:/root/ros2_RSSI_Heatmap/install/rosbot_interfaces/lib:${LD_LIBRARY_PATH} PYTHONPATH=/root/ros2_RSSI_Heatmap/install/rssi_heatmap_generator_package/lib/python3.12/site-packages:/root/ros2_RSSI_Heatmap/install/waypoint_publisher_package/lib/python3.12/site-packages:/root/ros2_RSSI_Heatmap/install/rosbot_interfaces/lib/python3.12/site-packages:${PYTHONPATH} /usr/bin/cmake /root/ros2_RSSI_Heatmap/src/mappers_bringup -DCMAKE_INSTALL_PREFIX=/root/ros2_RSSI_Heatmap/install/mappers_bringup
[18.013s] DEBUG:colcon.colcon_core.event_handler.log_command:Invoking command in '/root/ros2_RSSI_Heatmap/build/mappers_bringup': AMENT_PREFIX_PATH=/root/ros2_RSSI_Heatmap/install/rssi_heatmap_generator_package:/root/ros2_RSSI_Heatmap/install/nav2_read_rssi_at_waypoint:/root/ros2_RSSI_Heatmap/install/waypoint_publisher_package:/root/ros2_RSSI_Heatmap/install/rosbot_interfaces:${AMENT_PREFIX_PATH} CMAKE_PREFIX_PATH=/root/ros2_RSSI_Heatmap/install/nav2_read_rssi_at_waypoint:/root/ros2_RSSI_Heatmap/install/rosbot_interfaces:/root/turtlebot3_ws/install/turtlebot3:/root/turtlebot3_ws/install/turtlebot3_simulations:/root/turtlebot3_ws/install/turtlebot3_bringup:/root/turtlebot3_ws/install/turtlebot3_node:/root/turtlebot3_ws/install/turtlebot3_navigation2:/root/turtlebot3_ws/install/turtlebot3_gazebo:/root/turtlebot3_ws/install/turtlebot3_fake_node:/root/turtlebot3_ws/install/turtlebot3_description:/root/turtlebot3_ws/install/turtlebot3_cartographer:/opt/ros/jazzy/opt/gz_sim_vendor:/opt/ros/jazzy/opt/gz_sensors_vendor:/opt/ros/jazzy/opt/gz_physics_vendor:/opt/ros/jazzy/opt/sdformat_vendor:/opt/ros/jazzy/opt/gz_gui_vendor:/opt/ros/jazzy/opt/gz_transport_vendor:/opt/ros/jazzy/opt/gz_rendering_vendor:/opt/ros/jazzy/opt/gz_plugin_vendor:/opt/ros/jazzy/opt/gz_fuel_tools_vendor:/opt/ros/jazzy/opt/gz_msgs_vendor:/opt/ros/jazzy/opt/gz_common_vendor:/opt/ros/jazzy/opt/gz_math_vendor:/opt/ros/jazzy/opt/gz_utils_vendor:/opt/ros/jazzy/opt/gz_tools_vendor:/opt/ros/jazzy/opt/gz_ogre_next_vendor:/opt/ros/jazzy/opt/gz_dartsim_vendor:/opt/ros/jazzy/opt/gz_cmake_vendor:/root/turtlebot3_ws/install/turtlebot3_teleop:/root/turtlebot3_ws/install/turtlebot3_example:/opt/ros/jazzy LD_LIBRARY_PATH=/root/ros2_RSSI_Heatmap/install/nav2_read_rssi_at_waypoint/lib:/root/ros2_RSSI_Heatmap/install/rosbot_interfaces/lib:${LD_LIBRARY_PATH} PYTHONPATH=/root/ros2_RSSI_Heatmap/install/rssi_heatmap_generator_package/lib/python3.12/site-packages:/root/ros2_RSSI_Heatmap/install/waypoint_publisher_package/lib/python3.12/site-packages:/root/ros2_RSSI_Heatmap/install/rosbot_interfaces/lib/python3.12/site-packages:${PYTHONPATH} /usr/bin/cmake --build /root/ros2_RSSI_Heatmap/build/mappers_bringup -- -j16 -l16
[18.056s] DEBUG:colcon.colcon_core.event_handler.log_command:Invoked command in '/root/ros2_RSSI_Heatmap/build/mappers_bringup' returned '0': AMENT_PREFIX_PATH=/root/ros2_RSSI_Heatmap/install/rssi_heatmap_generator_package:/root/ros2_RSSI_Heatmap/install/nav2_read_rssi_at_waypoint:/root/ros2_RSSI_Heatmap/install/waypoint_publisher_package:/root/ros2_RSSI_Heatmap/install/rosbot_interfaces:${AMENT_PREFIX_PATH} CMAKE_PREFIX_PATH=/root/ros2_RSSI_Heatmap/install/nav2_read_rssi_at_waypoint:/root/ros2_RSSI_Heatmap/install/rosbot_interfaces:/root/turtlebot3_ws/install/turtlebot3:/root/turtlebot3_ws/install/turtlebot3_simulations:/root/turtlebot3_ws/install/turtlebot3_bringup:/root/turtlebot3_ws/install/turtlebot3_node:/root/turtlebot3_ws/install/turtlebot3_navigation2:/root/turtlebot3_ws/install/turtlebot3_gazebo:/root/turtlebot3_ws/install/turtlebot3_fake_node:/root/turtlebot3_ws/install/turtlebot3_description:/root/turtlebot3_ws/install/turtlebot3_cartographer:/opt/ros/jazzy/opt/gz_sim_vendor:/opt/ros/jazzy/opt/gz_sensors_vendor:/opt/ros/jazzy/opt/gz_physics_vendor:/opt/ros/jazzy/opt/sdformat_vendor:/opt/ros/jazzy/opt/gz_gui_vendor:/opt/ros/jazzy/opt/gz_transport_vendor:/opt/ros/jazzy/opt/gz_rendering_vendor:/opt/ros/jazzy/opt/gz_plugin_vendor:/opt/ros/jazzy/opt/gz_fuel_tools_vendor:/opt/ros/jazzy/opt/gz_msgs_vendor:/opt/ros/jazzy/opt/gz_common_vendor:/opt/ros/jazzy/opt/gz_math_vendor:/opt/ros/jazzy/opt/gz_utils_vendor:/opt/ros/jazzy/opt/gz_tools_vendor:/opt/ros/jazzy/opt/gz_ogre_next_vendor:/opt/ros/jazzy/opt/gz_dartsim_vendor:/opt/ros/jazzy/opt/gz_cmake_vendor:/root/turtlebot3_ws/install/turtlebot3_teleop:/root/turtlebot3_ws/install/turtlebot3_example:/opt/ros/jazzy LD_LIBRARY_PATH=/root/ros2_RSSI_Heatmap/install/nav2_read_rssi_at_waypoint/lib:/root/ros2_RSSI_Heatmap/install/rosbot_interfaces/lib:${LD_LIBRARY_PATH} PYTHONPATH=/root/ros2_RSSI_Heatmap/install/rssi_heatmap_generator_package/lib/python3.12/site-packages:/root/ros2_RSSI_Heatmap/install/waypoint_publisher_package/lib/python3.12/site-packages:/root/ros2_RSSI_Heatmap/install/rosbot_interfaces/lib/python3.12/site-packages:${PYTHONPATH} /usr/bin/cmake --build /root/ros2_RSSI_Heatmap/build/mappers_bringup -- -j16 -l16
[18.059s] DEBUG:colcon.colcon_core.event_handler.log_command:Invoking command in '/root/ros2_RSSI_Heatmap/build/mappers_bringup': AMENT_PREFIX_PATH=/root/ros2_RSSI_Heatmap/install/rssi_heatmap_generator_package:/root/ros2_RSSI_Heatmap/install/nav2_read_rssi_at_waypoint:/root/ros2_RSSI_Heatmap/install/waypoint_publisher_package:/root/ros2_RSSI_Heatmap/install/rosbot_interfaces:${AMENT_PREFIX_PATH} CMAKE_PREFIX_PATH=/root/ros2_RSSI_Heatmap/install/nav2_read_rssi_at_waypoint:/root/ros2_RSSI_Heatmap/install/rosbot_interfaces:/root/turtlebot3_ws/install/turtlebot3:/root/turtlebot3_ws/install/turtlebot3_simulations:/root/turtlebot3_ws/install/turtlebot3_bringup:/root/turtlebot3_ws/install/turtlebot3_node:/root/turtlebot3_ws/install/turtlebot3_navigation2:/root/turtlebot3_ws/install/turtlebot3_gazebo:/root/turtlebot3_ws/install/turtlebot3_fake_node:/root/turtlebot3_ws/install/turtlebot3_description:/root/turtlebot3_ws/install/turtlebot3_cartographer:/opt/ros/jazzy/opt/gz_sim_vendor:/opt/ros/jazzy/opt/gz_sensors_vendor:/opt/ros/jazzy/opt/gz_physics_vendor:/opt/ros/jazzy/opt/sdformat_vendor:/opt/ros/jazzy/opt/gz_gui_vendor:/opt/ros/jazzy/opt/gz_transport_vendor:/opt/ros/jazzy/opt/gz_rendering_vendor:/opt/ros/jazzy/opt/gz_plugin_vendor:/opt/ros/jazzy/opt/gz_fuel_tools_vendor:/opt/ros/jazzy/opt/gz_msgs_vendor:/opt/ros/jazzy/opt/gz_common_vendor:/opt/ros/jazzy/opt/gz_math_vendor:/opt/ros/jazzy/opt/gz_utils_vendor:/opt/ros/jazzy/opt/gz_tools_vendor:/opt/ros/jazzy/opt/gz_ogre_next_vendor:/opt/ros/jazzy/opt/gz_dartsim_vendor:/opt/ros/jazzy/opt/gz_cmake_vendor:/root/turtlebot3_ws/install/turtlebot3_teleop:/root/turtlebot3_ws/install/turtlebot3_example:/opt/ros/jazzy LD_LIBRARY_PATH=/root/ros2_RSSI_Heatmap/install/nav2_read_rssi_at_waypoint/lib:/root/ros2_RSSI_Heatmap/install/rosbot_interfaces/lib:${LD_LIBRARY_PATH} PYTHONPATH=/root/ros2_RSSI_Heatmap/install/rssi_heatmap_generator_package/lib/python3.12/site-packages:/root/ros2_RSSI_Heatmap/install/waypoint_publisher_package/lib/python3.12/site-packages:/root/ros2_RSSI_Heatmap/install/rosbot_interfaces/lib/python3.12/site-packages:${PYTHONPATH} /usr/bin/cmake --install /root/ros2_RSSI_Heatmap/build/mappers_bringup
[18.075s] Level 1:colcon.colcon_core.environment:create_environment_scripts_only(mappers_bringup)
[18.075s] Level 1:colcon.colcon_core.environment:checking '/root/ros2_RSSI_Heatmap/install/mappers_bringup' for CMake module files
[18.076s] Level 1:colcon.colcon_core.environment:checking '/root/ros2_RSSI_Heatmap/install/mappers_bringup' for CMake config files
[18.076s] Level 1:colcon.colcon_core.shell:create_environment_hook('mappers_bringup', 'cmake_prefix_path')
[18.076s] INFO:colcon.colcon_core.shell:Creating environment hook '/root/ros2_RSSI_Heatmap/install/mappers_bringup/share/mappers_bringup/hook/cmake_prefix_path.ps1'
[18.076s] DEBUG:colcon.colcon_core.event_handler.log_command:Invoked command in '/root/ros2_RSSI_Heatmap/build/mappers_bringup' returned '0': AMENT_PREFIX_PATH=/root/ros2_RSSI_Heatmap/install/rssi_heatmap_generator_package:/root/ros2_RSSI_Heatmap/install/nav2_read_rssi_at_waypoint:/root/ros2_RSSI_Heatmap/install/waypoint_publisher_package:/root/ros2_RSSI_Heatmap/install/rosbot_interfaces:${AMENT_PREFIX_PATH} CMAKE_PREFIX_PATH=/root/ros2_RSSI_Heatmap/install/nav2_read_rssi_at_waypoint:/root/ros2_RSSI_Heatmap/install/rosbot_interfaces:/root/turtlebot3_ws/install/turtlebot3:/root/turtlebot3_ws/install/turtlebot3_simulations:/root/turtlebot3_ws/install/turtlebot3_bringup:/root/turtlebot3_ws/install/turtlebot3_node:/root/turtlebot3_ws/install/turtlebot3_navigation2:/root/turtlebot3_ws/install/turtlebot3_gazebo:/root/turtlebot3_ws/install/turtlebot3_fake_node:/root/turtlebot3_ws/install/turtlebot3_description:/root/turtlebot3_ws/install/turtlebot3_cartographer:/opt/ros/jazzy/opt/gz_sim_vendor:/opt/ros/jazzy/opt/gz_sensors_vendor:/opt/ros/jazzy/opt/gz_physics_vendor:/opt/ros/jazzy/opt/sdformat_vendor:/opt/ros/jazzy/opt/gz_gui_vendor:/opt/ros/jazzy/opt/gz_transport_vendor:/opt/ros/jazzy/opt/gz_rendering_vendor:/opt/ros/jazzy/opt/gz_plugin_vendor:/opt/ros/jazzy/opt/gz_fuel_tools_vendor:/opt/ros/jazzy/opt/gz_msgs_vendor:/opt/ros/jazzy/opt/gz_common_vendor:/opt/ros/jazzy/opt/gz_math_vendor:/opt/ros/jazzy/opt/gz_utils_vendor:/opt/ros/jazzy/opt/gz_tools_vendor:/opt/ros/jazzy/opt/gz_ogre_next_vendor:/opt/ros/jazzy/opt/gz_dartsim_vendor:/opt/ros/jazzy/opt/gz_cmake_vendor:/root/turtlebot3_ws/install/turtlebot3_teleop:/root/turtlebot3_ws/install/turtlebot3_example:/opt/ros/jazzy LD_LIBRARY_PATH=/root/ros2_RSSI_Heatmap/install/nav2_read_rssi_at_waypoint/lib:/root/ros2_RSSI_Heatmap/install/rosbot_interfaces/lib:${LD_LIBRARY_PATH} PYTHONPATH=/root/ros2_RSSI_Heatmap/install/rssi_heatmap_generator_package/lib/python3.12/site-packages:/root/ros2_RSSI_Heatmap/install/waypoint_publisher_package/lib/python3.12/site-packages:/root/ros2_RSSI_Heatmap/install/rosbot_interfaces/lib/python3.12/site-packages:${PYTHONPATH} /usr/bin/cmake --install /root/ros2_RSSI_Heatmap/build/mappers_bringup
[18.076s] INFO:colcon.colcon_core.shell:Creating environment descriptor '/root/ros2_RSSI_Heatmap/install/mappers_bringup/share/mappers_bringup/hook/cmake_prefix_path.dsv'
[18.077s] INFO:colcon.colcon_core.shell:Creating environment hook '/root/ros2_RSSI_Heatmap/install/mappers_bringup/share/mappers_bringup/hook/cmake_prefix_path.sh'
[18.077s] Level 1:colcon.colcon_core.environment:checking '/root/ros2_RSSI_Heatmap/install/mappers_bringup/bin'
[18.077s] Level 1:colcon.colcon_core.environment:checking '/root/ros2_RSSI_Heatmap/install/mappers_bringup/lib/pkgconfig/mappers_bringup.pc'
[18.077s] Level 1:colcon.colcon_core.environment:checking '/root/ros2_RSSI_Heatmap/install/mappers_bringup/lib/python3.12/site-packages'
[18.077s] Level 1:colcon.colcon_core.environment:checking '/root/ros2_RSSI_Heatmap/install/mappers_bringup/bin'
[18.077s] INFO:colcon.colcon_core.shell:Creating package script '/root/ros2_RSSI_Heatmap/install/mappers_bringup/share/mappers_bringup/package.ps1'
[18.078s] INFO:colcon.colcon_core.shell:Creating package descriptor '/root/ros2_RSSI_Heatmap/install/mappers_bringup/share/mappers_bringup/package.dsv'
[18.078s] INFO:colcon.colcon_core.shell:Creating package script '/root/ros2_RSSI_Heatmap/install/mappers_bringup/share/mappers_bringup/package.sh'
[18.078s] INFO:colcon.colcon_core.shell:Creating package script '/root/ros2_RSSI_Heatmap/install/mappers_bringup/share/mappers_bringup/package.bash'
[18.078s] INFO:colcon.colcon_core.shell:Creating package script '/root/ros2_RSSI_Heatmap/install/mappers_bringup/share/mappers_bringup/package.zsh'
[18.078s] Level 1:colcon.colcon_core.environment:create_file_with_runtime_dependencies(/root/ros2_RSSI_Heatmap/install/mappers_bringup/share/colcon-core/packages/mappers_bringup)
[18.079s] Level 1:colcon.colcon_core.environment:create_environment_scripts_only(mappers_bringup)
[18.079s] Level 1:colcon.colcon_core.environment:checking '/root/ros2_RSSI_Heatmap/install/mappers_bringup' for CMake module files
[18.079s] Level 1:colcon.colcon_core.environment:checking '/root/ros2_RSSI_Heatmap/install/mappers_bringup' for CMake config files
[18.079s] Level 1:colcon.colcon_core.shell:create_environment_hook('mappers_bringup', 'cmake_prefix_path')
[18.080s] INFO:colcon.colcon_core.shell:Creating environment hook '/root/ros2_RSSI_Heatmap/install/mappers_bringup/share/mappers_bringup/hook/cmake_prefix_path.ps1'
[18.080s] INFO:colcon.colcon_core.shell:Creating environment descriptor '/root/ros2_RSSI_Heatmap/install/mappers_bringup/share/mappers_bringup/hook/cmake_prefix_path.dsv'
[18.080s] INFO:colcon.colcon_core.shell:Creating environment hook '/root/ros2_RSSI_Heatmap/install/mappers_bringup/share/mappers_bringup/hook/cmake_prefix_path.sh'
[18.081s] Level 1:colcon.colcon_core.environment:checking '/root/ros2_RSSI_Heatmap/install/mappers_bringup/bin'
[18.081s] Level 1:colcon.colcon_core.environment:checking '/root/ros2_RSSI_Heatmap/install/mappers_bringup/lib/pkgconfig/mappers_bringup.pc'
[18.081s] Level 1:colcon.colcon_core.environment:checking '/root/ros2_RSSI_Heatmap/install/mappers_bringup/lib/python3.12/site-packages'
[18.081s] Level 1:colcon.colcon_core.environment:checking '/root/ros2_RSSI_Heatmap/install/mappers_bringup/bin'
[18.081s] INFO:colcon.colcon_core.shell:Creating package script '/root/ros2_RSSI_Heatmap/install/mappers_bringup/share/mappers_bringup/package.ps1'
[18.081s] INFO:colcon.colcon_core.shell:Creating package descriptor '/root/ros2_RSSI_Heatmap/install/mappers_bringup/share/mappers_bringup/package.dsv'
[18.082s] INFO:colcon.colcon_core.shell:Creating package script '/root/ros2_RSSI_Heatmap/install/mappers_bringup/share/mappers_bringup/package.sh'
[18.082s] INFO:colcon.colcon_core.shell:Creating package script '/root/ros2_RSSI_Heatmap/install/mappers_bringup/share/mappers_bringup/package.bash'
[18.082s] INFO:colcon.colcon_core.shell:Creating package script '/root/ros2_RSSI_Heatmap/install/mappers_bringup/share/mappers_bringup/package.zsh'
[18.082s] Level 1:colcon.colcon_core.environment:create_file_with_runtime_dependencies(/root/ros2_RSSI_Heatmap/install/mappers_bringup/share/colcon-core/packages/mappers_bringup)
[18.082s] DEBUG:colcon.colcon_parallel_executor.executor.parallel:closing loop
[18.082s] DEBUG:colcon.colcon_parallel_executor.executor.parallel:loop closed
[18.082s] DEBUG:colcon.colcon_parallel_executor.executor.parallel:run_until_complete finished with '0'
[18.082s] DEBUG:colcon.colcon_core.event_reactor:joining thread
[18.101s] INFO:colcon.colcon_core.plugin_system:Skipping extension 'colcon_notification.desktop_notification.notify_send': Could not find 'notify-send'
[18.101s] INFO:colcon.colcon_core.plugin_system:Skipping extension 'colcon_notification.desktop_notification.terminal_notifier': Not used on non-Darwin systems
[18.101s] INFO:colcon.colcon_core.plugin_system:Skipping extension 'colcon_notification.desktop_notification.win32': Not used on non-Windows systems
[18.101s] INFO:colcon.colcon_notification.desktop_notification:Sending desktop notification using 'notify2'
[18.105s] DEBUG:colcon.colcon_notification.desktop_notification.notify2:Failed to initialize notify2: org.freedesktop.DBus.Error.Spawn.ExecFailed: /usr/bin/dbus-launch terminated abnormally without any error message
[18.105s] DEBUG:colcon.colcon_core.event_reactor:joined thread
[18.105s] INFO:colcon.colcon_core.shell:Creating prefix script '/root/ros2_RSSI_Heatmap/install/local_setup.ps1'
[18.106s] INFO:colcon.colcon_core.shell:Creating prefix util module '/root/ros2_RSSI_Heatmap/install/_local_setup_util_ps1.py'
[18.107s] INFO:colcon.colcon_core.shell:Creating prefix chain script '/root/ros2_RSSI_Heatmap/install/setup.ps1'
[18.108s] INFO:colcon.colcon_core.shell:Creating prefix script '/root/ros2_RSSI_Heatmap/install/local_setup.sh'
[18.111s] INFO:colcon.colcon_core.shell:Creating prefix util module '/root/ros2_RSSI_Heatmap/install/_local_setup_util_sh.py'
[18.112s] INFO:colcon.colcon_core.shell:Creating prefix chain script '/root/ros2_RSSI_Heatmap/install/setup.sh'
[18.112s] INFO:colcon.colcon_core.shell:Creating prefix script '/root/ros2_RSSI_Heatmap/install/local_setup.bash'
[18.113s] INFO:colcon.colcon_core.shell:Creating prefix chain script '/root/ros2_RSSI_Heatmap/install/setup.bash'
[18.114s] INFO:colcon.colcon_core.shell:Creating prefix script '/root/ros2_RSSI_Heatmap/install/local_setup.zsh'
[18.114s] INFO:colcon.colcon_core.shell:Creating prefix chain script '/root/ros2_RSSI_Heatmap/install/setup.zsh'
