[0.018s] Invoking command in '/root/ros2_RSSI_Heatmap/build/rosbot_interfaces': CMAKE_PREFIX_PATH=${CMAKE_PREFIX_PATH}:/root/turtlebot3_ws/install/turtlebot3_teleop:/root/turtlebot3_ws/install/turtlebot3_example:/opt/ros/jazzy /usr/bin/cmake --build /root/ros2_RSSI_Heatmap/build/rosbot_interfaces -- -j16 -l16
[0.109s] [  2%] Built target rosbot_interfaces__rosidl_generator_type_description
[0.110s] [  5%] Built target rosbot_interfaces__rs
[0.114s] [  5%] Built target ament_cmake_python_copy_rosbot_interfaces
[0.119s] [  8%] Built target rosbot_interfaces__cpp
[0.132s] [ 22%] Built target rosbot_interfaces__rosidl_generator_c
[0.147s] [ 31%] Built target rosbot_interfaces__rosidl_typesupport_introspection_c
[0.148s] [ 40%] Built target rosbot_interfaces__rosidl_typesupport_c
[0.149s] [ 57%] Built target rosbot_interfaces__rosidl_typesupport_introspection_cpp
[0.149s] [ 65%] Built target rosbot_interfaces__rosidl_typesupport_fastrtps_cpp
[0.149s] [ 65%] Built target rosbot_interfaces__rosidl_typesupport_fastrtps_c
[0.149s] [ 74%] Built target rosbot_interfaces__rosidl_typesupport_cpp
[0.159s] [ 74%] Built target rosbot_interfaces
[0.169s] [ 77%] Built target rosbot_interfaces__py
[0.184s] [ 82%] Built target rosbot_interfaces__rosidl_generator_py
[0.195s] [ 97%] Built target rosbot_interfaces_s__rosidl_typesupport_c
[0.195s] [ 97%] Built target rosbot_interfaces_s__rosidl_typesupport_fastrtps_c
[0.195s] [100%] Built target rosbot_interfaces_s__rosidl_typesupport_introspection_c
[0.213s] running egg_info
[0.218s] writing rosbot_interfaces.egg-info/PKG-INFO
[0.219s] writing dependency_links to rosbot_interfaces.egg-info/dependency_links.txt
[0.219s] writing top-level names to rosbot_interfaces.egg-info/top_level.txt
[0.232s] reading manifest file 'rosbot_interfaces.egg-info/SOURCES.txt'
[0.233s] writing manifest file 'rosbot_interfaces.egg-info/SOURCES.txt'
[0.246s] [100%] Built target ament_cmake_python_build_rosbot_interfaces_egg
[0.250s] Invoked command in '/root/ros2_RSSI_Heatmap/build/rosbot_interfaces' returned '0': CMAKE_PREFIX_PATH=${CMAKE_PREFIX_PATH}:/root/turtlebot3_ws/install/turtlebot3_teleop:/root/turtlebot3_ws/install/turtlebot3_example:/opt/ros/jazzy /usr/bin/cmake --build /root/ros2_RSSI_Heatmap/build/rosbot_interfaces -- -j16 -l16
[0.254s] Invoking command in '/root/ros2_RSSI_Heatmap/build/rosbot_interfaces': CMAKE_PREFIX_PATH=${CMAKE_PREFIX_PATH}:/root/turtlebot3_ws/install/turtlebot3_teleop:/root/turtlebot3_ws/install/turtlebot3_example:/opt/ros/jazzy /usr/bin/cmake --install /root/ros2_RSSI_Heatmap/build/rosbot_interfaces
[0.258s] -- Install configuration: ""
[0.259s] -- Up-to-date: /root/ros2_RSSI_Heatmap/install/rosbot_interfaces/share/ament_index/resource_index/rosidl_interfaces/rosbot_interfaces
[0.259s] -- Up-to-date: /root/ros2_RSSI_Heatmap/install/rosbot_interfaces/share/rosbot_interfaces/msg/RssiAtWaypoint.json
[0.259s] -- Up-to-date: /root/ros2_RSSI_Heatmap/install/rosbot_interfaces/include/rosbot_interfaces/rosbot_interfaces
[0.259s] -- Up-to-date: /root/ros2_RSSI_Heatmap/install/rosbot_interfaces/include/rosbot_interfaces/rosbot_interfaces/msg
[0.259s] -- Up-to-date: /root/ros2_RSSI_Heatmap/install/rosbot_interfaces/include/rosbot_interfaces/rosbot_interfaces/msg/rssi_at_waypoint.h
[0.259s] -- Up-to-date: /root/ros2_RSSI_Heatmap/install/rosbot_interfaces/include/rosbot_interfaces/rosbot_interfaces/msg/detail
[0.259s] -- Up-to-date: /root/ros2_RSSI_Heatmap/install/rosbot_interfaces/include/rosbot_interfaces/rosbot_interfaces/msg/detail/rssi_at_waypoint__type_support.h
[0.259s] -- Up-to-date: /root/ros2_RSSI_Heatmap/install/rosbot_interfaces/include/rosbot_interfaces/rosbot_interfaces/msg/detail/rssi_at_waypoint__description.c
[0.259s] -- Up-to-date: /root/ros2_RSSI_Heatmap/install/rosbot_interfaces/include/rosbot_interfaces/rosbot_interfaces/msg/detail/rssi_at_waypoint__struct.h
[0.259s] -- Up-to-date: /root/ros2_RSSI_Heatmap/install/rosbot_interfaces/include/rosbot_interfaces/rosbot_interfaces/msg/detail/rssi_at_waypoint__functions.h
[0.259s] -- Up-to-date: /root/ros2_RSSI_Heatmap/install/rosbot_interfaces/include/rosbot_interfaces/rosbot_interfaces/msg/detail/rssi_at_waypoint__functions.c
[0.259s] -- Installing: /root/ros2_RSSI_Heatmap/install/rosbot_interfaces/include/rosbot_interfaces/rosbot_interfaces/msg/detail/rssi_at_waypoint__type_support.c
[0.259s] -- Up-to-date: /root/ros2_RSSI_Heatmap/install/rosbot_interfaces/include/rosbot_interfaces/rosbot_interfaces/msg/rosidl_generator_c__visibility_control.h
[0.259s] -- Up-to-date: /root/ros2_RSSI_Heatmap/install/rosbot_interfaces/share/rosbot_interfaces/environment/library_path.sh
[0.259s] -- Up-to-date: /root/ros2_RSSI_Heatmap/install/rosbot_interfaces/share/rosbot_interfaces/environment/library_path.dsv
[0.260s] -- Up-to-date: /root/ros2_RSSI_Heatmap/install/rosbot_interfaces/lib/librosbot_interfaces__rosidl_generator_c.so
[0.260s] -- Up-to-date: /root/ros2_RSSI_Heatmap/install/rosbot_interfaces/include/rosbot_interfaces/rosbot_interfaces
[0.260s] -- Up-to-date: /root/ros2_RSSI_Heatmap/install/rosbot_interfaces/include/rosbot_interfaces/rosbot_interfaces/msg
[0.260s] -- Up-to-date: /root/ros2_RSSI_Heatmap/install/rosbot_interfaces/include/rosbot_interfaces/rosbot_interfaces/msg/rosidl_typesupport_fastrtps_c__visibility_control.h
[0.260s] -- Up-to-date: /root/ros2_RSSI_Heatmap/install/rosbot_interfaces/include/rosbot_interfaces/rosbot_interfaces/msg/detail
[0.260s] -- Up-to-date: /root/ros2_RSSI_Heatmap/install/rosbot_interfaces/include/rosbot_interfaces/rosbot_interfaces/msg/detail/rssi_at_waypoint__rosidl_typesupport_fastrtps_c.h
[0.261s] -- Up-to-date: /root/ros2_RSSI_Heatmap/install/rosbot_interfaces/lib/librosbot_interfaces__rosidl_typesupport_fastrtps_c.so
[0.261s] -- Up-to-date: /root/ros2_RSSI_Heatmap/install/rosbot_interfaces/include/rosbot_interfaces/rosbot_interfaces
[0.261s] -- Up-to-date: /root/ros2_RSSI_Heatmap/install/rosbot_interfaces/include/rosbot_interfaces/rosbot_interfaces/msg
[0.261s] -- Up-to-date: /root/ros2_RSSI_Heatmap/install/rosbot_interfaces/include/rosbot_interfaces/rosbot_interfaces/msg/rssi_at_waypoint.hpp
[0.261s] -- Up-to-date: /root/ros2_RSSI_Heatmap/install/rosbot_interfaces/include/rosbot_interfaces/rosbot_interfaces/msg/detail
[0.261s] -- Up-to-date: /root/ros2_RSSI_Heatmap/install/rosbot_interfaces/include/rosbot_interfaces/rosbot_interfaces/msg/detail/rssi_at_waypoint__traits.hpp
[0.261s] -- Up-to-date: /root/ros2_RSSI_Heatmap/install/rosbot_interfaces/include/rosbot_interfaces/rosbot_interfaces/msg/detail/rssi_at_waypoint__struct.hpp
[0.261s] -- Up-to-date: /root/ros2_RSSI_Heatmap/install/rosbot_interfaces/include/rosbot_interfaces/rosbot_interfaces/msg/detail/rssi_at_waypoint__builder.hpp
[0.261s] -- Up-to-date: /root/ros2_RSSI_Heatmap/install/rosbot_interfaces/include/rosbot_interfaces/rosbot_interfaces/msg/detail/rssi_at_waypoint__type_support.hpp
[0.261s] -- Up-to-date: /root/ros2_RSSI_Heatmap/install/rosbot_interfaces/include/rosbot_interfaces/rosbot_interfaces/msg/rosidl_generator_cpp__visibility_control.hpp
[0.261s] -- Up-to-date: /root/ros2_RSSI_Heatmap/install/rosbot_interfaces/include/rosbot_interfaces/rosbot_interfaces
[0.261s] -- Up-to-date: /root/ros2_RSSI_Heatmap/install/rosbot_interfaces/include/rosbot_interfaces/rosbot_interfaces/msg
[0.261s] -- Up-to-date: /root/ros2_RSSI_Heatmap/install/rosbot_interfaces/include/rosbot_interfaces/rosbot_interfaces/msg/rosidl_typesupport_fastrtps_cpp__visibility_control.h
[0.261s] -- Up-to-date: /root/ros2_RSSI_Heatmap/install/rosbot_interfaces/include/rosbot_interfaces/rosbot_interfaces/msg/detail
[0.261s] -- Up-to-date: /root/ros2_RSSI_Heatmap/install/rosbot_interfaces/include/rosbot_interfaces/rosbot_interfaces/msg/detail/rssi_at_waypoint__rosidl_typesupport_fastrtps_cpp.hpp
[0.261s] -- Up-to-date: /root/ros2_RSSI_Heatmap/install/rosbot_interfaces/include/rosbot_interfaces/rosbot_interfaces/msg/detail/dds_fastrtps
[0.261s] -- Up-to-date: /root/ros2_RSSI_Heatmap/install/rosbot_interfaces/lib/librosbot_interfaces__rosidl_typesupport_fastrtps_cpp.so
[0.261s] -- Up-to-date: /root/ros2_RSSI_Heatmap/install/rosbot_interfaces/include/rosbot_interfaces/rosbot_interfaces
[0.261s] -- Up-to-date: /root/ros2_RSSI_Heatmap/install/rosbot_interfaces/include/rosbot_interfaces/rosbot_interfaces/msg
[0.261s] -- Up-to-date: /root/ros2_RSSI_Heatmap/install/rosbot_interfaces/include/rosbot_interfaces/rosbot_interfaces/msg/detail
[0.261s] -- Up-to-date: /root/ros2_RSSI_Heatmap/install/rosbot_interfaces/include/rosbot_interfaces/rosbot_interfaces/msg/detail/rssi_at_waypoint__rosidl_typesupport_introspection_c.h
[0.261s] -- Installing: /root/ros2_RSSI_Heatmap/install/rosbot_interfaces/include/rosbot_interfaces/rosbot_interfaces/msg/detail/rssi_at_waypoint__type_support.c
[0.261s] -- Up-to-date: /root/ros2_RSSI_Heatmap/install/rosbot_interfaces/include/rosbot_interfaces/rosbot_interfaces/msg/rosidl_typesupport_introspection_c__visibility_control.h
[0.262s] -- Up-to-date: /root/ros2_RSSI_Heatmap/install/rosbot_interfaces/lib/librosbot_interfaces__rosidl_typesupport_introspection_c.so
[0.263s] -- Up-to-date: /root/ros2_RSSI_Heatmap/install/rosbot_interfaces/lib/librosbot_interfaces__rosidl_typesupport_c.so
[0.263s] -- Up-to-date: /root/ros2_RSSI_Heatmap/install/rosbot_interfaces/include/rosbot_interfaces/rosbot_interfaces
[0.263s] -- Up-to-date: /root/ros2_RSSI_Heatmap/install/rosbot_interfaces/include/rosbot_interfaces/rosbot_interfaces/msg
[0.263s] -- Up-to-date: /root/ros2_RSSI_Heatmap/install/rosbot_interfaces/include/rosbot_interfaces/rosbot_interfaces/msg/detail
[0.263s] -- Up-to-date: /root/ros2_RSSI_Heatmap/install/rosbot_interfaces/include/rosbot_interfaces/rosbot_interfaces/msg/detail/rssi_at_waypoint__type_support.cpp
[0.263s] -- Up-to-date: /root/ros2_RSSI_Heatmap/install/rosbot_interfaces/include/rosbot_interfaces/rosbot_interfaces/msg/detail/rssi_at_waypoint__rosidl_typesupport_introspection_cpp.hpp
[0.263s] -- Up-to-date: /root/ros2_RSSI_Heatmap/install/rosbot_interfaces/lib/librosbot_interfaces__rosidl_typesupport_introspection_cpp.so
[0.264s] -- Up-to-date: /root/ros2_RSSI_Heatmap/install/rosbot_interfaces/lib/librosbot_interfaces__rosidl_typesupport_cpp.so
[0.264s] -- Up-to-date: /root/ros2_RSSI_Heatmap/install/rosbot_interfaces/share/rosbot_interfaces/environment/pythonpath.sh
[0.264s] -- Up-to-date: /root/ros2_RSSI_Heatmap/install/rosbot_interfaces/share/rosbot_interfaces/environment/pythonpath.dsv
[0.264s] -- Up-to-date: /root/ros2_RSSI_Heatmap/install/rosbot_interfaces/lib/python3.12/site-packages/rosbot_interfaces-1.0.0-py3.12.egg-info
[0.264s] -- Installing: /root/ros2_RSSI_Heatmap/install/rosbot_interfaces/lib/python3.12/site-packages/rosbot_interfaces-1.0.0-py3.12.egg-info/SOURCES.txt
[0.264s] -- Installing: /root/ros2_RSSI_Heatmap/install/rosbot_interfaces/lib/python3.12/site-packages/rosbot_interfaces-1.0.0-py3.12.egg-info/dependency_links.txt
[0.264s] -- Installing: /root/ros2_RSSI_Heatmap/install/rosbot_interfaces/lib/python3.12/site-packages/rosbot_interfaces-1.0.0-py3.12.egg-info/top_level.txt
[0.264s] -- Installing: /root/ros2_RSSI_Heatmap/install/rosbot_interfaces/lib/python3.12/site-packages/rosbot_interfaces-1.0.0-py3.12.egg-info/PKG-INFO
[0.264s] -- Up-to-date: /root/ros2_RSSI_Heatmap/install/rosbot_interfaces/lib/python3.12/site-packages/rosbot_interfaces
[0.264s] -- Up-to-date: /root/ros2_RSSI_Heatmap/install/rosbot_interfaces/lib/python3.12/site-packages/rosbot_interfaces/msg
[0.264s] -- Up-to-date: /root/ros2_RSSI_Heatmap/install/rosbot_interfaces/lib/python3.12/site-packages/rosbot_interfaces/msg/_rssi_at_waypoint_s.c
[0.264s] -- Up-to-date: /root/ros2_RSSI_Heatmap/install/rosbot_interfaces/lib/python3.12/site-packages/rosbot_interfaces/msg/__init__.py
[0.264s] -- Up-to-date: /root/ros2_RSSI_Heatmap/install/rosbot_interfaces/lib/python3.12/site-packages/rosbot_interfaces/msg/_rssi_at_waypoint.py
[0.264s] -- Up-to-date: /root/ros2_RSSI_Heatmap/install/rosbot_interfaces/lib/python3.12/site-packages/rosbot_interfaces/__init__.py
[0.264s] -- Up-to-date: /root/ros2_RSSI_Heatmap/install/rosbot_interfaces/lib/python3.12/site-packages/rosbot_interfaces/rosbot_interfaces_s__rosidl_typesupport_fastrtps_c.so
[0.264s] -- Up-to-date: /root/ros2_RSSI_Heatmap/install/rosbot_interfaces/lib/python3.12/site-packages/rosbot_interfaces/rosbot_interfaces_s__rosidl_typesupport_c.so
[0.264s] -- Up-to-date: /root/ros2_RSSI_Heatmap/install/rosbot_interfaces/lib/python3.12/site-packages/rosbot_interfaces/_rosbot_interfaces_s.ep.rosidl_typesupport_fastrtps_c.c
[0.264s] -- Up-to-date: /root/ros2_RSSI_Heatmap/install/rosbot_interfaces/lib/python3.12/site-packages/rosbot_interfaces/_rosbot_interfaces_s.ep.rosidl_typesupport_c.c
[0.264s] -- Up-to-date: /root/ros2_RSSI_Heatmap/install/rosbot_interfaces/lib/python3.12/site-packages/rosbot_interfaces/_rosbot_interfaces_s.ep.rosidl_typesupport_introspection_c.c
[0.264s] -- Up-to-date: /root/ros2_RSSI_Heatmap/install/rosbot_interfaces/lib/python3.12/site-packages/rosbot_interfaces/rosbot_interfaces_s__rosidl_typesupport_introspection_c.so
[0.281s] Listing '/root/ros2_RSSI_Heatmap/install/rosbot_interfaces/lib/python3.12/site-packages/rosbot_interfaces'...
[0.281s] Listing '/root/ros2_RSSI_Heatmap/install/rosbot_interfaces/lib/python3.12/site-packages/rosbot_interfaces/msg'...
[0.283s] -- Up-to-date: /root/ros2_RSSI_Heatmap/install/rosbot_interfaces/lib/python3.12/site-packages/rosbot_interfaces/rosbot_interfaces_s__rosidl_typesupport_fastrtps_c.so
[0.284s] -- Up-to-date: /root/ros2_RSSI_Heatmap/install/rosbot_interfaces/lib/python3.12/site-packages/rosbot_interfaces/rosbot_interfaces_s__rosidl_typesupport_introspection_c.so
[0.284s] -- Up-to-date: /root/ros2_RSSI_Heatmap/install/rosbot_interfaces/lib/python3.12/site-packages/rosbot_interfaces/rosbot_interfaces_s__rosidl_typesupport_c.so
[0.284s] -- Up-to-date: /root/ros2_RSSI_Heatmap/install/rosbot_interfaces/lib/librosbot_interfaces__rosidl_generator_py.so
[0.284s] -- Up-to-date: /root/ros2_RSSI_Heatmap/install/rosbot_interfaces/share/ament_index/resource_index/rust_packages/rosbot_interfaces
[0.284s] -- Up-to-date: /root/ros2_RSSI_Heatmap/install/rosbot_interfaces/share/rosbot_interfaces/rust
[0.284s] -- Up-to-date: /root/ros2_RSSI_Heatmap/install/rosbot_interfaces/share/rosbot_interfaces/rust/src
[0.284s] -- Up-to-date: /root/ros2_RSSI_Heatmap/install/rosbot_interfaces/share/rosbot_interfaces/rust/src/msg
[0.284s] -- Up-to-date: /root/ros2_RSSI_Heatmap/install/rosbot_interfaces/share/rosbot_interfaces/rust/src/msg/rmw.rs
[0.284s] -- Up-to-date: /root/ros2_RSSI_Heatmap/install/rosbot_interfaces/share/rosbot_interfaces/rust/src/lib.rs
[0.284s] -- Up-to-date: /root/ros2_RSSI_Heatmap/install/rosbot_interfaces/share/rosbot_interfaces/rust/src/msg.rs
[0.284s] -- Up-to-date: /root/ros2_RSSI_Heatmap/install/rosbot_interfaces/share/rosbot_interfaces/rust/Cargo.toml
[0.284s] -- Up-to-date: /root/ros2_RSSI_Heatmap/install/rosbot_interfaces/share/rosbot_interfaces/rust/build.rs
[0.284s] -- Up-to-date: /root/ros2_RSSI_Heatmap/install/rosbot_interfaces/share/rosbot_interfaces/msg/RssiAtWaypoint.idl
[0.285s] -- Up-to-date: /root/ros2_RSSI_Heatmap/install/rosbot_interfaces/share/rosbot_interfaces/msg/RssiAtWaypoint.msg
[0.285s] -- Up-to-date: /root/ros2_RSSI_Heatmap/install/rosbot_interfaces/share/ament_index/resource_index/package_run_dependencies/rosbot_interfaces
[0.285s] -- Up-to-date: /root/ros2_RSSI_Heatmap/install/rosbot_interfaces/share/ament_index/resource_index/parent_prefix_path/rosbot_interfaces
[0.285s] -- Up-to-date: /root/ros2_RSSI_Heatmap/install/rosbot_interfaces/share/rosbot_interfaces/environment/ament_prefix_path.sh
[0.285s] -- Up-to-date: /root/ros2_RSSI_Heatmap/install/rosbot_interfaces/share/rosbot_interfaces/environment/ament_prefix_path.dsv
[0.285s] -- Up-to-date: /root/ros2_RSSI_Heatmap/install/rosbot_interfaces/share/rosbot_interfaces/environment/path.sh
[0.285s] -- Up-to-date: /root/ros2_RSSI_Heatmap/install/rosbot_interfaces/share/rosbot_interfaces/environment/path.dsv
[0.285s] -- Up-to-date: /root/ros2_RSSI_Heatmap/install/rosbot_interfaces/share/rosbot_interfaces/local_setup.bash
[0.285s] -- Up-to-date: /root/ros2_RSSI_Heatmap/install/rosbot_interfaces/share/rosbot_interfaces/local_setup.sh
[0.285s] -- Up-to-date: /root/ros2_RSSI_Heatmap/install/rosbot_interfaces/share/rosbot_interfaces/local_setup.zsh
[0.285s] -- Up-to-date: /root/ros2_RSSI_Heatmap/install/rosbot_interfaces/share/rosbot_interfaces/local_setup.dsv
[0.285s] -- Installing: /root/ros2_RSSI_Heatmap/install/rosbot_interfaces/share/rosbot_interfaces/package.dsv
[0.285s] -- Up-to-date: /root/ros2_RSSI_Heatmap/install/rosbot_interfaces/share/ament_index/resource_index/packages/rosbot_interfaces
[0.285s] -- Up-to-date: /root/ros2_RSSI_Heatmap/install/rosbot_interfaces/share/rosbot_interfaces/cmake/export_rosbot_interfaces__rosidl_generator_cExport.cmake
[0.285s] -- Up-to-date: /root/ros2_RSSI_Heatmap/install/rosbot_interfaces/share/rosbot_interfaces/cmake/export_rosbot_interfaces__rosidl_generator_cExport-noconfig.cmake
[0.285s] -- Up-to-date: /root/ros2_RSSI_Heatmap/install/rosbot_interfaces/share/rosbot_interfaces/cmake/export_rosbot_interfaces__rosidl_typesupport_fastrtps_cExport.cmake
[0.285s] -- Up-to-date: /root/ros2_RSSI_Heatmap/install/rosbot_interfaces/share/rosbot_interfaces/cmake/export_rosbot_interfaces__rosidl_typesupport_fastrtps_cExport-noconfig.cmake
[0.285s] -- Up-to-date: /root/ros2_RSSI_Heatmap/install/rosbot_interfaces/share/rosbot_interfaces/cmake/export_rosbot_interfaces__rosidl_generator_cppExport.cmake
[0.286s] -- Up-to-date: /root/ros2_RSSI_Heatmap/install/rosbot_interfaces/share/rosbot_interfaces/cmake/export_rosbot_interfaces__rosidl_typesupport_fastrtps_cppExport.cmake
[0.286s] -- Up-to-date: /root/ros2_RSSI_Heatmap/install/rosbot_interfaces/share/rosbot_interfaces/cmake/export_rosbot_interfaces__rosidl_typesupport_fastrtps_cppExport-noconfig.cmake
[0.286s] -- Up-to-date: /root/ros2_RSSI_Heatmap/install/rosbot_interfaces/share/rosbot_interfaces/cmake/rosbot_interfaces__rosidl_typesupport_introspection_cExport.cmake
[0.286s] -- Up-to-date: /root/ros2_RSSI_Heatmap/install/rosbot_interfaces/share/rosbot_interfaces/cmake/rosbot_interfaces__rosidl_typesupport_introspection_cExport-noconfig.cmake
[0.286s] -- Up-to-date: /root/ros2_RSSI_Heatmap/install/rosbot_interfaces/share/rosbot_interfaces/cmake/rosbot_interfaces__rosidl_typesupport_cExport.cmake
[0.286s] -- Up-to-date: /root/ros2_RSSI_Heatmap/install/rosbot_interfaces/share/rosbot_interfaces/cmake/rosbot_interfaces__rosidl_typesupport_cExport-noconfig.cmake
[0.287s] -- Up-to-date: /root/ros2_RSSI_Heatmap/install/rosbot_interfaces/share/rosbot_interfaces/cmake/rosbot_interfaces__rosidl_typesupport_introspection_cppExport.cmake
[0.287s] -- Up-to-date: /root/ros2_RSSI_Heatmap/install/rosbot_interfaces/share/rosbot_interfaces/cmake/rosbot_interfaces__rosidl_typesupport_introspection_cppExport-noconfig.cmake
[0.287s] -- Up-to-date: /root/ros2_RSSI_Heatmap/install/rosbot_interfaces/share/rosbot_interfaces/cmake/rosbot_interfaces__rosidl_typesupport_cppExport.cmake
[0.287s] -- Up-to-date: /root/ros2_RSSI_Heatmap/install/rosbot_interfaces/share/rosbot_interfaces/cmake/rosbot_interfaces__rosidl_typesupport_cppExport-noconfig.cmake
[0.287s] -- Up-to-date: /root/ros2_RSSI_Heatmap/install/rosbot_interfaces/share/rosbot_interfaces/cmake/export_rosbot_interfaces__rosidl_generator_pyExport.cmake
[0.287s] -- Up-to-date: /root/ros2_RSSI_Heatmap/install/rosbot_interfaces/share/rosbot_interfaces/cmake/export_rosbot_interfaces__rosidl_generator_pyExport-noconfig.cmake
[0.287s] -- Up-to-date: /root/ros2_RSSI_Heatmap/install/rosbot_interfaces/share/rosbot_interfaces/cmake/rosidl_cmake-extras.cmake
[0.287s] -- Up-to-date: /root/ros2_RSSI_Heatmap/install/rosbot_interfaces/share/rosbot_interfaces/cmake/ament_cmake_export_dependencies-extras.cmake
[0.288s] -- Up-to-date: /root/ros2_RSSI_Heatmap/install/rosbot_interfaces/share/rosbot_interfaces/cmake/ament_cmake_export_include_directories-extras.cmake
[0.288s] -- Up-to-date: /root/ros2_RSSI_Heatmap/install/rosbot_interfaces/share/rosbot_interfaces/cmake/ament_cmake_export_libraries-extras.cmake
[0.288s] -- Up-to-date: /root/ros2_RSSI_Heatmap/install/rosbot_interfaces/share/rosbot_interfaces/cmake/ament_cmake_export_targets-extras.cmake
[0.288s] -- Up-to-date: /root/ros2_RSSI_Heatmap/install/rosbot_interfaces/share/rosbot_interfaces/cmake/rosidl_cmake_export_typesupport_targets-extras.cmake
[0.288s] -- Up-to-date: /root/ros2_RSSI_Heatmap/install/rosbot_interfaces/share/rosbot_interfaces/cmake/rosidl_cmake_export_typesupport_libraries-extras.cmake
[0.288s] -- Up-to-date: /root/ros2_RSSI_Heatmap/install/rosbot_interfaces/share/rosbot_interfaces/cmake/rosidl_cmake_aggregate_target-extras.cmake
[0.288s] -- Up-to-date: /root/ros2_RSSI_Heatmap/install/rosbot_interfaces/share/rosbot_interfaces/cmake/rosbot_interfacesConfig.cmake
[0.288s] -- Up-to-date: /root/ros2_RSSI_Heatmap/install/rosbot_interfaces/share/rosbot_interfaces/cmake/rosbot_interfacesConfig-version.cmake
[0.288s] -- Up-to-date: /root/ros2_RSSI_Heatmap/install/rosbot_interfaces/share/rosbot_interfaces/package.xml
[0.289s] Invoked command in '/root/ros2_RSSI_Heatmap/build/rosbot_interfaces' returned '0': CMAKE_PREFIX_PATH=${CMAKE_PREFIX_PATH}:/root/turtlebot3_ws/install/turtlebot3_teleop:/root/turtlebot3_ws/install/turtlebot3_example:/opt/ros/jazzy /usr/bin/cmake --install /root/ros2_RSSI_Heatmap/build/rosbot_interfaces
