-- The C compiler identification is GNU 13.3.0
-- The CXX compiler identification is GNU 13.3.0
-- Detecting C compiler ABI info
-- Detecting C compiler ABI info - done
-- Check for working C compiler: /usr/bin/cc - skipped
-- Detecting C compile features
-- Detecting C compile features - done
-- Detecting CXX compiler ABI info
-- Detecting CXX compiler ABI info - done
-- Check for working CXX compiler: /usr/bin/c++ - skipped
-- Detecting CXX compile features
-- Detecting CXX compile features - done
-- Found ament_cmake: 2.5.6 (/opt/ros/jazzy/share/ament_cmake/cmake)
-- Found Python3: /usr/bin/python3 (found version "3.12.3") found components: Interpreter 
-- Found builtin_interfaces: 2.0.4 (/opt/ros/jazzy/share/builtin_interfaces/cmake)
-- Found rosidl_generator_c: 4.6.9 (/opt/ros/jazzy/share/rosidl_generator_c/cmake)
-- Found rosidl_generator_cpp: 4.6.9 (/opt/ros/jazzy/share/rosidl_generator_cpp/cmake)
-- Using all available rosidl_typesupport_c: rosidl_typesupport_fastrtps_c;rosidl_typesupport_introspection_c
-- Using all available rosidl_typesupport_cpp: rosidl_typesupport_fastrtps_cpp;rosidl_typesupport_introspection_cpp
-- Found rosidl_default_generators: 1.6.1 (/opt/ros/jazzy/share/rosidl_default_generators/cmake)
-- Found rosidl_adapter: 4.6.9 (/opt/ros/jazzy/share/rosidl_adapter/cmake)
-- Found geometry_msgs: 5.3.8 (/opt/ros/jazzy/share/geometry_msgs/cmake)
-- Found ament_cmake_ros: 0.12.1 (/opt/ros/jazzy/share/ament_cmake_ros/cmake)
-- Using all available rosidl_typesupport_c: rosidl_typesupport_fastrtps_c;rosidl_typesupport_introspection_c
-- Using all available rosidl_typesupport_cpp: rosidl_typesupport_fastrtps_cpp;rosidl_typesupport_introspection_cpp
-- Found python_cmake_module: 0.11.1 (/opt/ros/jazzy/share/python_cmake_module/cmake)
-- Found PythonExtra: /usr/bin/python3  
-- Found Python3: /usr/bin/python3 (found version "3.12.3") found components: Interpreter Development NumPy Development.Module Development.Embed 
-- Found Python3: /usr/bin/python3 (found version "3.12.3") found components: Interpreter 
-- Found ament_lint_auto: 0.17.5 (/opt/ros/jazzy/share/ament_lint_auto/cmake)
-- Added test 'copyright' to check source files copyright and LICENSE
-- Added test 'lint_cmake' to check CMake code style
-- Added test 'xmllint' to check XML markup files
-- Configuring done (3.6s)
-- Generating done (0.0s)
-- Build files have been written to: /root/ros2_RSSI_Heatmap/build/rosbot_interfaces
[  2%] [34m[1mGenerating Rust code for ROS interfaces[0m
[  2%] Built target rosbot_interfaces__rs
[  2%] Built target ament_cmake_python_copy_rosbot_interfaces
[  5%] [34m[1mGenerating type hashes for ROS interfaces[0m
[  5%] Built target rosbot_interfaces__rosidl_generator_type_description
running egg_info
creating rosbot_interfaces.egg-info
writing rosbot_interfaces.egg-info/PKG-INFO
writing dependency_links to rosbot_interfaces.egg-info/dependency_links.txt
writing top-level names to rosbot_interfaces.egg-info/top_level.txt
writing manifest file 'rosbot_interfaces.egg-info/SOURCES.txt'
reading manifest file 'rosbot_interfaces.egg-info/SOURCES.txt'
writing manifest file 'rosbot_interfaces.egg-info/SOURCES.txt'
[  5%] Built target ament_cmake_python_build_rosbot_interfaces_egg
[  8%] [34m[1mGenerating C++ code for ROS interfaces[0m
[  8%] Built target rosbot_interfaces__cpp
[ 11%] [34m[1mGenerating C code for ROS interfaces[0m
[ 14%] [32mBuilding C object CMakeFiles/rosbot_interfaces__rosidl_generator_c.dir/rosidl_generator_c/rosbot_interfaces/msg/detail/rssi_at_waypoint__description.c.o[0m
[ 17%] [32mBuilding C object CMakeFiles/rosbot_interfaces__rosidl_generator_c.dir/rosidl_generator_c/rosbot_interfaces/msg/detail/rssi_at_waypoint__type_support.c.o[0m
[ 20%] [32mBuilding C object CMakeFiles/rosbot_interfaces__rosidl_generator_c.dir/rosidl_generator_c/rosbot_interfaces/msg/detail/rssi_at_waypoint__functions.c.o[0m
[ 22%] [32m[1mLinking C shared library librosbot_interfaces__rosidl_generator_c.so[0m
[ 22%] Built target rosbot_interfaces__rosidl_generator_c
[ 25%] [34m[1mGenerating C type support for eProsima Fast-RTPS[0m
[ 28%] [32mBuilding CXX object CMakeFiles/rosbot_interfaces__rosidl_typesupport_fastrtps_c.dir/rosidl_typesupport_fastrtps_c/rosbot_interfaces/msg/detail/rssi_at_waypoint__type_support_c.cpp.o[0m
[ 31%] [32m[1mLinking CXX shared library librosbot_interfaces__rosidl_typesupport_fastrtps_c.so[0m
[ 31%] Built target rosbot_interfaces__rosidl_typesupport_fastrtps_c
[ 34%] [34m[1mGenerating C++ type support dispatch for ROS interfaces[0m
[ 37%] [32mBuilding CXX object CMakeFiles/rosbot_interfaces__rosidl_typesupport_cpp.dir/rosidl_typesupport_cpp/rosbot_interfaces/msg/rssi_at_waypoint__type_support.cpp.o[0m
[ 40%] [32m[1mLinking CXX shared library librosbot_interfaces__rosidl_typesupport_cpp.so[0m
[ 40%] Built target rosbot_interfaces__rosidl_typesupport_cpp
[ 42%] [34m[1mGenerating C++ introspection for ROS interfaces[0m
[ 45%] [32mBuilding CXX object CMakeFiles/rosbot_interfaces__rosidl_typesupport_introspection_cpp.dir/rosidl_typesupport_introspection_cpp/rosbot_interfaces/msg/detail/rssi_at_waypoint__type_support.cpp.o[0m
[ 48%] [32m[1mLinking CXX shared library librosbot_interfaces__rosidl_typesupport_introspection_cpp.so[0m
[ 48%] Built target rosbot_interfaces__rosidl_typesupport_introspection_cpp
[ 51%] [34m[1mGenerating C type support dispatch for ROS interfaces[0m
[ 54%] [32mBuilding CXX object CMakeFiles/rosbot_interfaces__rosidl_typesupport_c.dir/rosidl_typesupport_c/rosbot_interfaces/msg/rssi_at_waypoint__type_support.cpp.o[0m
[ 57%] [32m[1mLinking CXX shared library librosbot_interfaces__rosidl_typesupport_c.so[0m
[ 57%] Built target rosbot_interfaces__rosidl_typesupport_c
[ 60%] [34m[1mGenerating C introspection for ROS interfaces[0m
[ 62%] [32mBuilding C object CMakeFiles/rosbot_interfaces__rosidl_typesupport_introspection_c.dir/rosidl_typesupport_introspection_c/rosbot_interfaces/msg/detail/rssi_at_waypoint__type_support.c.o[0m
[ 65%] [32m[1mLinking C shared library librosbot_interfaces__rosidl_typesupport_introspection_c.so[0m
[ 65%] Built target rosbot_interfaces__rosidl_typesupport_introspection_c
[ 68%] [34m[1mGenerating C++ type support for eProsima Fast-RTPS[0m
[ 71%] [32mBuilding CXX object CMakeFiles/rosbot_interfaces__rosidl_typesupport_fastrtps_cpp.dir/rosidl_typesupport_fastrtps_cpp/rosbot_interfaces/msg/detail/dds_fastrtps/rssi_at_waypoint__type_support.cpp.o[0m
[ 74%] [32m[1mLinking CXX shared library librosbot_interfaces__rosidl_typesupport_fastrtps_cpp.so[0m
[ 74%] Built target rosbot_interfaces__rosidl_typesupport_fastrtps_cpp
[ 74%] Built target rosbot_interfaces
[ 77%] [34m[1mGenerating Python code for ROS interfaces[0m
[ 77%] Built target rosbot_interfaces__py
[ 80%] [32mBuilding C object CMakeFiles/rosbot_interfaces__rosidl_generator_py.dir/rosidl_generator_py/rosbot_interfaces/msg/_rssi_at_waypoint_s.c.o[0m
[ 82%] [32m[1mLinking C shared library librosbot_interfaces__rosidl_generator_py.so[0m
[ 82%] Built target rosbot_interfaces__rosidl_generator_py
[ 85%] [32mBuilding C object CMakeFiles/rosbot_interfaces_s__rosidl_typesupport_fastrtps_c.dir/rosidl_generator_py/rosbot_interfaces/_rosbot_interfaces_s.ep.rosidl_typesupport_fastrtps_c.c.o[0m
[ 88%] [32m[1mLinking C shared module rosidl_generator_py/rosbot_interfaces/rosbot_interfaces_s__rosidl_typesupport_fastrtps_c.so[0m
[ 88%] Built target rosbot_interfaces_s__rosidl_typesupport_fastrtps_c
[ 91%] [32mBuilding C object CMakeFiles/rosbot_interfaces_s__rosidl_typesupport_c.dir/rosidl_generator_py/rosbot_interfaces/_rosbot_interfaces_s.ep.rosidl_typesupport_c.c.o[0m
[ 94%] [32m[1mLinking C shared module rosidl_generator_py/rosbot_interfaces/rosbot_interfaces_s__rosidl_typesupport_c.so[0m
[ 94%] Built target rosbot_interfaces_s__rosidl_typesupport_c
[ 97%] [32mBuilding C object CMakeFiles/rosbot_interfaces_s__rosidl_typesupport_introspection_c.dir/rosidl_generator_py/rosbot_interfaces/_rosbot_interfaces_s.ep.rosidl_typesupport_introspection_c.c.o[0m
[100%] [32m[1mLinking C shared module rosidl_generator_py/rosbot_interfaces/rosbot_interfaces_s__rosidl_typesupport_introspection_c.so[0m
[100%] Built target rosbot_interfaces_s__rosidl_typesupport_introspection_c
-- Install configuration: ""
-- Installing: /root/ros2_RSSI_Heatmap/install/rosbot_interfaces/share/ament_index/resource_index/rosidl_interfaces/rosbot_interfaces
-- Installing: /root/ros2_RSSI_Heatmap/install/rosbot_interfaces/share/rosbot_interfaces/msg/RssiAtWaypoint.json
-- Installing: /root/ros2_RSSI_Heatmap/install/rosbot_interfaces/include/rosbot_interfaces/rosbot_interfaces
-- Installing: /root/ros2_RSSI_Heatmap/install/rosbot_interfaces/include/rosbot_interfaces/rosbot_interfaces/msg
-- Installing: /root/ros2_RSSI_Heatmap/install/rosbot_interfaces/include/rosbot_interfaces/rosbot_interfaces/msg/rssi_at_waypoint.h
-- Installing: /root/ros2_RSSI_Heatmap/install/rosbot_interfaces/include/rosbot_interfaces/rosbot_interfaces/msg/detail
-- Installing: /root/ros2_RSSI_Heatmap/install/rosbot_interfaces/include/rosbot_interfaces/rosbot_interfaces/msg/detail/rssi_at_waypoint__type_support.h
-- Installing: /root/ros2_RSSI_Heatmap/install/rosbot_interfaces/include/rosbot_interfaces/rosbot_interfaces/msg/detail/rssi_at_waypoint__description.c
-- Installing: /root/ros2_RSSI_Heatmap/install/rosbot_interfaces/include/rosbot_interfaces/rosbot_interfaces/msg/detail/rssi_at_waypoint__struct.h
-- Installing: /root/ros2_RSSI_Heatmap/install/rosbot_interfaces/include/rosbot_interfaces/rosbot_interfaces/msg/detail/rssi_at_waypoint__functions.h
-- Installing: /root/ros2_RSSI_Heatmap/install/rosbot_interfaces/include/rosbot_interfaces/rosbot_interfaces/msg/detail/rssi_at_waypoint__functions.c
-- Installing: /root/ros2_RSSI_Heatmap/install/rosbot_interfaces/include/rosbot_interfaces/rosbot_interfaces/msg/detail/rssi_at_waypoint__type_support.c
-- Installing: /root/ros2_RSSI_Heatmap/install/rosbot_interfaces/include/rosbot_interfaces/rosbot_interfaces/msg/rosidl_generator_c__visibility_control.h
-- Installing: /root/ros2_RSSI_Heatmap/install/rosbot_interfaces/share/rosbot_interfaces/environment/library_path.sh
-- Installing: /root/ros2_RSSI_Heatmap/install/rosbot_interfaces/share/rosbot_interfaces/environment/library_path.dsv
-- Installing: /root/ros2_RSSI_Heatmap/install/rosbot_interfaces/lib/librosbot_interfaces__rosidl_generator_c.so
-- Set non-toolchain portion of runtime path of "/root/ros2_RSSI_Heatmap/install/rosbot_interfaces/lib/librosbot_interfaces__rosidl_generator_c.so" to ""
-- Up-to-date: /root/ros2_RSSI_Heatmap/install/rosbot_interfaces/include/rosbot_interfaces/rosbot_interfaces
-- Up-to-date: /root/ros2_RSSI_Heatmap/install/rosbot_interfaces/include/rosbot_interfaces/rosbot_interfaces/msg
-- Installing: /root/ros2_RSSI_Heatmap/install/rosbot_interfaces/include/rosbot_interfaces/rosbot_interfaces/msg/rosidl_typesupport_fastrtps_c__visibility_control.h
-- Up-to-date: /root/ros2_RSSI_Heatmap/install/rosbot_interfaces/include/rosbot_interfaces/rosbot_interfaces/msg/detail
-- Installing: /root/ros2_RSSI_Heatmap/install/rosbot_interfaces/include/rosbot_interfaces/rosbot_interfaces/msg/detail/rssi_at_waypoint__rosidl_typesupport_fastrtps_c.h
-- Installing: /root/ros2_RSSI_Heatmap/install/rosbot_interfaces/lib/librosbot_interfaces__rosidl_typesupport_fastrtps_c.so
-- Set non-toolchain portion of runtime path of "/root/ros2_RSSI_Heatmap/install/rosbot_interfaces/lib/librosbot_interfaces__rosidl_typesupport_fastrtps_c.so" to ""
-- Up-to-date: /root/ros2_RSSI_Heatmap/install/rosbot_interfaces/include/rosbot_interfaces/rosbot_interfaces
-- Up-to-date: /root/ros2_RSSI_Heatmap/install/rosbot_interfaces/include/rosbot_interfaces/rosbot_interfaces/msg
-- Installing: /root/ros2_RSSI_Heatmap/install/rosbot_interfaces/include/rosbot_interfaces/rosbot_interfaces/msg/rssi_at_waypoint.hpp
-- Up-to-date: /root/ros2_RSSI_Heatmap/install/rosbot_interfaces/include/rosbot_interfaces/rosbot_interfaces/msg/detail
-- Installing: /root/ros2_RSSI_Heatmap/install/rosbot_interfaces/include/rosbot_interfaces/rosbot_interfaces/msg/detail/rssi_at_waypoint__traits.hpp
-- Installing: /root/ros2_RSSI_Heatmap/install/rosbot_interfaces/include/rosbot_interfaces/rosbot_interfaces/msg/detail/rssi_at_waypoint__struct.hpp
-- Installing: /root/ros2_RSSI_Heatmap/install/rosbot_interfaces/include/rosbot_interfaces/rosbot_interfaces/msg/detail/rssi_at_waypoint__builder.hpp
-- Installing: /root/ros2_RSSI_Heatmap/install/rosbot_interfaces/include/rosbot_interfaces/rosbot_interfaces/msg/detail/rssi_at_waypoint__type_support.hpp
-- Installing: /root/ros2_RSSI_Heatmap/install/rosbot_interfaces/include/rosbot_interfaces/rosbot_interfaces/msg/rosidl_generator_cpp__visibility_control.hpp
-- Up-to-date: /root/ros2_RSSI_Heatmap/install/rosbot_interfaces/include/rosbot_interfaces/rosbot_interfaces
-- Up-to-date: /root/ros2_RSSI_Heatmap/install/rosbot_interfaces/include/rosbot_interfaces/rosbot_interfaces/msg
-- Installing: /root/ros2_RSSI_Heatmap/install/rosbot_interfaces/include/rosbot_interfaces/rosbot_interfaces/msg/rosidl_typesupport_fastrtps_cpp__visibility_control.h
-- Up-to-date: /root/ros2_RSSI_Heatmap/install/rosbot_interfaces/include/rosbot_interfaces/rosbot_interfaces/msg/detail
-- Installing: /root/ros2_RSSI_Heatmap/install/rosbot_interfaces/include/rosbot_interfaces/rosbot_interfaces/msg/detail/rssi_at_waypoint__rosidl_typesupport_fastrtps_cpp.hpp
-- Installing: /root/ros2_RSSI_Heatmap/install/rosbot_interfaces/include/rosbot_interfaces/rosbot_interfaces/msg/detail/dds_fastrtps
-- Installing: /root/ros2_RSSI_Heatmap/install/rosbot_interfaces/lib/librosbot_interfaces__rosidl_typesupport_fastrtps_cpp.so
-- Set non-toolchain portion of runtime path of "/root/ros2_RSSI_Heatmap/install/rosbot_interfaces/lib/librosbot_interfaces__rosidl_typesupport_fastrtps_cpp.so" to ""
-- Up-to-date: /root/ros2_RSSI_Heatmap/install/rosbot_interfaces/include/rosbot_interfaces/rosbot_interfaces
-- Up-to-date: /root/ros2_RSSI_Heatmap/install/rosbot_interfaces/include/rosbot_interfaces/rosbot_interfaces/msg
-- Up-to-date: /root/ros2_RSSI_Heatmap/install/rosbot_interfaces/include/rosbot_interfaces/rosbot_interfaces/msg/detail
-- Installing: /root/ros2_RSSI_Heatmap/install/rosbot_interfaces/include/rosbot_interfaces/rosbot_interfaces/msg/detail/rssi_at_waypoint__rosidl_typesupport_introspection_c.h
-- Installing: /root/ros2_RSSI_Heatmap/install/rosbot_interfaces/include/rosbot_interfaces/rosbot_interfaces/msg/detail/rssi_at_waypoint__type_support.c
-- Installing: /root/ros2_RSSI_Heatmap/install/rosbot_interfaces/include/rosbot_interfaces/rosbot_interfaces/msg/rosidl_typesupport_introspection_c__visibility_control.h
-- Installing: /root/ros2_RSSI_Heatmap/install/rosbot_interfaces/lib/librosbot_interfaces__rosidl_typesupport_introspection_c.so
-- Set non-toolchain portion of runtime path of "/root/ros2_RSSI_Heatmap/install/rosbot_interfaces/lib/librosbot_interfaces__rosidl_typesupport_introspection_c.so" to ""
-- Installing: /root/ros2_RSSI_Heatmap/install/rosbot_interfaces/lib/librosbot_interfaces__rosidl_typesupport_c.so
-- Set non-toolchain portion of runtime path of "/root/ros2_RSSI_Heatmap/install/rosbot_interfaces/lib/librosbot_interfaces__rosidl_typesupport_c.so" to ""
-- Up-to-date: /root/ros2_RSSI_Heatmap/install/rosbot_interfaces/include/rosbot_interfaces/rosbot_interfaces
-- Up-to-date: /root/ros2_RSSI_Heatmap/install/rosbot_interfaces/include/rosbot_interfaces/rosbot_interfaces/msg
-- Up-to-date: /root/ros2_RSSI_Heatmap/install/rosbot_interfaces/include/rosbot_interfaces/rosbot_interfaces/msg/detail
-- Installing: /root/ros2_RSSI_Heatmap/install/rosbot_interfaces/include/rosbot_interfaces/rosbot_interfaces/msg/detail/rssi_at_waypoint__type_support.cpp
-- Installing: /root/ros2_RSSI_Heatmap/install/rosbot_interfaces/include/rosbot_interfaces/rosbot_interfaces/msg/detail/rssi_at_waypoint__rosidl_typesupport_introspection_cpp.hpp
-- Installing: /root/ros2_RSSI_Heatmap/install/rosbot_interfaces/lib/librosbot_interfaces__rosidl_typesupport_introspection_cpp.so
-- Set non-toolchain portion of runtime path of "/root/ros2_RSSI_Heatmap/install/rosbot_interfaces/lib/librosbot_interfaces__rosidl_typesupport_introspection_cpp.so" to ""
-- Installing: /root/ros2_RSSI_Heatmap/install/rosbot_interfaces/lib/librosbot_interfaces__rosidl_typesupport_cpp.so
-- Set non-toolchain portion of runtime path of "/root/ros2_RSSI_Heatmap/install/rosbot_interfaces/lib/librosbot_interfaces__rosidl_typesupport_cpp.so" to ""
-- Installing: /root/ros2_RSSI_Heatmap/install/rosbot_interfaces/share/rosbot_interfaces/environment/pythonpath.sh
-- Installing: /root/ros2_RSSI_Heatmap/install/rosbot_interfaces/share/rosbot_interfaces/environment/pythonpath.dsv
-- Installing: /root/ros2_RSSI_Heatmap/install/rosbot_interfaces/lib/python3.12/site-packages/rosbot_interfaces-1.0.0-py3.12.egg-info
-- Installing: /root/ros2_RSSI_Heatmap/install/rosbot_interfaces/lib/python3.12/site-packages/rosbot_interfaces-1.0.0-py3.12.egg-info/SOURCES.txt
-- Installing: /root/ros2_RSSI_Heatmap/install/rosbot_interfaces/lib/python3.12/site-packages/rosbot_interfaces-1.0.0-py3.12.egg-info/dependency_links.txt
-- Installing: /root/ros2_RSSI_Heatmap/install/rosbot_interfaces/lib/python3.12/site-packages/rosbot_interfaces-1.0.0-py3.12.egg-info/top_level.txt
-- Installing: /root/ros2_RSSI_Heatmap/install/rosbot_interfaces/lib/python3.12/site-packages/rosbot_interfaces-1.0.0-py3.12.egg-info/PKG-INFO
-- Installing: /root/ros2_RSSI_Heatmap/install/rosbot_interfaces/lib/python3.12/site-packages/rosbot_interfaces
-- Installing: /root/ros2_RSSI_Heatmap/install/rosbot_interfaces/lib/python3.12/site-packages/rosbot_interfaces/msg
-- Installing: /root/ros2_RSSI_Heatmap/install/rosbot_interfaces/lib/python3.12/site-packages/rosbot_interfaces/msg/_rssi_at_waypoint_s.c
-- Installing: /root/ros2_RSSI_Heatmap/install/rosbot_interfaces/lib/python3.12/site-packages/rosbot_interfaces/msg/__init__.py
-- Installing: /root/ros2_RSSI_Heatmap/install/rosbot_interfaces/lib/python3.12/site-packages/rosbot_interfaces/msg/_rssi_at_waypoint.py
-- Installing: /root/ros2_RSSI_Heatmap/install/rosbot_interfaces/lib/python3.12/site-packages/rosbot_interfaces/__init__.py
-- Installing: /root/ros2_RSSI_Heatmap/install/rosbot_interfaces/lib/python3.12/site-packages/rosbot_interfaces/rosbot_interfaces_s__rosidl_typesupport_fastrtps_c.so
-- Installing: /root/ros2_RSSI_Heatmap/install/rosbot_interfaces/lib/python3.12/site-packages/rosbot_interfaces/rosbot_interfaces_s__rosidl_typesupport_c.so
-- Installing: /root/ros2_RSSI_Heatmap/install/rosbot_interfaces/lib/python3.12/site-packages/rosbot_interfaces/_rosbot_interfaces_s.ep.rosidl_typesupport_fastrtps_c.c
-- Installing: /root/ros2_RSSI_Heatmap/install/rosbot_interfaces/lib/python3.12/site-packages/rosbot_interfaces/_rosbot_interfaces_s.ep.rosidl_typesupport_c.c
-- Installing: /root/ros2_RSSI_Heatmap/install/rosbot_interfaces/lib/python3.12/site-packages/rosbot_interfaces/_rosbot_interfaces_s.ep.rosidl_typesupport_introspection_c.c
-- Installing: /root/ros2_RSSI_Heatmap/install/rosbot_interfaces/lib/python3.12/site-packages/rosbot_interfaces/rosbot_interfaces_s__rosidl_typesupport_introspection_c.so
Listing '/root/ros2_RSSI_Heatmap/install/rosbot_interfaces/lib/python3.12/site-packages/rosbot_interfaces'...
Compiling '/root/ros2_RSSI_Heatmap/install/rosbot_interfaces/lib/python3.12/site-packages/rosbot_interfaces/__init__.py'...
Listing '/root/ros2_RSSI_Heatmap/install/rosbot_interfaces/lib/python3.12/site-packages/rosbot_interfaces/msg'...
Compiling '/root/ros2_RSSI_Heatmap/install/rosbot_interfaces/lib/python3.12/site-packages/rosbot_interfaces/msg/__init__.py'...
Compiling '/root/ros2_RSSI_Heatmap/install/rosbot_interfaces/lib/python3.12/site-packages/rosbot_interfaces/msg/_rssi_at_waypoint.py'...
-- Installing: /root/ros2_RSSI_Heatmap/install/rosbot_interfaces/lib/python3.12/site-packages/rosbot_interfaces/rosbot_interfaces_s__rosidl_typesupport_fastrtps_c.so
-- Set non-toolchain portion of runtime path of "/root/ros2_RSSI_Heatmap/install/rosbot_interfaces/lib/python3.12/site-packages/rosbot_interfaces/rosbot_interfaces_s__rosidl_typesupport_fastrtps_c.so" to ""
-- Installing: /root/ros2_RSSI_Heatmap/install/rosbot_interfaces/lib/python3.12/site-packages/rosbot_interfaces/rosbot_interfaces_s__rosidl_typesupport_introspection_c.so
-- Set non-toolchain portion of runtime path of "/root/ros2_RSSI_Heatmap/install/rosbot_interfaces/lib/python3.12/site-packages/rosbot_interfaces/rosbot_interfaces_s__rosidl_typesupport_introspection_c.so" to ""
-- Installing: /root/ros2_RSSI_Heatmap/install/rosbot_interfaces/lib/python3.12/site-packages/rosbot_interfaces/rosbot_interfaces_s__rosidl_typesupport_c.so
-- Set non-toolchain portion of runtime path of "/root/ros2_RSSI_Heatmap/install/rosbot_interfaces/lib/python3.12/site-packages/rosbot_interfaces/rosbot_interfaces_s__rosidl_typesupport_c.so" to ""
-- Installing: /root/ros2_RSSI_Heatmap/install/rosbot_interfaces/lib/librosbot_interfaces__rosidl_generator_py.so
-- Set non-toolchain portion of runtime path of "/root/ros2_RSSI_Heatmap/install/rosbot_interfaces/lib/librosbot_interfaces__rosidl_generator_py.so" to ""
-- Installing: /root/ros2_RSSI_Heatmap/install/rosbot_interfaces/share/ament_index/resource_index/rust_packages/rosbot_interfaces
-- Installing: /root/ros2_RSSI_Heatmap/install/rosbot_interfaces/share/rosbot_interfaces/rust
-- Installing: /root/ros2_RSSI_Heatmap/install/rosbot_interfaces/share/rosbot_interfaces/rust/src
-- Installing: /root/ros2_RSSI_Heatmap/install/rosbot_interfaces/share/rosbot_interfaces/rust/src/msg
-- Installing: /root/ros2_RSSI_Heatmap/install/rosbot_interfaces/share/rosbot_interfaces/rust/src/msg/rmw.rs
-- Installing: /root/ros2_RSSI_Heatmap/install/rosbot_interfaces/share/rosbot_interfaces/rust/src/lib.rs
-- Installing: /root/ros2_RSSI_Heatmap/install/rosbot_interfaces/share/rosbot_interfaces/rust/src/msg.rs
-- Installing: /root/ros2_RSSI_Heatmap/install/rosbot_interfaces/share/rosbot_interfaces/rust/Cargo.toml
-- Installing: /root/ros2_RSSI_Heatmap/install/rosbot_interfaces/share/rosbot_interfaces/rust/build.rs
-- Installing: /root/ros2_RSSI_Heatmap/install/rosbot_interfaces/share/rosbot_interfaces/msg/RssiAtWaypoint.idl
-- Installing: /root/ros2_RSSI_Heatmap/install/rosbot_interfaces/share/rosbot_interfaces/msg/RssiAtWaypoint.msg
-- Installing: /root/ros2_RSSI_Heatmap/install/rosbot_interfaces/share/ament_index/resource_index/package_run_dependencies/rosbot_interfaces
-- Installing: /root/ros2_RSSI_Heatmap/install/rosbot_interfaces/share/ament_index/resource_index/parent_prefix_path/rosbot_interfaces
-- Installing: /root/ros2_RSSI_Heatmap/install/rosbot_interfaces/share/rosbot_interfaces/environment/ament_prefix_path.sh
-- Installing: /root/ros2_RSSI_Heatmap/install/rosbot_interfaces/share/rosbot_interfaces/environment/ament_prefix_path.dsv
-- Installing: /root/ros2_RSSI_Heatmap/install/rosbot_interfaces/share/rosbot_interfaces/environment/path.sh
-- Installing: /root/ros2_RSSI_Heatmap/install/rosbot_interfaces/share/rosbot_interfaces/environment/path.dsv
-- Installing: /root/ros2_RSSI_Heatmap/install/rosbot_interfaces/share/rosbot_interfaces/local_setup.bash
-- Installing: /root/ros2_RSSI_Heatmap/install/rosbot_interfaces/share/rosbot_interfaces/local_setup.sh
-- Installing: /root/ros2_RSSI_Heatmap/install/rosbot_interfaces/share/rosbot_interfaces/local_setup.zsh
-- Installing: /root/ros2_RSSI_Heatmap/install/rosbot_interfaces/share/rosbot_interfaces/local_setup.dsv
-- Installing: /root/ros2_RSSI_Heatmap/install/rosbot_interfaces/share/rosbot_interfaces/package.dsv
-- Installing: /root/ros2_RSSI_Heatmap/install/rosbot_interfaces/share/ament_index/resource_index/packages/rosbot_interfaces
-- Installing: /root/ros2_RSSI_Heatmap/install/rosbot_interfaces/share/rosbot_interfaces/cmake/export_rosbot_interfaces__rosidl_generator_cExport.cmake
-- Installing: /root/ros2_RSSI_Heatmap/install/rosbot_interfaces/share/rosbot_interfaces/cmake/export_rosbot_interfaces__rosidl_generator_cExport-noconfig.cmake
-- Installing: /root/ros2_RSSI_Heatmap/install/rosbot_interfaces/share/rosbot_interfaces/cmake/export_rosbot_interfaces__rosidl_typesupport_fastrtps_cExport.cmake
-- Installing: /root/ros2_RSSI_Heatmap/install/rosbot_interfaces/share/rosbot_interfaces/cmake/export_rosbot_interfaces__rosidl_typesupport_fastrtps_cExport-noconfig.cmake
-- Installing: /root/ros2_RSSI_Heatmap/install/rosbot_interfaces/share/rosbot_interfaces/cmake/export_rosbot_interfaces__rosidl_generator_cppExport.cmake
-- Installing: /root/ros2_RSSI_Heatmap/install/rosbot_interfaces/share/rosbot_interfaces/cmake/export_rosbot_interfaces__rosidl_typesupport_fastrtps_cppExport.cmake
-- Installing: /root/ros2_RSSI_Heatmap/install/rosbot_interfaces/share/rosbot_interfaces/cmake/export_rosbot_interfaces__rosidl_typesupport_fastrtps_cppExport-noconfig.cmake
-- Installing: /root/ros2_RSSI_Heatmap/install/rosbot_interfaces/share/rosbot_interfaces/cmake/rosbot_interfaces__rosidl_typesupport_introspection_cExport.cmake
-- Installing: /root/ros2_RSSI_Heatmap/install/rosbot_interfaces/share/rosbot_interfaces/cmake/rosbot_interfaces__rosidl_typesupport_introspection_cExport-noconfig.cmake
-- Installing: /root/ros2_RSSI_Heatmap/install/rosbot_interfaces/share/rosbot_interfaces/cmake/rosbot_interfaces__rosidl_typesupport_cExport.cmake
-- Installing: /root/ros2_RSSI_Heatmap/install/rosbot_interfaces/share/rosbot_interfaces/cmake/rosbot_interfaces__rosidl_typesupport_cExport-noconfig.cmake
-- Installing: /root/ros2_RSSI_Heatmap/install/rosbot_interfaces/share/rosbot_interfaces/cmake/rosbot_interfaces__rosidl_typesupport_introspection_cppExport.cmake
-- Installing: /root/ros2_RSSI_Heatmap/install/rosbot_interfaces/share/rosbot_interfaces/cmake/rosbot_interfaces__rosidl_typesupport_introspection_cppExport-noconfig.cmake
-- Installing: /root/ros2_RSSI_Heatmap/install/rosbot_interfaces/share/rosbot_interfaces/cmake/rosbot_interfaces__rosidl_typesupport_cppExport.cmake
-- Installing: /root/ros2_RSSI_Heatmap/install/rosbot_interfaces/share/rosbot_interfaces/cmake/rosbot_interfaces__rosidl_typesupport_cppExport-noconfig.cmake
-- Installing: /root/ros2_RSSI_Heatmap/install/rosbot_interfaces/share/rosbot_interfaces/cmake/export_rosbot_interfaces__rosidl_generator_pyExport.cmake
-- Installing: /root/ros2_RSSI_Heatmap/install/rosbot_interfaces/share/rosbot_interfaces/cmake/export_rosbot_interfaces__rosidl_generator_pyExport-noconfig.cmake
-- Installing: /root/ros2_RSSI_Heatmap/install/rosbot_interfaces/share/rosbot_interfaces/cmake/rosidl_cmake-extras.cmake
-- Installing: /root/ros2_RSSI_Heatmap/install/rosbot_interfaces/share/rosbot_interfaces/cmake/ament_cmake_export_dependencies-extras.cmake
-- Installing: /root/ros2_RSSI_Heatmap/install/rosbot_interfaces/share/rosbot_interfaces/cmake/ament_cmake_export_include_directories-extras.cmake
-- Installing: /root/ros2_RSSI_Heatmap/install/rosbot_interfaces/share/rosbot_interfaces/cmake/ament_cmake_export_libraries-extras.cmake
-- Installing: /root/ros2_RSSI_Heatmap/install/rosbot_interfaces/share/rosbot_interfaces/cmake/ament_cmake_export_targets-extras.cmake
-- Installing: /root/ros2_RSSI_Heatmap/install/rosbot_interfaces/share/rosbot_interfaces/cmake/rosidl_cmake_export_typesupport_targets-extras.cmake
-- Installing: /root/ros2_RSSI_Heatmap/install/rosbot_interfaces/share/rosbot_interfaces/cmake/rosidl_cmake_export_typesupport_libraries-extras.cmake
-- Installing: /root/ros2_RSSI_Heatmap/install/rosbot_interfaces/share/rosbot_interfaces/cmake/rosidl_cmake_aggregate_target-extras.cmake
-- Installing: /root/ros2_RSSI_Heatmap/install/rosbot_interfaces/share/rosbot_interfaces/cmake/rosbot_interfacesConfig.cmake
-- Installing: /root/ros2_RSSI_Heatmap/install/rosbot_interfaces/share/rosbot_interfaces/cmake/rosbot_interfacesConfig-version.cmake
-- Installing: /root/ros2_RSSI_Heatmap/install/rosbot_interfaces/share/rosbot_interfaces/package.xml
