[0.032s] Invoking command in '/root/ros2_RSSI_Heatmap/build/rosbot_interfaces': CMAKE_PREFIX_PATH=${CMAKE_PREFIX_PATH}:/root/turtlebot3_ws/install/turtlebot3_teleop:/root/turtlebot3_ws/install/turtlebot3_example:/opt/ros/jazzy /usr/bin/cmake /root/ros2_RSSI_Heatmap/src/rosbot_interfaces -DCMAKE_INSTALL_PREFIX=/root/ros2_RSSI_Heatmap/install/rosbot_interfaces
[0.280s] -- The C compiler identification is GNU 13.3.0
[0.394s] -- The CXX compiler identification is GNU 13.3.0
[0.414s] -- Detecting C compiler ABI info
[0.517s] -- Detecting C compiler ABI info - done
[0.525s] -- Check for working C compiler: /usr/bin/cc - skipped
[0.525s] -- Detecting C compile features
[0.526s] -- Detecting C compile features - done
[0.540s] -- Detecting CXX compiler ABI info
[0.635s] -- Detecting CXX compiler ABI info - done
[0.641s] -- Check for working CXX compiler: /usr/bin/c++ - skipped
[0.641s] -- Detecting CXX compile features
[0.641s] -- Detecting CXX compile features - done
[0.678s] -- Found ament_cmake: 2.5.6 (/opt/ros/jazzy/share/ament_cmake/cmake)
[0.833s] -- Found Python3: /usr/bin/python3 (found version "3.12.3") found components: Interpreter 
[0.987s] -- Found builtin_interfaces: 2.0.4 (/opt/ros/jazzy/share/builtin_interfaces/cmake)
[1.062s] -- Found rosidl_generator_c: 4.6.9 (/opt/ros/jazzy/share/rosidl_generator_c/cmake)
[1.081s] -- Found rosidl_generator_cpp: 4.6.9 (/opt/ros/jazzy/share/rosidl_generator_cpp/cmake)
[1.121s] -- Using all available rosidl_typesupport_c: rosidl_typesupport_fastrtps_c;rosidl_typesupport_introspection_c
[1.154s] -- Using all available rosidl_typesupport_cpp: rosidl_typesupport_fastrtps_cpp;rosidl_typesupport_introspection_cpp
[1.181s] -- Found rosidl_default_generators: 1.6.1 (/opt/ros/jazzy/share/rosidl_default_generators/cmake)
[1.217s] -- Found rosidl_adapter: 4.6.9 (/opt/ros/jazzy/share/rosidl_adapter/cmake)
[1.223s] -- Found geometry_msgs: 5.3.8 (/opt/ros/jazzy/share/geometry_msgs/cmake)
[1.828s] -- Found ament_cmake_ros: 0.12.1 (/opt/ros/jazzy/share/ament_cmake_ros/cmake)
[2.583s] -- Using all available rosidl_typesupport_c: rosidl_typesupport_fastrtps_c;rosidl_typesupport_introspection_c
[2.873s] -- Using all available rosidl_typesupport_cpp: rosidl_typesupport_fastrtps_cpp;rosidl_typesupport_introspection_cpp
[2.877s] -- Found python_cmake_module: 0.11.1 (/opt/ros/jazzy/share/python_cmake_module/cmake)
[3.007s] -- Found PythonExtra: /usr/bin/python3  
[3.517s] -- Found Python3: /usr/bin/python3 (found version "3.12.3") found components: Interpreter Development NumPy Development.Module Development.Embed 
[3.613s] -- Found Python3: /usr/bin/python3 (found version "3.12.3") found components: Interpreter 
[3.618s] -- Found ament_lint_auto: 0.17.5 (/opt/ros/jazzy/share/ament_lint_auto/cmake)
[3.664s] -- Added test 'copyright' to check source files copyright and LICENSE
[3.666s] -- Added test 'lint_cmake' to check CMake code style
[3.668s] -- Added test 'xmllint' to check XML markup files
[3.671s] -- Configuring done (3.6s)
[3.702s] -- Generating done (0.0s)
[3.713s] -- Build files have been written to: /root/ros2_RSSI_Heatmap/build/rosbot_interfaces
[3.736s] Invoked command in '/root/ros2_RSSI_Heatmap/build/rosbot_interfaces' returned '0': CMAKE_PREFIX_PATH=${CMAKE_PREFIX_PATH}:/root/turtlebot3_ws/install/turtlebot3_teleop:/root/turtlebot3_ws/install/turtlebot3_example:/opt/ros/jazzy /usr/bin/cmake /root/ros2_RSSI_Heatmap/src/rosbot_interfaces -DCMAKE_INSTALL_PREFIX=/root/ros2_RSSI_Heatmap/install/rosbot_interfaces
[3.737s] Invoking command in '/root/ros2_RSSI_Heatmap/build/rosbot_interfaces': CMAKE_PREFIX_PATH=${CMAKE_PREFIX_PATH}:/root/turtlebot3_ws/install/turtlebot3_teleop:/root/turtlebot3_ws/install/turtlebot3_example:/opt/ros/jazzy /usr/bin/cmake --build /root/ros2_RSSI_Heatmap/build/rosbot_interfaces -- -j16 -l16
[3.791s] [  2%] [34m[1mGenerating Rust code for ROS interfaces[0m
[4.021s] [  2%] Built target rosbot_interfaces__rs
[4.052s] [  2%] Built target ament_cmake_python_copy_rosbot_interfaces
[4.075s] [  5%] [34m[1mGenerating type hashes for ROS interfaces[0m
[4.235s] [  5%] Built target rosbot_interfaces__rosidl_generator_type_description
[4.385s] running egg_info
[4.386s] creating rosbot_interfaces.egg-info
[4.397s] writing rosbot_interfaces.egg-info/PKG-INFO
[4.397s] writing dependency_links to rosbot_interfaces.egg-info/dependency_links.txt
[4.397s] writing top-level names to rosbot_interfaces.egg-info/top_level.txt
[4.397s] writing manifest file 'rosbot_interfaces.egg-info/SOURCES.txt'
[4.423s] reading manifest file 'rosbot_interfaces.egg-info/SOURCES.txt'
[4.424s] writing manifest file 'rosbot_interfaces.egg-info/SOURCES.txt'
[4.458s] [  5%] Built target ament_cmake_python_build_rosbot_interfaces_egg
[4.484s] [  8%] [34m[1mGenerating C++ code for ROS interfaces[0m
[4.711s] [  8%] Built target rosbot_interfaces__cpp
[4.723s] [ 11%] [34m[1mGenerating C code for ROS interfaces[0m
[4.972s] [ 14%] [32mBuilding C object CMakeFiles/rosbot_interfaces__rosidl_generator_c.dir/rosidl_generator_c/rosbot_interfaces/msg/detail/rssi_at_waypoint__description.c.o[0m
[5.032s] [ 17%] [32mBuilding C object CMakeFiles/rosbot_interfaces__rosidl_generator_c.dir/rosidl_generator_c/rosbot_interfaces/msg/detail/rssi_at_waypoint__type_support.c.o[0m
[5.059s] [ 20%] [32mBuilding C object CMakeFiles/rosbot_interfaces__rosidl_generator_c.dir/rosidl_generator_c/rosbot_interfaces/msg/detail/rssi_at_waypoint__functions.c.o[0m
[5.113s] [ 22%] [32m[1mLinking C shared library librosbot_interfaces__rosidl_generator_c.so[0m
[5.159s] [ 22%] Built target rosbot_interfaces__rosidl_generator_c
[5.168s] [ 25%] [34m[1mGenerating C type support for eProsima Fast-RTPS[0m
[5.379s] [ 28%] [32mBuilding CXX object CMakeFiles/rosbot_interfaces__rosidl_typesupport_fastrtps_c.dir/rosidl_typesupport_fastrtps_c/rosbot_interfaces/msg/detail/rssi_at_waypoint__type_support_c.cpp.o[0m
[5.831s] [ 31%] [32m[1mLinking CXX shared library librosbot_interfaces__rosidl_typesupport_fastrtps_c.so[0m
[5.883s] [ 31%] Built target rosbot_interfaces__rosidl_typesupport_fastrtps_c
[5.896s] [ 34%] [34m[1mGenerating C++ type support dispatch for ROS interfaces[0m
[6.074s] [ 37%] [32mBuilding CXX object CMakeFiles/rosbot_interfaces__rosidl_typesupport_cpp.dir/rosidl_typesupport_cpp/rosbot_interfaces/msg/rssi_at_waypoint__type_support.cpp.o[0m
[6.299s] [ 40%] [32m[1mLinking CXX shared library librosbot_interfaces__rosidl_typesupport_cpp.so[0m
[6.342s] [ 40%] Built target rosbot_interfaces__rosidl_typesupport_cpp
[6.357s] [ 42%] [34m[1mGenerating C++ introspection for ROS interfaces[0m
[6.552s] [ 45%] [32mBuilding CXX object CMakeFiles/rosbot_interfaces__rosidl_typesupport_introspection_cpp.dir/rosidl_typesupport_introspection_cpp/rosbot_interfaces/msg/detail/rssi_at_waypoint__type_support.cpp.o[0m
[6.778s] [ 48%] [32m[1mLinking CXX shared library librosbot_interfaces__rosidl_typesupport_introspection_cpp.so[0m
[6.837s] [ 48%] Built target rosbot_interfaces__rosidl_typesupport_introspection_cpp
[6.847s] [ 51%] [34m[1mGenerating C type support dispatch for ROS interfaces[0m
[7.027s] [ 54%] [32mBuilding CXX object CMakeFiles/rosbot_interfaces__rosidl_typesupport_c.dir/rosidl_typesupport_c/rosbot_interfaces/msg/rssi_at_waypoint__type_support.cpp.o[0m
[7.064s] [ 57%] [32m[1mLinking CXX shared library librosbot_interfaces__rosidl_typesupport_c.so[0m
[7.101s] [ 57%] Built target rosbot_interfaces__rosidl_typesupport_c
[7.110s] [ 60%] [34m[1mGenerating C introspection for ROS interfaces[0m
[7.309s] [ 62%] [32mBuilding C object CMakeFiles/rosbot_interfaces__rosidl_typesupport_introspection_c.dir/rosidl_typesupport_introspection_c/rosbot_interfaces/msg/detail/rssi_at_waypoint__type_support.c.o[0m
[7.345s] [ 65%] [32m[1mLinking C shared library librosbot_interfaces__rosidl_typesupport_introspection_c.so[0m
[7.378s] [ 65%] Built target rosbot_interfaces__rosidl_typesupport_introspection_c
[7.388s] [ 68%] [34m[1mGenerating C++ type support for eProsima Fast-RTPS[0m
[7.590s] [ 71%] [32mBuilding CXX object CMakeFiles/rosbot_interfaces__rosidl_typesupport_fastrtps_cpp.dir/rosidl_typesupport_fastrtps_cpp/rosbot_interfaces/msg/detail/dds_fastrtps/rssi_at_waypoint__type_support.cpp.o[0m
[7.917s] [ 74%] [32m[1mLinking CXX shared library librosbot_interfaces__rosidl_typesupport_fastrtps_cpp.so[0m
[7.964s] [ 74%] Built target rosbot_interfaces__rosidl_typesupport_fastrtps_cpp
[7.988s] [ 74%] Built target rosbot_interfaces
[8.013s] [ 77%] [34m[1mGenerating Python code for ROS interfaces[0m
[8.294s] [ 77%] Built target rosbot_interfaces__py
[8.318s] [ 80%] [32mBuilding C object CMakeFiles/rosbot_interfaces__rosidl_generator_py.dir/rosidl_generator_py/rosbot_interfaces/msg/_rssi_at_waypoint_s.c.o[0m
[8.728s] [ 82%] [32m[1mLinking C shared library librosbot_interfaces__rosidl_generator_py.so[0m
[8.768s] [ 82%] Built target rosbot_interfaces__rosidl_generator_py
[8.790s] [ 85%] [32mBuilding C object CMakeFiles/rosbot_interfaces_s__rosidl_typesupport_fastrtps_c.dir/rosidl_generator_py/rosbot_interfaces/_rosbot_interfaces_s.ep.rosidl_typesupport_fastrtps_c.c.o[0m
[8.876s] [ 88%] [32m[1mLinking C shared module rosidl_generator_py/rosbot_interfaces/rosbot_interfaces_s__rosidl_typesupport_fastrtps_c.so[0m
[8.904s] [ 88%] Built target rosbot_interfaces_s__rosidl_typesupport_fastrtps_c
[8.926s] [ 91%] [32mBuilding C object CMakeFiles/rosbot_interfaces_s__rosidl_typesupport_c.dir/rosidl_generator_py/rosbot_interfaces/_rosbot_interfaces_s.ep.rosidl_typesupport_c.c.o[0m
[9.007s] [ 94%] [32m[1mLinking C shared module rosidl_generator_py/rosbot_interfaces/rosbot_interfaces_s__rosidl_typesupport_c.so[0m
[9.033s] [ 94%] Built target rosbot_interfaces_s__rosidl_typesupport_c
[9.058s] [ 97%] [32mBuilding C object CMakeFiles/rosbot_interfaces_s__rosidl_typesupport_introspection_c.dir/rosidl_generator_py/rosbot_interfaces/_rosbot_interfaces_s.ep.rosidl_typesupport_introspection_c.c.o[0m
[9.143s] [100%] [32m[1mLinking C shared module rosidl_generator_py/rosbot_interfaces/rosbot_interfaces_s__rosidl_typesupport_introspection_c.so[0m
[9.176s] [100%] Built target rosbot_interfaces_s__rosidl_typesupport_introspection_c
[9.193s] Invoked command in '/root/ros2_RSSI_Heatmap/build/rosbot_interfaces' returned '0': CMAKE_PREFIX_PATH=${CMAKE_PREFIX_PATH}:/root/turtlebot3_ws/install/turtlebot3_teleop:/root/turtlebot3_ws/install/turtlebot3_example:/opt/ros/jazzy /usr/bin/cmake --build /root/ros2_RSSI_Heatmap/build/rosbot_interfaces -- -j16 -l16
[9.205s] Invoking command in '/root/ros2_RSSI_Heatmap/build/rosbot_interfaces': CMAKE_PREFIX_PATH=${CMAKE_PREFIX_PATH}:/root/turtlebot3_ws/install/turtlebot3_teleop:/root/turtlebot3_ws/install/turtlebot3_example:/opt/ros/jazzy /usr/bin/cmake --install /root/ros2_RSSI_Heatmap/build/rosbot_interfaces
[9.213s] -- Install configuration: ""
[9.213s] -- Installing: /root/ros2_RSSI_Heatmap/install/rosbot_interfaces/share/ament_index/resource_index/rosidl_interfaces/rosbot_interfaces
[9.213s] -- Installing: /root/ros2_RSSI_Heatmap/install/rosbot_interfaces/share/rosbot_interfaces/msg/RssiAtWaypoint.json
[9.213s] -- Installing: /root/ros2_RSSI_Heatmap/install/rosbot_interfaces/include/rosbot_interfaces/rosbot_interfaces
[9.213s] -- Installing: /root/ros2_RSSI_Heatmap/install/rosbot_interfaces/include/rosbot_interfaces/rosbot_interfaces/msg
[9.213s] -- Installing: /root/ros2_RSSI_Heatmap/install/rosbot_interfaces/include/rosbot_interfaces/rosbot_interfaces/msg/rssi_at_waypoint.h
[9.213s] -- Installing: /root/ros2_RSSI_Heatmap/install/rosbot_interfaces/include/rosbot_interfaces/rosbot_interfaces/msg/detail
[9.213s] -- Installing: /root/ros2_RSSI_Heatmap/install/rosbot_interfaces/include/rosbot_interfaces/rosbot_interfaces/msg/detail/rssi_at_waypoint__type_support.h
[9.213s] -- Installing: /root/ros2_RSSI_Heatmap/install/rosbot_interfaces/include/rosbot_interfaces/rosbot_interfaces/msg/detail/rssi_at_waypoint__description.c
[9.213s] -- Installing: /root/ros2_RSSI_Heatmap/install/rosbot_interfaces/include/rosbot_interfaces/rosbot_interfaces/msg/detail/rssi_at_waypoint__struct.h
[9.213s] -- Installing: /root/ros2_RSSI_Heatmap/install/rosbot_interfaces/include/rosbot_interfaces/rosbot_interfaces/msg/detail/rssi_at_waypoint__functions.h
[9.213s] -- Installing: /root/ros2_RSSI_Heatmap/install/rosbot_interfaces/include/rosbot_interfaces/rosbot_interfaces/msg/detail/rssi_at_waypoint__functions.c
[9.213s] -- Installing: /root/ros2_RSSI_Heatmap/install/rosbot_interfaces/include/rosbot_interfaces/rosbot_interfaces/msg/detail/rssi_at_waypoint__type_support.c
[9.213s] -- Installing: /root/ros2_RSSI_Heatmap/install/rosbot_interfaces/include/rosbot_interfaces/rosbot_interfaces/msg/rosidl_generator_c__visibility_control.h
[9.213s] -- Installing: /root/ros2_RSSI_Heatmap/install/rosbot_interfaces/share/rosbot_interfaces/environment/library_path.sh
[9.214s] -- Installing: /root/ros2_RSSI_Heatmap/install/rosbot_interfaces/share/rosbot_interfaces/environment/library_path.dsv
[9.214s] -- Installing: /root/ros2_RSSI_Heatmap/install/rosbot_interfaces/lib/librosbot_interfaces__rosidl_generator_c.so
[9.214s] -- Set non-toolchain portion of runtime path of "/root/ros2_RSSI_Heatmap/install/rosbot_interfaces/lib/librosbot_interfaces__rosidl_generator_c.so" to ""
[9.214s] -- Up-to-date: /root/ros2_RSSI_Heatmap/install/rosbot_interfaces/include/rosbot_interfaces/rosbot_interfaces
[9.214s] -- Up-to-date: /root/ros2_RSSI_Heatmap/install/rosbot_interfaces/include/rosbot_interfaces/rosbot_interfaces/msg
[9.214s] -- Installing: /root/ros2_RSSI_Heatmap/install/rosbot_interfaces/include/rosbot_interfaces/rosbot_interfaces/msg/rosidl_typesupport_fastrtps_c__visibility_control.h
[9.214s] -- Up-to-date: /root/ros2_RSSI_Heatmap/install/rosbot_interfaces/include/rosbot_interfaces/rosbot_interfaces/msg/detail
[9.214s] -- Installing: /root/ros2_RSSI_Heatmap/install/rosbot_interfaces/include/rosbot_interfaces/rosbot_interfaces/msg/detail/rssi_at_waypoint__rosidl_typesupport_fastrtps_c.h
[9.214s] -- Installing: /root/ros2_RSSI_Heatmap/install/rosbot_interfaces/lib/librosbot_interfaces__rosidl_typesupport_fastrtps_c.so
[9.214s] -- Set non-toolchain portion of runtime path of "/root/ros2_RSSI_Heatmap/install/rosbot_interfaces/lib/librosbot_interfaces__rosidl_typesupport_fastrtps_c.so" to ""
[9.214s] -- Up-to-date: /root/ros2_RSSI_Heatmap/install/rosbot_interfaces/include/rosbot_interfaces/rosbot_interfaces
[9.214s] -- Up-to-date: /root/ros2_RSSI_Heatmap/install/rosbot_interfaces/include/rosbot_interfaces/rosbot_interfaces/msg
[9.214s] -- Installing: /root/ros2_RSSI_Heatmap/install/rosbot_interfaces/include/rosbot_interfaces/rosbot_interfaces/msg/rssi_at_waypoint.hpp
[9.214s] -- Up-to-date: /root/ros2_RSSI_Heatmap/install/rosbot_interfaces/include/rosbot_interfaces/rosbot_interfaces/msg/detail
[9.214s] -- Installing: /root/ros2_RSSI_Heatmap/install/rosbot_interfaces/include/rosbot_interfaces/rosbot_interfaces/msg/detail/rssi_at_waypoint__traits.hpp
[9.214s] -- Installing: /root/ros2_RSSI_Heatmap/install/rosbot_interfaces/include/rosbot_interfaces/rosbot_interfaces/msg/detail/rssi_at_waypoint__struct.hpp
[9.214s] -- Installing: /root/ros2_RSSI_Heatmap/install/rosbot_interfaces/include/rosbot_interfaces/rosbot_interfaces/msg/detail/rssi_at_waypoint__builder.hpp
[9.214s] -- Installing: /root/ros2_RSSI_Heatmap/install/rosbot_interfaces/include/rosbot_interfaces/rosbot_interfaces/msg/detail/rssi_at_waypoint__type_support.hpp
[9.214s] -- Installing: /root/ros2_RSSI_Heatmap/install/rosbot_interfaces/include/rosbot_interfaces/rosbot_interfaces/msg/rosidl_generator_cpp__visibility_control.hpp
[9.214s] -- Up-to-date: /root/ros2_RSSI_Heatmap/install/rosbot_interfaces/include/rosbot_interfaces/rosbot_interfaces
[9.214s] -- Up-to-date: /root/ros2_RSSI_Heatmap/install/rosbot_interfaces/include/rosbot_interfaces/rosbot_interfaces/msg
[9.214s] -- Installing: /root/ros2_RSSI_Heatmap/install/rosbot_interfaces/include/rosbot_interfaces/rosbot_interfaces/msg/rosidl_typesupport_fastrtps_cpp__visibility_control.h
[9.214s] -- Up-to-date: /root/ros2_RSSI_Heatmap/install/rosbot_interfaces/include/rosbot_interfaces/rosbot_interfaces/msg/detail
[9.214s] -- Installing: /root/ros2_RSSI_Heatmap/install/rosbot_interfaces/include/rosbot_interfaces/rosbot_interfaces/msg/detail/rssi_at_waypoint__rosidl_typesupport_fastrtps_cpp.hpp
[9.214s] -- Installing: /root/ros2_RSSI_Heatmap/install/rosbot_interfaces/include/rosbot_interfaces/rosbot_interfaces/msg/detail/dds_fastrtps
[9.214s] -- Installing: /root/ros2_RSSI_Heatmap/install/rosbot_interfaces/lib/librosbot_interfaces__rosidl_typesupport_fastrtps_cpp.so
[9.214s] -- Set non-toolchain portion of runtime path of "/root/ros2_RSSI_Heatmap/install/rosbot_interfaces/lib/librosbot_interfaces__rosidl_typesupport_fastrtps_cpp.so" to ""
[9.214s] -- Up-to-date: /root/ros2_RSSI_Heatmap/install/rosbot_interfaces/include/rosbot_interfaces/rosbot_interfaces
[9.214s] -- Up-to-date: /root/ros2_RSSI_Heatmap/install/rosbot_interfaces/include/rosbot_interfaces/rosbot_interfaces/msg
[9.214s] -- Up-to-date: /root/ros2_RSSI_Heatmap/install/rosbot_interfaces/include/rosbot_interfaces/rosbot_interfaces/msg/detail
[9.214s] -- Installing: /root/ros2_RSSI_Heatmap/install/rosbot_interfaces/include/rosbot_interfaces/rosbot_interfaces/msg/detail/rssi_at_waypoint__rosidl_typesupport_introspection_c.h
[9.214s] -- Installing: /root/ros2_RSSI_Heatmap/install/rosbot_interfaces/include/rosbot_interfaces/rosbot_interfaces/msg/detail/rssi_at_waypoint__type_support.c
[9.214s] -- Installing: /root/ros2_RSSI_Heatmap/install/rosbot_interfaces/include/rosbot_interfaces/rosbot_interfaces/msg/rosidl_typesupport_introspection_c__visibility_control.h
[9.214s] -- Installing: /root/ros2_RSSI_Heatmap/install/rosbot_interfaces/lib/librosbot_interfaces__rosidl_typesupport_introspection_c.so
[9.214s] -- Set non-toolchain portion of runtime path of "/root/ros2_RSSI_Heatmap/install/rosbot_interfaces/lib/librosbot_interfaces__rosidl_typesupport_introspection_c.so" to ""
[9.214s] -- Installing: /root/ros2_RSSI_Heatmap/install/rosbot_interfaces/lib/librosbot_interfaces__rosidl_typesupport_c.so
[9.214s] -- Set non-toolchain portion of runtime path of "/root/ros2_RSSI_Heatmap/install/rosbot_interfaces/lib/librosbot_interfaces__rosidl_typesupport_c.so" to ""
[9.214s] -- Up-to-date: /root/ros2_RSSI_Heatmap/install/rosbot_interfaces/include/rosbot_interfaces/rosbot_interfaces
[9.214s] -- Up-to-date: /root/ros2_RSSI_Heatmap/install/rosbot_interfaces/include/rosbot_interfaces/rosbot_interfaces/msg
[9.215s] -- Up-to-date: /root/ros2_RSSI_Heatmap/install/rosbot_interfaces/include/rosbot_interfaces/rosbot_interfaces/msg/detail
[9.215s] -- Installing: /root/ros2_RSSI_Heatmap/install/rosbot_interfaces/include/rosbot_interfaces/rosbot_interfaces/msg/detail/rssi_at_waypoint__type_support.cpp
[9.215s] -- Installing: /root/ros2_RSSI_Heatmap/install/rosbot_interfaces/include/rosbot_interfaces/rosbot_interfaces/msg/detail/rssi_at_waypoint__rosidl_typesupport_introspection_cpp.hpp
[9.215s] -- Installing: /root/ros2_RSSI_Heatmap/install/rosbot_interfaces/lib/librosbot_interfaces__rosidl_typesupport_introspection_cpp.so
[9.215s] -- Set non-toolchain portion of runtime path of "/root/ros2_RSSI_Heatmap/install/rosbot_interfaces/lib/librosbot_interfaces__rosidl_typesupport_introspection_cpp.so" to ""
[9.215s] -- Installing: /root/ros2_RSSI_Heatmap/install/rosbot_interfaces/lib/librosbot_interfaces__rosidl_typesupport_cpp.so
[9.215s] -- Set non-toolchain portion of runtime path of "/root/ros2_RSSI_Heatmap/install/rosbot_interfaces/lib/librosbot_interfaces__rosidl_typesupport_cpp.so" to ""
[9.215s] -- Installing: /root/ros2_RSSI_Heatmap/install/rosbot_interfaces/share/rosbot_interfaces/environment/pythonpath.sh
[9.215s] -- Installing: /root/ros2_RSSI_Heatmap/install/rosbot_interfaces/share/rosbot_interfaces/environment/pythonpath.dsv
[9.215s] -- Installing: /root/ros2_RSSI_Heatmap/install/rosbot_interfaces/lib/python3.12/site-packages/rosbot_interfaces-1.0.0-py3.12.egg-info
[9.215s] -- Installing: /root/ros2_RSSI_Heatmap/install/rosbot_interfaces/lib/python3.12/site-packages/rosbot_interfaces-1.0.0-py3.12.egg-info/SOURCES.txt
[9.215s] -- Installing: /root/ros2_RSSI_Heatmap/install/rosbot_interfaces/lib/python3.12/site-packages/rosbot_interfaces-1.0.0-py3.12.egg-info/dependency_links.txt
[9.215s] -- Installing: /root/ros2_RSSI_Heatmap/install/rosbot_interfaces/lib/python3.12/site-packages/rosbot_interfaces-1.0.0-py3.12.egg-info/top_level.txt
[9.215s] -- Installing: /root/ros2_RSSI_Heatmap/install/rosbot_interfaces/lib/python3.12/site-packages/rosbot_interfaces-1.0.0-py3.12.egg-info/PKG-INFO
[9.215s] -- Installing: /root/ros2_RSSI_Heatmap/install/rosbot_interfaces/lib/python3.12/site-packages/rosbot_interfaces
[9.215s] -- Installing: /root/ros2_RSSI_Heatmap/install/rosbot_interfaces/lib/python3.12/site-packages/rosbot_interfaces/msg
[9.215s] -- Installing: /root/ros2_RSSI_Heatmap/install/rosbot_interfaces/lib/python3.12/site-packages/rosbot_interfaces/msg/_rssi_at_waypoint_s.c
[9.215s] -- Installing: /root/ros2_RSSI_Heatmap/install/rosbot_interfaces/lib/python3.12/site-packages/rosbot_interfaces/msg/__init__.py
[9.215s] -- Installing: /root/ros2_RSSI_Heatmap/install/rosbot_interfaces/lib/python3.12/site-packages/rosbot_interfaces/msg/_rssi_at_waypoint.py
[9.215s] -- Installing: /root/ros2_RSSI_Heatmap/install/rosbot_interfaces/lib/python3.12/site-packages/rosbot_interfaces/__init__.py
[9.215s] -- Installing: /root/ros2_RSSI_Heatmap/install/rosbot_interfaces/lib/python3.12/site-packages/rosbot_interfaces/rosbot_interfaces_s__rosidl_typesupport_fastrtps_c.so
[9.215s] -- Installing: /root/ros2_RSSI_Heatmap/install/rosbot_interfaces/lib/python3.12/site-packages/rosbot_interfaces/rosbot_interfaces_s__rosidl_typesupport_c.so
[9.215s] -- Installing: /root/ros2_RSSI_Heatmap/install/rosbot_interfaces/lib/python3.12/site-packages/rosbot_interfaces/_rosbot_interfaces_s.ep.rosidl_typesupport_fastrtps_c.c
[9.215s] -- Installing: /root/ros2_RSSI_Heatmap/install/rosbot_interfaces/lib/python3.12/site-packages/rosbot_interfaces/_rosbot_interfaces_s.ep.rosidl_typesupport_c.c
[9.215s] -- Installing: /root/ros2_RSSI_Heatmap/install/rosbot_interfaces/lib/python3.12/site-packages/rosbot_interfaces/_rosbot_interfaces_s.ep.rosidl_typesupport_introspection_c.c
[9.215s] -- Installing: /root/ros2_RSSI_Heatmap/install/rosbot_interfaces/lib/python3.12/site-packages/rosbot_interfaces/rosbot_interfaces_s__rosidl_typesupport_introspection_c.so
[9.248s] Listing '/root/ros2_RSSI_Heatmap/install/rosbot_interfaces/lib/python3.12/site-packages/rosbot_interfaces'...
[9.248s] Compiling '/root/ros2_RSSI_Heatmap/install/rosbot_interfaces/lib/python3.12/site-packages/rosbot_interfaces/__init__.py'...
[9.248s] Listing '/root/ros2_RSSI_Heatmap/install/rosbot_interfaces/lib/python3.12/site-packages/rosbot_interfaces/msg'...
[9.248s] Compiling '/root/ros2_RSSI_Heatmap/install/rosbot_interfaces/lib/python3.12/site-packages/rosbot_interfaces/msg/__init__.py'...
[9.248s] Compiling '/root/ros2_RSSI_Heatmap/install/rosbot_interfaces/lib/python3.12/site-packages/rosbot_interfaces/msg/_rssi_at_waypoint.py'...
[9.257s] -- Installing: /root/ros2_RSSI_Heatmap/install/rosbot_interfaces/lib/python3.12/site-packages/rosbot_interfaces/rosbot_interfaces_s__rosidl_typesupport_fastrtps_c.so
[9.258s] -- Set non-toolchain portion of runtime path of "/root/ros2_RSSI_Heatmap/install/rosbot_interfaces/lib/python3.12/site-packages/rosbot_interfaces/rosbot_interfaces_s__rosidl_typesupport_fastrtps_c.so" to ""
[9.258s] -- Installing: /root/ros2_RSSI_Heatmap/install/rosbot_interfaces/lib/python3.12/site-packages/rosbot_interfaces/rosbot_interfaces_s__rosidl_typesupport_introspection_c.so
[9.258s] -- Set non-toolchain portion of runtime path of "/root/ros2_RSSI_Heatmap/install/rosbot_interfaces/lib/python3.12/site-packages/rosbot_interfaces/rosbot_interfaces_s__rosidl_typesupport_introspection_c.so" to ""
[9.258s] -- Installing: /root/ros2_RSSI_Heatmap/install/rosbot_interfaces/lib/python3.12/site-packages/rosbot_interfaces/rosbot_interfaces_s__rosidl_typesupport_c.so
[9.259s] -- Set non-toolchain portion of runtime path of "/root/ros2_RSSI_Heatmap/install/rosbot_interfaces/lib/python3.12/site-packages/rosbot_interfaces/rosbot_interfaces_s__rosidl_typesupport_c.so" to ""
[9.259s] -- Installing: /root/ros2_RSSI_Heatmap/install/rosbot_interfaces/lib/librosbot_interfaces__rosidl_generator_py.so
[9.259s] -- Set non-toolchain portion of runtime path of "/root/ros2_RSSI_Heatmap/install/rosbot_interfaces/lib/librosbot_interfaces__rosidl_generator_py.so" to ""
[9.259s] -- Installing: /root/ros2_RSSI_Heatmap/install/rosbot_interfaces/share/ament_index/resource_index/rust_packages/rosbot_interfaces
[9.259s] -- Installing: /root/ros2_RSSI_Heatmap/install/rosbot_interfaces/share/rosbot_interfaces/rust
[9.259s] -- Installing: /root/ros2_RSSI_Heatmap/install/rosbot_interfaces/share/rosbot_interfaces/rust/src
[9.259s] -- Installing: /root/ros2_RSSI_Heatmap/install/rosbot_interfaces/share/rosbot_interfaces/rust/src/msg
[9.259s] -- Installing: /root/ros2_RSSI_Heatmap/install/rosbot_interfaces/share/rosbot_interfaces/rust/src/msg/rmw.rs
[9.259s] -- Installing: /root/ros2_RSSI_Heatmap/install/rosbot_interfaces/share/rosbot_interfaces/rust/src/lib.rs
[9.259s] -- Installing: /root/ros2_RSSI_Heatmap/install/rosbot_interfaces/share/rosbot_interfaces/rust/src/msg.rs
[9.259s] -- Installing: /root/ros2_RSSI_Heatmap/install/rosbot_interfaces/share/rosbot_interfaces/rust/Cargo.toml
[9.259s] -- Installing: /root/ros2_RSSI_Heatmap/install/rosbot_interfaces/share/rosbot_interfaces/rust/build.rs
[9.260s] -- Installing: /root/ros2_RSSI_Heatmap/install/rosbot_interfaces/share/rosbot_interfaces/msg/RssiAtWaypoint.idl
[9.260s] -- Installing: /root/ros2_RSSI_Heatmap/install/rosbot_interfaces/share/rosbot_interfaces/msg/RssiAtWaypoint.msg
[9.260s] -- Installing: /root/ros2_RSSI_Heatmap/install/rosbot_interfaces/share/ament_index/resource_index/package_run_dependencies/rosbot_interfaces
[9.260s] -- Installing: /root/ros2_RSSI_Heatmap/install/rosbot_interfaces/share/ament_index/resource_index/parent_prefix_path/rosbot_interfaces
[9.260s] -- Installing: /root/ros2_RSSI_Heatmap/install/rosbot_interfaces/share/rosbot_interfaces/environment/ament_prefix_path.sh
[9.260s] -- Installing: /root/ros2_RSSI_Heatmap/install/rosbot_interfaces/share/rosbot_interfaces/environment/ament_prefix_path.dsv
[9.260s] -- Installing: /root/ros2_RSSI_Heatmap/install/rosbot_interfaces/share/rosbot_interfaces/environment/path.sh
[9.260s] -- Installing: /root/ros2_RSSI_Heatmap/install/rosbot_interfaces/share/rosbot_interfaces/environment/path.dsv
[9.260s] -- Installing: /root/ros2_RSSI_Heatmap/install/rosbot_interfaces/share/rosbot_interfaces/local_setup.bash
[9.260s] -- Installing: /root/ros2_RSSI_Heatmap/install/rosbot_interfaces/share/rosbot_interfaces/local_setup.sh
[9.260s] -- Installing: /root/ros2_RSSI_Heatmap/install/rosbot_interfaces/share/rosbot_interfaces/local_setup.zsh
[9.260s] -- Installing: /root/ros2_RSSI_Heatmap/install/rosbot_interfaces/share/rosbot_interfaces/local_setup.dsv
[9.260s] -- Installing: /root/ros2_RSSI_Heatmap/install/rosbot_interfaces/share/rosbot_interfaces/package.dsv
[9.260s] -- Installing: /root/ros2_RSSI_Heatmap/install/rosbot_interfaces/share/ament_index/resource_index/packages/rosbot_interfaces
[9.260s] -- Installing: /root/ros2_RSSI_Heatmap/install/rosbot_interfaces/share/rosbot_interfaces/cmake/export_rosbot_interfaces__rosidl_generator_cExport.cmake
[9.260s] -- Installing: /root/ros2_RSSI_Heatmap/install/rosbot_interfaces/share/rosbot_interfaces/cmake/export_rosbot_interfaces__rosidl_generator_cExport-noconfig.cmake
[9.260s] -- Installing: /root/ros2_RSSI_Heatmap/install/rosbot_interfaces/share/rosbot_interfaces/cmake/export_rosbot_interfaces__rosidl_typesupport_fastrtps_cExport.cmake
[9.260s] -- Installing: /root/ros2_RSSI_Heatmap/install/rosbot_interfaces/share/rosbot_interfaces/cmake/export_rosbot_interfaces__rosidl_typesupport_fastrtps_cExport-noconfig.cmake
[9.260s] -- Installing: /root/ros2_RSSI_Heatmap/install/rosbot_interfaces/share/rosbot_interfaces/cmake/export_rosbot_interfaces__rosidl_generator_cppExport.cmake
[9.260s] -- Installing: /root/ros2_RSSI_Heatmap/install/rosbot_interfaces/share/rosbot_interfaces/cmake/export_rosbot_interfaces__rosidl_typesupport_fastrtps_cppExport.cmake
[9.260s] -- Installing: /root/ros2_RSSI_Heatmap/install/rosbot_interfaces/share/rosbot_interfaces/cmake/export_rosbot_interfaces__rosidl_typesupport_fastrtps_cppExport-noconfig.cmake
[9.260s] -- Installing: /root/ros2_RSSI_Heatmap/install/rosbot_interfaces/share/rosbot_interfaces/cmake/rosbot_interfaces__rosidl_typesupport_introspection_cExport.cmake
[9.260s] -- Installing: /root/ros2_RSSI_Heatmap/install/rosbot_interfaces/share/rosbot_interfaces/cmake/rosbot_interfaces__rosidl_typesupport_introspection_cExport-noconfig.cmake
[9.260s] -- Installing: /root/ros2_RSSI_Heatmap/install/rosbot_interfaces/share/rosbot_interfaces/cmake/rosbot_interfaces__rosidl_typesupport_cExport.cmake
[9.260s] -- Installing: /root/ros2_RSSI_Heatmap/install/rosbot_interfaces/share/rosbot_interfaces/cmake/rosbot_interfaces__rosidl_typesupport_cExport-noconfig.cmake
[9.260s] -- Installing: /root/ros2_RSSI_Heatmap/install/rosbot_interfaces/share/rosbot_interfaces/cmake/rosbot_interfaces__rosidl_typesupport_introspection_cppExport.cmake
[9.260s] -- Installing: /root/ros2_RSSI_Heatmap/install/rosbot_interfaces/share/rosbot_interfaces/cmake/rosbot_interfaces__rosidl_typesupport_introspection_cppExport-noconfig.cmake
[9.260s] -- Installing: /root/ros2_RSSI_Heatmap/install/rosbot_interfaces/share/rosbot_interfaces/cmake/rosbot_interfaces__rosidl_typesupport_cppExport.cmake
[9.260s] -- Installing: /root/ros2_RSSI_Heatmap/install/rosbot_interfaces/share/rosbot_interfaces/cmake/rosbot_interfaces__rosidl_typesupport_cppExport-noconfig.cmake
[9.261s] -- Installing: /root/ros2_RSSI_Heatmap/install/rosbot_interfaces/share/rosbot_interfaces/cmake/export_rosbot_interfaces__rosidl_generator_pyExport.cmake
[9.261s] -- Installing: /root/ros2_RSSI_Heatmap/install/rosbot_interfaces/share/rosbot_interfaces/cmake/export_rosbot_interfaces__rosidl_generator_pyExport-noconfig.cmake
[9.261s] -- Installing: /root/ros2_RSSI_Heatmap/install/rosbot_interfaces/share/rosbot_interfaces/cmake/rosidl_cmake-extras.cmake
[9.261s] -- Installing: /root/ros2_RSSI_Heatmap/install/rosbot_interfaces/share/rosbot_interfaces/cmake/ament_cmake_export_dependencies-extras.cmake
[9.261s] -- Installing: /root/ros2_RSSI_Heatmap/install/rosbot_interfaces/share/rosbot_interfaces/cmake/ament_cmake_export_include_directories-extras.cmake
[9.261s] -- Installing: /root/ros2_RSSI_Heatmap/install/rosbot_interfaces/share/rosbot_interfaces/cmake/ament_cmake_export_libraries-extras.cmake
[9.261s] -- Installing: /root/ros2_RSSI_Heatmap/install/rosbot_interfaces/share/rosbot_interfaces/cmake/ament_cmake_export_targets-extras.cmake
[9.261s] -- Installing: /root/ros2_RSSI_Heatmap/install/rosbot_interfaces/share/rosbot_interfaces/cmake/rosidl_cmake_export_typesupport_targets-extras.cmake
[9.261s] -- Installing: /root/ros2_RSSI_Heatmap/install/rosbot_interfaces/share/rosbot_interfaces/cmake/rosidl_cmake_export_typesupport_libraries-extras.cmake
[9.261s] -- Installing: /root/ros2_RSSI_Heatmap/install/rosbot_interfaces/share/rosbot_interfaces/cmake/rosidl_cmake_aggregate_target-extras.cmake
[9.261s] -- Installing: /root/ros2_RSSI_Heatmap/install/rosbot_interfaces/share/rosbot_interfaces/cmake/rosbot_interfacesConfig.cmake
[9.261s] -- Installing: /root/ros2_RSSI_Heatmap/install/rosbot_interfaces/share/rosbot_interfaces/cmake/rosbot_interfacesConfig-version.cmake
[9.261s] -- Installing: /root/ros2_RSSI_Heatmap/install/rosbot_interfaces/share/rosbot_interfaces/package.xml
[9.265s] Invoked command in '/root/ros2_RSSI_Heatmap/build/rosbot_interfaces' returned '0': CMAKE_PREFIX_PATH=${CMAKE_PREFIX_PATH}:/root/turtlebot3_ws/install/turtlebot3_teleop:/root/turtlebot3_ws/install/turtlebot3_example:/opt/ros/jazzy /usr/bin/cmake --install /root/ros2_RSSI_Heatmap/build/rosbot_interfaces
