[0.120s] DEBUG:colcon:Command line arguments: ['/usr/bin/colcon', 'build', '--packages-select', 'rosbot_interfaces', 'nav2_read_rssi_at_waypoint_plugin']
[0.120s] DEBUG:colcon:Parsed command line arguments: Namespace(log_base=None, log_level=None, verb_name='build', build_base='build', install_base='install', merge_install=False, symlink_install=False, test_result_base=None, continue_on_error=False, executor='parallel', parallel_workers=16, event_handlers=None, ignore_user_meta=False, metas=['./colcon.meta'], base_paths=['.'], packages_ignore=None, packages_ignore_regex=None, paths=None, packages_up_to=None, packages_up_to_regex=None, packages_above=None, packages_above_and_dependencies=None, packages_above_depth=None, packages_select_by_dep=None, packages_skip_by_dep=None, packages_skip_up_to=None, packages_select_build_failed=False, packages_skip_build_finished=False, packages_select_test_failures=False, packages_skip_test_passed=False, packages_select=['rosbot_interfaces', 'nav2_read_rssi_at_waypoint_plugin'], packages_skip=None, packages_select_regex=None, packages_skip_regex=None, packages_start=None, packages_end=None, cmake_args=None, cmake_target=None, cmake_target_skip_unavailable=False, cmake_clean_cache=False, cmake_clean_first=False, cmake_force_configure=False, ament_cmake_args=None, catkin_cmake_args=None, catkin_skip_building_tests=False, mixin_files=None, mixin=None, verb_parser=<colcon_mixin.mixin.mixin_argument.MixinArgumentDecorator object at 0x7f89b001c350>, verb_extension=<colcon_core.verb.build.BuildVerb object at 0x7f89b0138410>, main=<bound method BuildVerb.main of <colcon_core.verb.build.BuildVerb object at 0x7f89b0138410>>, mixin_verb=('build',))
[0.162s] Level 1:colcon.colcon_core.package_discovery:discover_packages(colcon_meta) check parameters
[0.163s] INFO:colcon.colcon_metadata.package_discovery.colcon_meta:Using configuration from '/root/.colcon/metadata/default/Gazebo.meta'
[0.163s] INFO:colcon.colcon_metadata.package_discovery.colcon_meta:Using configuration from '/root/.colcon/metadata/default/fastdds.meta'
[0.164s] INFO:colcon.colcon_metadata.package_discovery.colcon_meta:Using configuration from '/root/.colcon/metadata/default/fastrtps.meta'
[0.164s] Level 1:colcon.colcon_core.package_discovery:discover_packages(recursive) check parameters
[0.164s] Level 1:colcon.colcon_core.package_discovery:discover_packages(ignore) check parameters
[0.164s] Level 1:colcon.colcon_core.package_discovery:discover_packages(path) check parameters
[0.164s] Level 1:colcon.colcon_core.package_discovery:discover_packages(colcon_meta) discover
[0.164s] Level 1:colcon.colcon_core.package_discovery:discover_packages(recursive) discover
[0.164s] INFO:colcon.colcon_core.package_discovery:Crawling recursively for packages in '/root/ros2_RSSI_Heatmap'
[0.164s] Level 1:colcon.colcon_core.package_identification:_identify(.) by extensions ['ignore', 'ignore_ament_install']
[0.164s] Level 1:colcon.colcon_core.package_identification:_identify(.) by extension 'ignore'
[0.164s] Level 1:colcon.colcon_core.package_identification:_identify(.) by extension 'ignore_ament_install'
[0.164s] Level 1:colcon.colcon_core.package_identification:_identify(.) by extensions ['colcon_pkg']
[0.164s] Level 1:colcon.colcon_core.package_identification:_identify(.) by extension 'colcon_pkg'
[0.164s] Level 1:colcon.colcon_core.package_identification:_identify(.) by extensions ['colcon_meta']
[0.164s] Level 1:colcon.colcon_core.package_identification:_identify(.) by extension 'colcon_meta'
[0.164s] Level 1:colcon.colcon_core.package_identification:_identify(.) by extensions ['ros']
[0.164s] Level 1:colcon.colcon_core.package_identification:_identify(.) by extension 'ros'
[0.186s] Level 1:colcon.colcon_core.package_identification:_identify(.) by extensions ['cmake', 'python']
[0.186s] Level 1:colcon.colcon_core.package_identification:_identify(.) by extension 'cmake'
[0.186s] Level 1:colcon.colcon_core.package_identification:_identify(.) by extension 'python'
[0.186s] Level 1:colcon.colcon_core.package_identification:_identify(.) by extensions ['python_setup_py']
[0.186s] Level 1:colcon.colcon_core.package_identification:_identify(.) by extension 'python_setup_py'
[0.186s] Level 1:colcon.colcon_core.package_identification:_identify(build) by extensions ['ignore', 'ignore_ament_install']
[0.186s] Level 1:colcon.colcon_core.package_identification:_identify(build) by extension 'ignore'
[0.186s] Level 1:colcon.colcon_core.package_identification:_identify(build) ignored
[0.186s] Level 1:colcon.colcon_core.package_identification:_identify(install) by extensions ['ignore', 'ignore_ament_install']
[0.186s] Level 1:colcon.colcon_core.package_identification:_identify(install) by extension 'ignore'
[0.186s] Level 1:colcon.colcon_core.package_identification:_identify(install) ignored
[0.186s] Level 1:colcon.colcon_core.package_identification:_identify(log) by extensions ['ignore', 'ignore_ament_install']
[0.186s] Level 1:colcon.colcon_core.package_identification:_identify(log) by extension 'ignore'
[0.186s] Level 1:colcon.colcon_core.package_identification:_identify(log) ignored
[0.186s] Level 1:colcon.colcon_core.package_identification:_identify(src) by extensions ['ignore', 'ignore_ament_install']
[0.186s] Level 1:colcon.colcon_core.package_identification:_identify(src) by extension 'ignore'
[0.186s] Level 1:colcon.colcon_core.package_identification:_identify(src) by extension 'ignore_ament_install'
[0.186s] Level 1:colcon.colcon_core.package_identification:_identify(src) by extensions ['colcon_pkg']
[0.186s] Level 1:colcon.colcon_core.package_identification:_identify(src) by extension 'colcon_pkg'
[0.186s] Level 1:colcon.colcon_core.package_identification:_identify(src) by extensions ['colcon_meta']
[0.186s] Level 1:colcon.colcon_core.package_identification:_identify(src) by extension 'colcon_meta'
[0.186s] Level 1:colcon.colcon_core.package_identification:_identify(src) by extensions ['ros']
[0.186s] Level 1:colcon.colcon_core.package_identification:_identify(src) by extension 'ros'
[0.186s] Level 1:colcon.colcon_core.package_identification:_identify(src) by extensions ['cmake', 'python']
[0.186s] Level 1:colcon.colcon_core.package_identification:_identify(src) by extension 'cmake'
[0.186s] Level 1:colcon.colcon_core.package_identification:_identify(src) by extension 'python'
[0.186s] Level 1:colcon.colcon_core.package_identification:_identify(src) by extensions ['python_setup_py']
[0.186s] Level 1:colcon.colcon_core.package_identification:_identify(src) by extension 'python_setup_py'
[0.186s] Level 1:colcon.colcon_core.package_identification:_identify(src/mappers_bringup) by extensions ['ignore', 'ignore_ament_install']
[0.187s] Level 1:colcon.colcon_core.package_identification:_identify(src/mappers_bringup) by extension 'ignore'
[0.187s] Level 1:colcon.colcon_core.package_identification:_identify(src/mappers_bringup) by extension 'ignore_ament_install'
[0.187s] Level 1:colcon.colcon_core.package_identification:_identify(src/mappers_bringup) by extensions ['colcon_pkg']
[0.187s] Level 1:colcon.colcon_core.package_identification:_identify(src/mappers_bringup) by extension 'colcon_pkg'
[0.187s] Level 1:colcon.colcon_core.package_identification:_identify(src/mappers_bringup) by extensions ['colcon_meta']
[0.187s] Level 1:colcon.colcon_core.package_identification:_identify(src/mappers_bringup) by extension 'colcon_meta'
[0.187s] Level 1:colcon.colcon_core.package_identification:_identify(src/mappers_bringup) by extensions ['ros']
[0.187s] Level 1:colcon.colcon_core.package_identification:_identify(src/mappers_bringup) by extension 'ros'
[0.189s] DEBUG:colcon.colcon_core.package_identification:Package 'src/mappers_bringup' with type 'ros.ament_cmake' and name 'mappers_bringup'
[0.189s] Level 1:colcon.colcon_core.package_identification:_identify(src/nav2_read_rssi_at_waypoint_plugin) by extensions ['ignore', 'ignore_ament_install']
[0.189s] Level 1:colcon.colcon_core.package_identification:_identify(src/nav2_read_rssi_at_waypoint_plugin) by extension 'ignore'
[0.189s] Level 1:colcon.colcon_core.package_identification:_identify(src/nav2_read_rssi_at_waypoint_plugin) by extension 'ignore_ament_install'
[0.189s] Level 1:colcon.colcon_core.package_identification:_identify(src/nav2_read_rssi_at_waypoint_plugin) by extensions ['colcon_pkg']
[0.189s] Level 1:colcon.colcon_core.package_identification:_identify(src/nav2_read_rssi_at_waypoint_plugin) by extension 'colcon_pkg'
[0.189s] Level 1:colcon.colcon_core.package_identification:_identify(src/nav2_read_rssi_at_waypoint_plugin) by extensions ['colcon_meta']
[0.189s] Level 1:colcon.colcon_core.package_identification:_identify(src/nav2_read_rssi_at_waypoint_plugin) by extension 'colcon_meta'
[0.189s] Level 1:colcon.colcon_core.package_identification:_identify(src/nav2_read_rssi_at_waypoint_plugin) by extensions ['ros']
[0.189s] Level 1:colcon.colcon_core.package_identification:_identify(src/nav2_read_rssi_at_waypoint_plugin) by extension 'ros'
[0.189s] DEBUG:colcon.colcon_core.package_identification:Package 'src/nav2_read_rssi_at_waypoint_plugin' with type 'ros.ament_cmake' and name 'nav2_read_rssi_at_waypoint'
[0.189s] Level 1:colcon.colcon_core.package_identification:_identify(src/rosbot_interfaces) by extensions ['ignore', 'ignore_ament_install']
[0.190s] Level 1:colcon.colcon_core.package_identification:_identify(src/rosbot_interfaces) by extension 'ignore'
[0.190s] Level 1:colcon.colcon_core.package_identification:_identify(src/rosbot_interfaces) by extension 'ignore_ament_install'
[0.190s] Level 1:colcon.colcon_core.package_identification:_identify(src/rosbot_interfaces) by extensions ['colcon_pkg']
[0.190s] Level 1:colcon.colcon_core.package_identification:_identify(src/rosbot_interfaces) by extension 'colcon_pkg'
[0.190s] Level 1:colcon.colcon_core.package_identification:_identify(src/rosbot_interfaces) by extensions ['colcon_meta']
[0.190s] Level 1:colcon.colcon_core.package_identification:_identify(src/rosbot_interfaces) by extension 'colcon_meta'
[0.190s] Level 1:colcon.colcon_core.package_identification:_identify(src/rosbot_interfaces) by extensions ['ros']
[0.190s] Level 1:colcon.colcon_core.package_identification:_identify(src/rosbot_interfaces) by extension 'ros'
[0.190s] DEBUG:colcon.colcon_core.package_identification:Package 'src/rosbot_interfaces' with type 'ros.ament_cmake' and name 'rosbot_interfaces'
[0.190s] Level 1:colcon.colcon_core.package_identification:_identify(src/rssi_heatmap_generator_package) by extensions ['ignore', 'ignore_ament_install']
[0.190s] Level 1:colcon.colcon_core.package_identification:_identify(src/rssi_heatmap_generator_package) by extension 'ignore'
[0.190s] Level 1:colcon.colcon_core.package_identification:_identify(src/rssi_heatmap_generator_package) by extension 'ignore_ament_install'
[0.190s] Level 1:colcon.colcon_core.package_identification:_identify(src/rssi_heatmap_generator_package) by extensions ['colcon_pkg']
[0.190s] Level 1:colcon.colcon_core.package_identification:_identify(src/rssi_heatmap_generator_package) by extension 'colcon_pkg'
[0.190s] Level 1:colcon.colcon_core.package_identification:_identify(src/rssi_heatmap_generator_package) by extensions ['colcon_meta']
[0.190s] Level 1:colcon.colcon_core.package_identification:_identify(src/rssi_heatmap_generator_package) by extension 'colcon_meta'
[0.190s] Level 1:colcon.colcon_core.package_identification:_identify(src/rssi_heatmap_generator_package) by extensions ['ros']
[0.190s] Level 1:colcon.colcon_core.package_identification:_identify(src/rssi_heatmap_generator_package) by extension 'ros'
[0.191s] DEBUG:colcon.colcon_core.package_identification:Package 'src/rssi_heatmap_generator_package' with type 'ros.ament_python' and name 'rssi_heatmap_generator_package'
[0.191s] Level 1:colcon.colcon_core.package_identification:_identify(src/waypoint_publisher_package) by extensions ['ignore', 'ignore_ament_install']
[0.191s] Level 1:colcon.colcon_core.package_identification:_identify(src/waypoint_publisher_package) by extension 'ignore'
[0.191s] Level 1:colcon.colcon_core.package_identification:_identify(src/waypoint_publisher_package) by extension 'ignore_ament_install'
[0.191s] Level 1:colcon.colcon_core.package_identification:_identify(src/waypoint_publisher_package) by extensions ['colcon_pkg']
[0.191s] Level 1:colcon.colcon_core.package_identification:_identify(src/waypoint_publisher_package) by extension 'colcon_pkg'
[0.191s] Level 1:colcon.colcon_core.package_identification:_identify(src/waypoint_publisher_package) by extensions ['colcon_meta']
[0.191s] Level 1:colcon.colcon_core.package_identification:_identify(src/waypoint_publisher_package) by extension 'colcon_meta'
[0.191s] Level 1:colcon.colcon_core.package_identification:_identify(src/waypoint_publisher_package) by extensions ['ros']
[0.191s] Level 1:colcon.colcon_core.package_identification:_identify(src/waypoint_publisher_package) by extension 'ros'
[0.191s] DEBUG:colcon.colcon_core.package_identification:Package 'src/waypoint_publisher_package' with type 'ros.ament_python' and name 'waypoint_publisher_package'
[0.191s] Level 1:colcon.colcon_core.package_discovery:discover_packages(recursive) using defaults
[0.191s] Level 1:colcon.colcon_core.package_discovery:discover_packages(ignore) discover
[0.191s] Level 1:colcon.colcon_core.package_discovery:discover_packages(ignore) using defaults
[0.191s] Level 1:colcon.colcon_core.package_discovery:discover_packages(path) discover
[0.191s] Level 1:colcon.colcon_core.package_discovery:discover_packages(path) using defaults
[0.191s] WARNING:colcon.colcon_core.package_selection:ignoring unknown package 'nav2_read_rssi_at_waypoint_plugin' in --packages-select
[0.208s] INFO:colcon.colcon_core.package_selection:Skipping not selected package 'waypoint_publisher_package' in 'src/waypoint_publisher_package'
[0.208s] INFO:colcon.colcon_core.package_selection:Skipping not selected package 'nav2_read_rssi_at_waypoint' in 'src/nav2_read_rssi_at_waypoint_plugin'
[0.208s] INFO:colcon.colcon_core.package_selection:Skipping not selected package 'rssi_heatmap_generator_package' in 'src/rssi_heatmap_generator_package'
[0.208s] INFO:colcon.colcon_core.package_selection:Skipping not selected package 'mappers_bringup' in 'src/mappers_bringup'
[0.209s] Level 5:colcon.colcon_core.verb:set package 'rosbot_interfaces' build argument 'cmake_args' from command line to 'None'
[0.209s] Level 5:colcon.colcon_core.verb:set package 'rosbot_interfaces' build argument 'cmake_target' from command line to 'None'
[0.209s] Level 5:colcon.colcon_core.verb:set package 'rosbot_interfaces' build argument 'cmake_target_skip_unavailable' from command line to 'False'
[0.209s] Level 5:colcon.colcon_core.verb:set package 'rosbot_interfaces' build argument 'cmake_clean_cache' from command line to 'False'
[0.209s] Level 5:colcon.colcon_core.verb:set package 'rosbot_interfaces' build argument 'cmake_clean_first' from command line to 'False'
[0.209s] Level 5:colcon.colcon_core.verb:set package 'rosbot_interfaces' build argument 'cmake_force_configure' from command line to 'False'
[0.209s] Level 5:colcon.colcon_core.verb:set package 'rosbot_interfaces' build argument 'ament_cmake_args' from command line to 'None'
[0.209s] Level 5:colcon.colcon_core.verb:set package 'rosbot_interfaces' build argument 'catkin_cmake_args' from command line to 'None'
[0.209s] Level 5:colcon.colcon_core.verb:set package 'rosbot_interfaces' build argument 'catkin_skip_building_tests' from command line to 'False'
[0.209s] DEBUG:colcon.colcon_core.verb:Building package 'rosbot_interfaces' with the following arguments: {'ament_cmake_args': None, 'build_base': '/root/ros2_RSSI_Heatmap/build/rosbot_interfaces', 'catkin_cmake_args': None, 'catkin_skip_building_tests': False, 'cmake_args': None, 'cmake_clean_cache': False, 'cmake_clean_first': False, 'cmake_force_configure': False, 'cmake_target': None, 'cmake_target_skip_unavailable': False, 'install_base': '/root/ros2_RSSI_Heatmap/install/rosbot_interfaces', 'merge_install': False, 'path': '/root/ros2_RSSI_Heatmap/src/rosbot_interfaces', 'symlink_install': False, 'test_result_base': None}
[0.209s] INFO:colcon.colcon_core.executor:Executing jobs using 'parallel' executor
[0.209s] DEBUG:colcon.colcon_parallel_executor.executor.parallel:run_until_complete
[0.210s] INFO:colcon.colcon_ros.task.ament_cmake.build:Building ROS package in '/root/ros2_RSSI_Heatmap/src/rosbot_interfaces' with build type 'ament_cmake'
[0.210s] INFO:colcon.colcon_cmake.task.cmake.build:Building CMake package in '/root/ros2_RSSI_Heatmap/src/rosbot_interfaces'
[0.213s] INFO:colcon.colcon_core.plugin_system:Skipping extension 'colcon_core.shell.bat': Not used on non-Windows systems
[0.213s] INFO:colcon.colcon_core.shell:Skip shell extension 'powershell' for command environment: Not usable outside of PowerShell
[0.213s] DEBUG:colcon.colcon_core.shell:Skip shell extension 'dsv' for command environment
[0.227s] DEBUG:colcon.colcon_core.event_handler.log_command:Invoking command in '/root/ros2_RSSI_Heatmap/build/rosbot_interfaces': CMAKE_PREFIX_PATH=${CMAKE_PREFIX_PATH}:/root/turtlebot3_ws/install/turtlebot3_teleop:/root/turtlebot3_ws/install/turtlebot3_example:/opt/ros/jazzy /usr/bin/cmake --build /root/ros2_RSSI_Heatmap/build/rosbot_interfaces -- -j16 -l16
[0.460s] DEBUG:colcon.colcon_core.event_handler.log_command:Invoked command in '/root/ros2_RSSI_Heatmap/build/rosbot_interfaces' returned '0': CMAKE_PREFIX_PATH=${CMAKE_PREFIX_PATH}:/root/turtlebot3_ws/install/turtlebot3_teleop:/root/turtlebot3_ws/install/turtlebot3_example:/opt/ros/jazzy /usr/bin/cmake --build /root/ros2_RSSI_Heatmap/build/rosbot_interfaces -- -j16 -l16
[0.464s] DEBUG:colcon.colcon_core.event_handler.log_command:Invoking command in '/root/ros2_RSSI_Heatmap/build/rosbot_interfaces': CMAKE_PREFIX_PATH=${CMAKE_PREFIX_PATH}:/root/turtlebot3_ws/install/turtlebot3_teleop:/root/turtlebot3_ws/install/turtlebot3_example:/opt/ros/jazzy /usr/bin/cmake --install /root/ros2_RSSI_Heatmap/build/rosbot_interfaces
[0.498s] Level 1:colcon.colcon_core.environment:create_environment_scripts_only(rosbot_interfaces)
[0.498s] DEBUG:colcon.colcon_core.event_handler.log_command:Invoked command in '/root/ros2_RSSI_Heatmap/build/rosbot_interfaces' returned '0': CMAKE_PREFIX_PATH=${CMAKE_PREFIX_PATH}:/root/turtlebot3_ws/install/turtlebot3_teleop:/root/turtlebot3_ws/install/turtlebot3_example:/opt/ros/jazzy /usr/bin/cmake --install /root/ros2_RSSI_Heatmap/build/rosbot_interfaces
[0.502s] Level 1:colcon.colcon_core.environment:checking '/root/ros2_RSSI_Heatmap/install/rosbot_interfaces' for CMake module files
[0.503s] Level 1:colcon.colcon_core.environment:checking '/root/ros2_RSSI_Heatmap/install/rosbot_interfaces' for CMake config files
[0.503s] Level 1:colcon.colcon_core.shell:create_environment_hook('rosbot_interfaces', 'cmake_prefix_path')
[0.503s] INFO:colcon.colcon_core.shell:Creating environment hook '/root/ros2_RSSI_Heatmap/install/rosbot_interfaces/share/rosbot_interfaces/hook/cmake_prefix_path.ps1'
[0.504s] INFO:colcon.colcon_core.shell:Creating environment descriptor '/root/ros2_RSSI_Heatmap/install/rosbot_interfaces/share/rosbot_interfaces/hook/cmake_prefix_path.dsv'
[0.504s] INFO:colcon.colcon_core.shell:Creating environment hook '/root/ros2_RSSI_Heatmap/install/rosbot_interfaces/share/rosbot_interfaces/hook/cmake_prefix_path.sh'
[0.504s] Level 1:colcon.colcon_core.environment:checking '/root/ros2_RSSI_Heatmap/install/rosbot_interfaces/lib'
[0.505s] Level 1:colcon.colcon_core.shell:create_environment_hook('rosbot_interfaces', 'ld_library_path_lib')
[0.505s] INFO:colcon.colcon_core.shell:Creating environment hook '/root/ros2_RSSI_Heatmap/install/rosbot_interfaces/share/rosbot_interfaces/hook/ld_library_path_lib.ps1'
[0.505s] INFO:colcon.colcon_core.shell:Creating environment descriptor '/root/ros2_RSSI_Heatmap/install/rosbot_interfaces/share/rosbot_interfaces/hook/ld_library_path_lib.dsv'
[0.505s] INFO:colcon.colcon_core.shell:Creating environment hook '/root/ros2_RSSI_Heatmap/install/rosbot_interfaces/share/rosbot_interfaces/hook/ld_library_path_lib.sh'
[0.505s] Level 1:colcon.colcon_core.environment:checking '/root/ros2_RSSI_Heatmap/install/rosbot_interfaces/bin'
[0.505s] Level 1:colcon.colcon_core.environment:checking '/root/ros2_RSSI_Heatmap/install/rosbot_interfaces/lib/pkgconfig/rosbot_interfaces.pc'
[0.506s] Level 1:colcon.colcon_core.environment:checking '/root/ros2_RSSI_Heatmap/install/rosbot_interfaces/lib/python3.12/site-packages'
[0.507s] Level 1:colcon.colcon_core.shell:create_environment_hook('rosbot_interfaces', 'pythonpath')
[0.507s] INFO:colcon.colcon_core.shell:Creating environment hook '/root/ros2_RSSI_Heatmap/install/rosbot_interfaces/share/rosbot_interfaces/hook/pythonpath.ps1'
[0.507s] INFO:colcon.colcon_core.shell:Creating environment descriptor '/root/ros2_RSSI_Heatmap/install/rosbot_interfaces/share/rosbot_interfaces/hook/pythonpath.dsv'
[0.507s] INFO:colcon.colcon_core.shell:Creating environment hook '/root/ros2_RSSI_Heatmap/install/rosbot_interfaces/share/rosbot_interfaces/hook/pythonpath.sh'
[0.507s] Level 1:colcon.colcon_core.environment:checking '/root/ros2_RSSI_Heatmap/install/rosbot_interfaces/bin'
[0.507s] INFO:colcon.colcon_core.shell:Creating package script '/root/ros2_RSSI_Heatmap/install/rosbot_interfaces/share/rosbot_interfaces/package.ps1'
[0.508s] INFO:colcon.colcon_core.shell:Creating package descriptor '/root/ros2_RSSI_Heatmap/install/rosbot_interfaces/share/rosbot_interfaces/package.dsv'
[0.508s] INFO:colcon.colcon_core.shell:Creating package script '/root/ros2_RSSI_Heatmap/install/rosbot_interfaces/share/rosbot_interfaces/package.sh'
[0.509s] INFO:colcon.colcon_core.shell:Creating package script '/root/ros2_RSSI_Heatmap/install/rosbot_interfaces/share/rosbot_interfaces/package.bash'
[0.509s] INFO:colcon.colcon_core.shell:Creating package script '/root/ros2_RSSI_Heatmap/install/rosbot_interfaces/share/rosbot_interfaces/package.zsh'
[0.510s] Level 1:colcon.colcon_core.environment:create_file_with_runtime_dependencies(/root/ros2_RSSI_Heatmap/install/rosbot_interfaces/share/colcon-core/packages/rosbot_interfaces)
[0.510s] Level 1:colcon.colcon_core.environment:create_environment_scripts_only(rosbot_interfaces)
[0.510s] Level 1:colcon.colcon_core.environment:checking '/root/ros2_RSSI_Heatmap/install/rosbot_interfaces' for CMake module files
[0.510s] Level 1:colcon.colcon_core.environment:checking '/root/ros2_RSSI_Heatmap/install/rosbot_interfaces' for CMake config files
[0.511s] Level 1:colcon.colcon_core.shell:create_environment_hook('rosbot_interfaces', 'cmake_prefix_path')
[0.511s] INFO:colcon.colcon_core.shell:Creating environment hook '/root/ros2_RSSI_Heatmap/install/rosbot_interfaces/share/rosbot_interfaces/hook/cmake_prefix_path.ps1'
[0.511s] INFO:colcon.colcon_core.shell:Creating environment descriptor '/root/ros2_RSSI_Heatmap/install/rosbot_interfaces/share/rosbot_interfaces/hook/cmake_prefix_path.dsv'
[0.511s] INFO:colcon.colcon_core.shell:Creating environment hook '/root/ros2_RSSI_Heatmap/install/rosbot_interfaces/share/rosbot_interfaces/hook/cmake_prefix_path.sh'
[0.511s] Level 1:colcon.colcon_core.environment:checking '/root/ros2_RSSI_Heatmap/install/rosbot_interfaces/lib'
[0.511s] Level 1:colcon.colcon_core.shell:create_environment_hook('rosbot_interfaces', 'ld_library_path_lib')
[0.511s] INFO:colcon.colcon_core.shell:Creating environment hook '/root/ros2_RSSI_Heatmap/install/rosbot_interfaces/share/rosbot_interfaces/hook/ld_library_path_lib.ps1'
[0.511s] INFO:colcon.colcon_core.shell:Creating environment descriptor '/root/ros2_RSSI_Heatmap/install/rosbot_interfaces/share/rosbot_interfaces/hook/ld_library_path_lib.dsv'
[0.511s] INFO:colcon.colcon_core.shell:Creating environment hook '/root/ros2_RSSI_Heatmap/install/rosbot_interfaces/share/rosbot_interfaces/hook/ld_library_path_lib.sh'
[0.511s] Level 1:colcon.colcon_core.environment:checking '/root/ros2_RSSI_Heatmap/install/rosbot_interfaces/bin'
[0.511s] Level 1:colcon.colcon_core.environment:checking '/root/ros2_RSSI_Heatmap/install/rosbot_interfaces/lib/pkgconfig/rosbot_interfaces.pc'
[0.512s] Level 1:colcon.colcon_core.environment:checking '/root/ros2_RSSI_Heatmap/install/rosbot_interfaces/lib/python3.12/site-packages'
[0.512s] Level 1:colcon.colcon_core.shell:create_environment_hook('rosbot_interfaces', 'pythonpath')
[0.512s] INFO:colcon.colcon_core.shell:Creating environment hook '/root/ros2_RSSI_Heatmap/install/rosbot_interfaces/share/rosbot_interfaces/hook/pythonpath.ps1'
[0.512s] INFO:colcon.colcon_core.shell:Creating environment descriptor '/root/ros2_RSSI_Heatmap/install/rosbot_interfaces/share/rosbot_interfaces/hook/pythonpath.dsv'
[0.512s] INFO:colcon.colcon_core.shell:Creating environment hook '/root/ros2_RSSI_Heatmap/install/rosbot_interfaces/share/rosbot_interfaces/hook/pythonpath.sh'
[0.512s] Level 1:colcon.colcon_core.environment:checking '/root/ros2_RSSI_Heatmap/install/rosbot_interfaces/bin'
[0.512s] INFO:colcon.colcon_core.shell:Creating package script '/root/ros2_RSSI_Heatmap/install/rosbot_interfaces/share/rosbot_interfaces/package.ps1'
[0.512s] INFO:colcon.colcon_core.shell:Creating package descriptor '/root/ros2_RSSI_Heatmap/install/rosbot_interfaces/share/rosbot_interfaces/package.dsv'
[0.513s] INFO:colcon.colcon_core.shell:Creating package script '/root/ros2_RSSI_Heatmap/install/rosbot_interfaces/share/rosbot_interfaces/package.sh'
[0.513s] INFO:colcon.colcon_core.shell:Creating package script '/root/ros2_RSSI_Heatmap/install/rosbot_interfaces/share/rosbot_interfaces/package.bash'
[0.513s] INFO:colcon.colcon_core.shell:Creating package script '/root/ros2_RSSI_Heatmap/install/rosbot_interfaces/share/rosbot_interfaces/package.zsh'
[0.513s] Level 1:colcon.colcon_core.environment:create_file_with_runtime_dependencies(/root/ros2_RSSI_Heatmap/install/rosbot_interfaces/share/colcon-core/packages/rosbot_interfaces)
[0.513s] DEBUG:colcon.colcon_parallel_executor.executor.parallel:closing loop
[0.513s] DEBUG:colcon.colcon_parallel_executor.executor.parallel:loop closed
[0.513s] DEBUG:colcon.colcon_parallel_executor.executor.parallel:run_until_complete finished with '0'
[0.513s] DEBUG:colcon.colcon_core.event_reactor:joining thread
[0.525s] INFO:colcon.colcon_core.plugin_system:Skipping extension 'colcon_notification.desktop_notification.notify_send': Could not find 'notify-send'
[0.525s] INFO:colcon.colcon_core.plugin_system:Skipping extension 'colcon_notification.desktop_notification.terminal_notifier': Not used on non-Darwin systems
[0.525s] INFO:colcon.colcon_core.plugin_system:Skipping extension 'colcon_notification.desktop_notification.win32': Not used on non-Windows systems
[0.525s] INFO:colcon.colcon_notification.desktop_notification:Sending desktop notification using 'notify2'
[0.529s] DEBUG:colcon.colcon_notification.desktop_notification.notify2:Failed to initialize notify2: org.freedesktop.DBus.Error.Spawn.ExecFailed: /usr/bin/dbus-launch terminated abnormally without any error message
[0.529s] DEBUG:colcon.colcon_core.event_reactor:joined thread
[0.529s] INFO:colcon.colcon_core.shell:Creating prefix script '/root/ros2_RSSI_Heatmap/install/local_setup.ps1'
[0.530s] INFO:colcon.colcon_core.shell:Creating prefix util module '/root/ros2_RSSI_Heatmap/install/_local_setup_util_ps1.py'
[0.530s] INFO:colcon.colcon_core.shell:Creating prefix chain script '/root/ros2_RSSI_Heatmap/install/setup.ps1'
[0.531s] INFO:colcon.colcon_core.shell:Creating prefix script '/root/ros2_RSSI_Heatmap/install/local_setup.sh'
[0.532s] INFO:colcon.colcon_core.shell:Creating prefix util module '/root/ros2_RSSI_Heatmap/install/_local_setup_util_sh.py'
[0.532s] INFO:colcon.colcon_core.shell:Creating prefix chain script '/root/ros2_RSSI_Heatmap/install/setup.sh'
[0.532s] INFO:colcon.colcon_core.shell:Creating prefix script '/root/ros2_RSSI_Heatmap/install/local_setup.bash'
[0.533s] INFO:colcon.colcon_core.shell:Creating prefix chain script '/root/ros2_RSSI_Heatmap/install/setup.bash'
[0.533s] INFO:colcon.colcon_core.shell:Creating prefix script '/root/ros2_RSSI_Heatmap/install/local_setup.zsh'
[0.534s] INFO:colcon.colcon_core.shell:Creating prefix chain script '/root/ros2_RSSI_Heatmap/install/setup.zsh'
