[0.012s] Invoking command in '/root/ros2_RSSI_Heatmap/build/nav2_read_rssi_at_waypoint': AMENT_PREFIX_PATH=/root/ros2_RSSI_Heatmap/install/rosbot_interfaces:${AMENT_PREFIX_PATH} CMAKE_PREFIX_PATH=/root/ros2_RSSI_Heatmap/install/rosbot_interfaces:/root/turtlebot3_ws/install/turtlebot3:/root/turtlebot3_ws/install/turtlebot3_simulations:/root/turtlebot3_ws/install/turtlebot3_bringup:/root/turtlebot3_ws/install/turtlebot3_node:/root/turtlebot3_ws/install/turtlebot3_navigation2:/root/turtlebot3_ws/install/turtlebot3_gazebo:/root/turtlebot3_ws/install/turtlebot3_fake_node:/root/turtlebot3_ws/install/turtlebot3_description:/root/turtlebot3_ws/install/turtlebot3_cartographer:/opt/ros/jazzy/opt/gz_sim_vendor:/opt/ros/jazzy/opt/gz_sensors_vendor:/opt/ros/jazzy/opt/gz_physics_vendor:/opt/ros/jazzy/opt/sdformat_vendor:/opt/ros/jazzy/opt/gz_gui_vendor:/opt/ros/jazzy/opt/gz_transport_vendor:/opt/ros/jazzy/opt/gz_rendering_vendor:/opt/ros/jazzy/opt/gz_plugin_vendor:/opt/ros/jazzy/opt/gz_fuel_tools_vendor:/opt/ros/jazzy/opt/gz_msgs_vendor:/opt/ros/jazzy/opt/gz_common_vendor:/opt/ros/jazzy/opt/gz_math_vendor:/opt/ros/jazzy/opt/gz_utils_vendor:/opt/ros/jazzy/opt/gz_tools_vendor:/opt/ros/jazzy/opt/gz_ogre_next_vendor:/opt/ros/jazzy/opt/gz_dartsim_vendor:/opt/ros/jazzy/opt/gz_cmake_vendor:/root/turtlebot3_ws/install/turtlebot3_teleop:/root/turtlebot3_ws/install/turtlebot3_example:/opt/ros/jazzy LD_LIBRARY_PATH=/root/ros2_RSSI_Heatmap/install/rosbot_interfaces/lib:${LD_LIBRARY_PATH} PYTHONPATH=/root/ros2_RSSI_Heatmap/install/rosbot_interfaces/lib/python3.12/site-packages:${PYTHONPATH} /usr/bin/cmake /root/ros2_RSSI_Heatmap/src/nav2_read_rssi_at_waypoint_plugin -DCMAKE_INSTALL_PREFIX=/root/ros2_RSSI_Heatmap/install/nav2_read_rssi_at_waypoint
[0.057s] -- The C compiler identification is GNU 13.3.0
[0.106s] -- The CXX compiler identification is GNU 13.3.0
[0.125s] -- Detecting C compiler ABI info
[0.208s] -- Detecting C compiler ABI info - done
[0.215s] -- Check for working C compiler: /usr/bin/cc - skipped
[0.217s] -- Detecting C compile features
[0.217s] -- Detecting C compile features - done
[0.225s] -- Detecting CXX compiler ABI info
[0.315s] -- Detecting CXX compiler ABI info - done
[0.324s] -- Check for working CXX compiler: /usr/bin/c++ - skipped
[0.324s] -- Detecting CXX compile features
[0.325s] -- Detecting CXX compile features - done
[0.329s] -- Found ament_cmake: 2.5.6 (/opt/ros/jazzy/share/ament_cmake/cmake)
[0.468s] -- Found Python3: /usr/bin/python3 (found version "3.12.3") found components: Interpreter 
[0.596s] -- Found rclcpp: 28.1.21 (/opt/ros/jazzy/share/rclcpp/cmake)
[0.646s] -- Found rosidl_generator_c: 4.6.9 (/opt/ros/jazzy/share/rosidl_generator_c/cmake)
[0.661s] -- Found rosidl_generator_cpp: 4.6.9 (/opt/ros/jazzy/share/rosidl_generator_cpp/cmake)
[0.683s] -- Using all available rosidl_typesupport_c: rosidl_typesupport_fastrtps_c;rosidl_typesupport_introspection_c
[0.701s] -- Using all available rosidl_typesupport_cpp: rosidl_typesupport_fastrtps_cpp;rosidl_typesupport_introspection_cpp
[0.815s] -- Found rmw_implementation_cmake: 7.3.3 (/opt/ros/jazzy/share/rmw_implementation_cmake/cmake)
[0.824s] -- Found rmw_fastrtps_cpp: 8.4.4 (/opt/ros/jazzy/share/rmw_fastrtps_cpp/cmake)
[0.943s] -- Found OpenSSL: /usr/lib/x86_64-linux-gnu/libcrypto.so (found version "3.0.13")  
[0.966s] -- Found FastRTPS: /opt/ros/jazzy/include (Required is at least version "2.13") 
[0.991s] -- Using RMW implementation 'rmw_fastrtps_cpp' as default
[1.101s] -- Found rclcpp_action: 28.1.21 (/opt/ros/jazzy/share/rclcpp_action/cmake)
[1.159s] -- Found rclcpp_lifecycle: 28.1.21 (/opt/ros/jazzy/share/rclcpp_lifecycle/cmake)
[1.210s] -- Found nav2_util: 1.3.12 (/opt/ros/jazzy/share/nav2_util/cmake)
[1.476s] -- Found eigen3_cmake_module: 0.3.1 (/opt/ros/jazzy/share/eigen3_cmake_module/cmake)
[1.476s] -- Found Eigen3: TRUE (found version "3.4.0") 
[1.476s] -- Ensuring Eigen3 include directory is part of orocos-kdl CMake target
[1.599s] -- Found nav2_core: 1.3.12 (/opt/ros/jazzy/share/nav2_core/cmake)
[1.831s] -- Found rosbot_interfaces: 1.0.0 (/root/ros2_RSSI_Heatmap/install/rosbot_interfaces/share/rosbot_interfaces/cmake)
[1.956s] -- Configuring done (1.9s)
[2.102s] -- Generating done (0.1s)
[2.106s] -- Build files have been written to: /root/ros2_RSSI_Heatmap/build/nav2_read_rssi_at_waypoint
[2.120s] Invoked command in '/root/ros2_RSSI_Heatmap/build/nav2_read_rssi_at_waypoint' returned '0': AMENT_PREFIX_PATH=/root/ros2_RSSI_Heatmap/install/rosbot_interfaces:${AMENT_PREFIX_PATH} CMAKE_PREFIX_PATH=/root/ros2_RSSI_Heatmap/install/rosbot_interfaces:/root/turtlebot3_ws/install/turtlebot3:/root/turtlebot3_ws/install/turtlebot3_simulations:/root/turtlebot3_ws/install/turtlebot3_bringup:/root/turtlebot3_ws/install/turtlebot3_node:/root/turtlebot3_ws/install/turtlebot3_navigation2:/root/turtlebot3_ws/install/turtlebot3_gazebo:/root/turtlebot3_ws/install/turtlebot3_fake_node:/root/turtlebot3_ws/install/turtlebot3_description:/root/turtlebot3_ws/install/turtlebot3_cartographer:/opt/ros/jazzy/opt/gz_sim_vendor:/opt/ros/jazzy/opt/gz_sensors_vendor:/opt/ros/jazzy/opt/gz_physics_vendor:/opt/ros/jazzy/opt/sdformat_vendor:/opt/ros/jazzy/opt/gz_gui_vendor:/opt/ros/jazzy/opt/gz_transport_vendor:/opt/ros/jazzy/opt/gz_rendering_vendor:/opt/ros/jazzy/opt/gz_plugin_vendor:/opt/ros/jazzy/opt/gz_fuel_tools_vendor:/opt/ros/jazzy/opt/gz_msgs_vendor:/opt/ros/jazzy/opt/gz_common_vendor:/opt/ros/jazzy/opt/gz_math_vendor:/opt/ros/jazzy/opt/gz_utils_vendor:/opt/ros/jazzy/opt/gz_tools_vendor:/opt/ros/jazzy/opt/gz_ogre_next_vendor:/opt/ros/jazzy/opt/gz_dartsim_vendor:/opt/ros/jazzy/opt/gz_cmake_vendor:/root/turtlebot3_ws/install/turtlebot3_teleop:/root/turtlebot3_ws/install/turtlebot3_example:/opt/ros/jazzy LD_LIBRARY_PATH=/root/ros2_RSSI_Heatmap/install/rosbot_interfaces/lib:${LD_LIBRARY_PATH} PYTHONPATH=/root/ros2_RSSI_Heatmap/install/rosbot_interfaces/lib/python3.12/site-packages:${PYTHONPATH} /usr/bin/cmake /root/ros2_RSSI_Heatmap/src/nav2_read_rssi_at_waypoint_plugin -DCMAKE_INSTALL_PREFIX=/root/ros2_RSSI_Heatmap/install/nav2_read_rssi_at_waypoint
[2.122s] Invoking command in '/root/ros2_RSSI_Heatmap/build/nav2_read_rssi_at_waypoint': AMENT_PREFIX_PATH=/root/ros2_RSSI_Heatmap/install/rosbot_interfaces:${AMENT_PREFIX_PATH} CMAKE_PREFIX_PATH=/root/ros2_RSSI_Heatmap/install/rosbot_interfaces:/root/turtlebot3_ws/install/turtlebot3:/root/turtlebot3_ws/install/turtlebot3_simulations:/root/turtlebot3_ws/install/turtlebot3_bringup:/root/turtlebot3_ws/install/turtlebot3_node:/root/turtlebot3_ws/install/turtlebot3_navigation2:/root/turtlebot3_ws/install/turtlebot3_gazebo:/root/turtlebot3_ws/install/turtlebot3_fake_node:/root/turtlebot3_ws/install/turtlebot3_description:/root/turtlebot3_ws/install/turtlebot3_cartographer:/opt/ros/jazzy/opt/gz_sim_vendor:/opt/ros/jazzy/opt/gz_sensors_vendor:/opt/ros/jazzy/opt/gz_physics_vendor:/opt/ros/jazzy/opt/sdformat_vendor:/opt/ros/jazzy/opt/gz_gui_vendor:/opt/ros/jazzy/opt/gz_transport_vendor:/opt/ros/jazzy/opt/gz_rendering_vendor:/opt/ros/jazzy/opt/gz_plugin_vendor:/opt/ros/jazzy/opt/gz_fuel_tools_vendor:/opt/ros/jazzy/opt/gz_msgs_vendor:/opt/ros/jazzy/opt/gz_common_vendor:/opt/ros/jazzy/opt/gz_math_vendor:/opt/ros/jazzy/opt/gz_utils_vendor:/opt/ros/jazzy/opt/gz_tools_vendor:/opt/ros/jazzy/opt/gz_ogre_next_vendor:/opt/ros/jazzy/opt/gz_dartsim_vendor:/opt/ros/jazzy/opt/gz_cmake_vendor:/root/turtlebot3_ws/install/turtlebot3_teleop:/root/turtlebot3_ws/install/turtlebot3_example:/opt/ros/jazzy LD_LIBRARY_PATH=/root/ros2_RSSI_Heatmap/install/rosbot_interfaces/lib:${LD_LIBRARY_PATH} PYTHONPATH=/root/ros2_RSSI_Heatmap/install/rosbot_interfaces/lib/python3.12/site-packages:${PYTHONPATH} /usr/bin/cmake --build /root/ros2_RSSI_Heatmap/build/nav2_read_rssi_at_waypoint -- -j16 -l16
[2.177s] [ 50%] [32mBuilding CXX object CMakeFiles/nav2_read_rssi_at_waypoint.dir/src/read_rssi_at_waypoint.cpp.o[0m
[7.053s] [100%] [32m[1mLinking CXX shared library libnav2_read_rssi_at_waypoint.so[0m
[7.464s] [100%] Built target nav2_read_rssi_at_waypoint
[7.478s] Invoked command in '/root/ros2_RSSI_Heatmap/build/nav2_read_rssi_at_waypoint' returned '0': AMENT_PREFIX_PATH=/root/ros2_RSSI_Heatmap/install/rosbot_interfaces:${AMENT_PREFIX_PATH} CMAKE_PREFIX_PATH=/root/ros2_RSSI_Heatmap/install/rosbot_interfaces:/root/turtlebot3_ws/install/turtlebot3:/root/turtlebot3_ws/install/turtlebot3_simulations:/root/turtlebot3_ws/install/turtlebot3_bringup:/root/turtlebot3_ws/install/turtlebot3_node:/root/turtlebot3_ws/install/turtlebot3_navigation2:/root/turtlebot3_ws/install/turtlebot3_gazebo:/root/turtlebot3_ws/install/turtlebot3_fake_node:/root/turtlebot3_ws/install/turtlebot3_description:/root/turtlebot3_ws/install/turtlebot3_cartographer:/opt/ros/jazzy/opt/gz_sim_vendor:/opt/ros/jazzy/opt/gz_sensors_vendor:/opt/ros/jazzy/opt/gz_physics_vendor:/opt/ros/jazzy/opt/sdformat_vendor:/opt/ros/jazzy/opt/gz_gui_vendor:/opt/ros/jazzy/opt/gz_transport_vendor:/opt/ros/jazzy/opt/gz_rendering_vendor:/opt/ros/jazzy/opt/gz_plugin_vendor:/opt/ros/jazzy/opt/gz_fuel_tools_vendor:/opt/ros/jazzy/opt/gz_msgs_vendor:/opt/ros/jazzy/opt/gz_common_vendor:/opt/ros/jazzy/opt/gz_math_vendor:/opt/ros/jazzy/opt/gz_utils_vendor:/opt/ros/jazzy/opt/gz_tools_vendor:/opt/ros/jazzy/opt/gz_ogre_next_vendor:/opt/ros/jazzy/opt/gz_dartsim_vendor:/opt/ros/jazzy/opt/gz_cmake_vendor:/root/turtlebot3_ws/install/turtlebot3_teleop:/root/turtlebot3_ws/install/turtlebot3_example:/opt/ros/jazzy LD_LIBRARY_PATH=/root/ros2_RSSI_Heatmap/install/rosbot_interfaces/lib:${LD_LIBRARY_PATH} PYTHONPATH=/root/ros2_RSSI_Heatmap/install/rosbot_interfaces/lib/python3.12/site-packages:${PYTHONPATH} /usr/bin/cmake --build /root/ros2_RSSI_Heatmap/build/nav2_read_rssi_at_waypoint -- -j16 -l16
[7.479s] Invoking command in '/root/ros2_RSSI_Heatmap/build/nav2_read_rssi_at_waypoint': AMENT_PREFIX_PATH=/root/ros2_RSSI_Heatmap/install/rosbot_interfaces:${AMENT_PREFIX_PATH} CMAKE_PREFIX_PATH=/root/ros2_RSSI_Heatmap/install/rosbot_interfaces:/root/turtlebot3_ws/install/turtlebot3:/root/turtlebot3_ws/install/turtlebot3_simulations:/root/turtlebot3_ws/install/turtlebot3_bringup:/root/turtlebot3_ws/install/turtlebot3_node:/root/turtlebot3_ws/install/turtlebot3_navigation2:/root/turtlebot3_ws/install/turtlebot3_gazebo:/root/turtlebot3_ws/install/turtlebot3_fake_node:/root/turtlebot3_ws/install/turtlebot3_description:/root/turtlebot3_ws/install/turtlebot3_cartographer:/opt/ros/jazzy/opt/gz_sim_vendor:/opt/ros/jazzy/opt/gz_sensors_vendor:/opt/ros/jazzy/opt/gz_physics_vendor:/opt/ros/jazzy/opt/sdformat_vendor:/opt/ros/jazzy/opt/gz_gui_vendor:/opt/ros/jazzy/opt/gz_transport_vendor:/opt/ros/jazzy/opt/gz_rendering_vendor:/opt/ros/jazzy/opt/gz_plugin_vendor:/opt/ros/jazzy/opt/gz_fuel_tools_vendor:/opt/ros/jazzy/opt/gz_msgs_vendor:/opt/ros/jazzy/opt/gz_common_vendor:/opt/ros/jazzy/opt/gz_math_vendor:/opt/ros/jazzy/opt/gz_utils_vendor:/opt/ros/jazzy/opt/gz_tools_vendor:/opt/ros/jazzy/opt/gz_ogre_next_vendor:/opt/ros/jazzy/opt/gz_dartsim_vendor:/opt/ros/jazzy/opt/gz_cmake_vendor:/root/turtlebot3_ws/install/turtlebot3_teleop:/root/turtlebot3_ws/install/turtlebot3_example:/opt/ros/jazzy LD_LIBRARY_PATH=/root/ros2_RSSI_Heatmap/install/rosbot_interfaces/lib:${LD_LIBRARY_PATH} PYTHONPATH=/root/ros2_RSSI_Heatmap/install/rosbot_interfaces/lib/python3.12/site-packages:${PYTHONPATH} /usr/bin/cmake --install /root/ros2_RSSI_Heatmap/build/nav2_read_rssi_at_waypoint
[7.485s] -- Install configuration: ""
[7.485s] -- Installing: /root/ros2_RSSI_Heatmap/install/nav2_read_rssi_at_waypoint/share/nav2_read_rssi_at_waypoint/nav2_read_rssi_at_waypoint.xml
[7.487s] -- Installing: /root/ros2_RSSI_Heatmap/install/nav2_read_rssi_at_waypoint/lib/libnav2_read_rssi_at_waypoint.so
[7.489s] -- Set non-toolchain portion of runtime path of "/root/ros2_RSSI_Heatmap/install/nav2_read_rssi_at_waypoint/lib/libnav2_read_rssi_at_waypoint.so" to ""
[7.489s] -- Installing: /root/ros2_RSSI_Heatmap/install/nav2_read_rssi_at_waypoint/include/
[7.489s] -- Installing: /root/ros2_RSSI_Heatmap/install/nav2_read_rssi_at_waypoint/include//nav2_read_rssi_at_waypoint
[7.489s] -- Installing: /root/ros2_RSSI_Heatmap/install/nav2_read_rssi_at_waypoint/include//nav2_read_rssi_at_waypoint/simulated_rssi.hpp
[7.489s] -- Installing: /root/ros2_RSSI_Heatmap/install/nav2_read_rssi_at_waypoint/include//nav2_read_rssi_at_waypoint/.read_rssi_at_waypoint.hpp.swp
[7.493s] -- Installing: /root/ros2_RSSI_Heatmap/install/nav2_read_rssi_at_waypoint/include//nav2_read_rssi_at_waypoint/read_rssi_at_waypoint.hpp
[7.493s] -- Up-to-date: /root/ros2_RSSI_Heatmap/install/nav2_read_rssi_at_waypoint/share/nav2_read_rssi_at_waypoint/nav2_read_rssi_at_waypoint.xml
[7.493s] -- Installing: /root/ros2_RSSI_Heatmap/install/nav2_read_rssi_at_waypoint/share/nav2_read_rssi_at_waypoint/environment/library_path.sh
[7.493s] -- Installing: /root/ros2_RSSI_Heatmap/install/nav2_read_rssi_at_waypoint/share/nav2_read_rssi_at_waypoint/environment/library_path.dsv
[7.493s] -- Installing: /root/ros2_RSSI_Heatmap/install/nav2_read_rssi_at_waypoint/share/ament_index/resource_index/package_run_dependencies/nav2_read_rssi_at_waypoint
[7.493s] -- Installing: /root/ros2_RSSI_Heatmap/install/nav2_read_rssi_at_waypoint/share/ament_index/resource_index/parent_prefix_path/nav2_read_rssi_at_waypoint
[7.493s] -- Installing: /root/ros2_RSSI_Heatmap/install/nav2_read_rssi_at_waypoint/share/nav2_read_rssi_at_waypoint/environment/ament_prefix_path.sh
[7.493s] -- Installing: /root/ros2_RSSI_Heatmap/install/nav2_read_rssi_at_waypoint/share/nav2_read_rssi_at_waypoint/environment/ament_prefix_path.dsv
[7.493s] -- Installing: /root/ros2_RSSI_Heatmap/install/nav2_read_rssi_at_waypoint/share/nav2_read_rssi_at_waypoint/environment/path.sh
[7.493s] -- Installing: /root/ros2_RSSI_Heatmap/install/nav2_read_rssi_at_waypoint/share/nav2_read_rssi_at_waypoint/environment/path.dsv
[7.493s] -- Installing: /root/ros2_RSSI_Heatmap/install/nav2_read_rssi_at_waypoint/share/nav2_read_rssi_at_waypoint/local_setup.bash
[7.493s] -- Installing: /root/ros2_RSSI_Heatmap/install/nav2_read_rssi_at_waypoint/share/nav2_read_rssi_at_waypoint/local_setup.sh
[7.493s] -- Installing: /root/ros2_RSSI_Heatmap/install/nav2_read_rssi_at_waypoint/share/nav2_read_rssi_at_waypoint/local_setup.zsh
[7.493s] -- Installing: /root/ros2_RSSI_Heatmap/install/nav2_read_rssi_at_waypoint/share/nav2_read_rssi_at_waypoint/local_setup.dsv
[7.493s] -- Installing: /root/ros2_RSSI_Heatmap/install/nav2_read_rssi_at_waypoint/share/nav2_read_rssi_at_waypoint/package.dsv
[7.494s] -- Installing: /root/ros2_RSSI_Heatmap/install/nav2_read_rssi_at_waypoint/share/ament_index/resource_index/packages/nav2_read_rssi_at_waypoint
[7.494s] -- Installing: /root/ros2_RSSI_Heatmap/install/nav2_read_rssi_at_waypoint/share/ament_index/resource_index/nav2_waypoint_follower__pluginlib__plugin/nav2_read_rssi_at_waypoint
[7.494s] -- Installing: /root/ros2_RSSI_Heatmap/install/nav2_read_rssi_at_waypoint/share/nav2_read_rssi_at_waypoint/cmake/ament_cmake_export_include_directories-extras.cmake
[7.494s] -- Installing: /root/ros2_RSSI_Heatmap/install/nav2_read_rssi_at_waypoint/share/nav2_read_rssi_at_waypoint/cmake/ament_cmake_export_libraries-extras.cmake
[7.494s] -- Installing: /root/ros2_RSSI_Heatmap/install/nav2_read_rssi_at_waypoint/share/nav2_read_rssi_at_waypoint/cmake/ament_cmake_export_dependencies-extras.cmake
[7.494s] -- Installing: /root/ros2_RSSI_Heatmap/install/nav2_read_rssi_at_waypoint/share/nav2_read_rssi_at_waypoint/cmake/nav2_read_rssi_at_waypointConfig.cmake
[7.494s] -- Installing: /root/ros2_RSSI_Heatmap/install/nav2_read_rssi_at_waypoint/share/nav2_read_rssi_at_waypoint/cmake/nav2_read_rssi_at_waypointConfig-version.cmake
[7.494s] -- Installing: /root/ros2_RSSI_Heatmap/install/nav2_read_rssi_at_waypoint/share/nav2_read_rssi_at_waypoint/package.xml
[7.495s] Invoked command in '/root/ros2_RSSI_Heatmap/build/nav2_read_rssi_at_waypoint' returned '0': AMENT_PREFIX_PATH=/root/ros2_RSSI_Heatmap/install/rosbot_interfaces:${AMENT_PREFIX_PATH} CMAKE_PREFIX_PATH=/root/ros2_RSSI_Heatmap/install/rosbot_interfaces:/root/turtlebot3_ws/install/turtlebot3:/root/turtlebot3_ws/install/turtlebot3_simulations:/root/turtlebot3_ws/install/turtlebot3_bringup:/root/turtlebot3_ws/install/turtlebot3_node:/root/turtlebot3_ws/install/turtlebot3_navigation2:/root/turtlebot3_ws/install/turtlebot3_gazebo:/root/turtlebot3_ws/install/turtlebot3_fake_node:/root/turtlebot3_ws/install/turtlebot3_description:/root/turtlebot3_ws/install/turtlebot3_cartographer:/opt/ros/jazzy/opt/gz_sim_vendor:/opt/ros/jazzy/opt/gz_sensors_vendor:/opt/ros/jazzy/opt/gz_physics_vendor:/opt/ros/jazzy/opt/sdformat_vendor:/opt/ros/jazzy/opt/gz_gui_vendor:/opt/ros/jazzy/opt/gz_transport_vendor:/opt/ros/jazzy/opt/gz_rendering_vendor:/opt/ros/jazzy/opt/gz_plugin_vendor:/opt/ros/jazzy/opt/gz_fuel_tools_vendor:/opt/ros/jazzy/opt/gz_msgs_vendor:/opt/ros/jazzy/opt/gz_common_vendor:/opt/ros/jazzy/opt/gz_math_vendor:/opt/ros/jazzy/opt/gz_utils_vendor:/opt/ros/jazzy/opt/gz_tools_vendor:/opt/ros/jazzy/opt/gz_ogre_next_vendor:/opt/ros/jazzy/opt/gz_dartsim_vendor:/opt/ros/jazzy/opt/gz_cmake_vendor:/root/turtlebot3_ws/install/turtlebot3_teleop:/root/turtlebot3_ws/install/turtlebot3_example:/opt/ros/jazzy LD_LIBRARY_PATH=/root/ros2_RSSI_Heatmap/install/rosbot_interfaces/lib:${LD_LIBRARY_PATH} PYTHONPATH=/root/ros2_RSSI_Heatmap/install/rosbot_interfaces/lib/python3.12/site-packages:${PYTHONPATH} /usr/bin/cmake --install /root/ros2_RSSI_Heatmap/build/nav2_read_rssi_at_waypoint
