running egg_info
creating ../../build/waypoint_publisher_package/waypoint_publisher_package.egg-info
writing ../../build/waypoint_publisher_package/waypoint_publisher_package.egg-info/PKG-INFO
writing dependency_links to ../../build/waypoint_publisher_package/waypoint_publisher_package.egg-info/dependency_links.txt
writing entry points to ../../build/waypoint_publisher_package/waypoint_publisher_package.egg-info/entry_points.txt
writing requirements to ../../build/waypoint_publisher_package/waypoint_publisher_package.egg-info/requires.txt
writing top-level names to ../../build/waypoint_publisher_package/waypoint_publisher_package.egg-info/top_level.txt
writing manifest file '../../build/waypoint_publisher_package/waypoint_publisher_package.egg-info/SOURCES.txt'
reading manifest file '../../build/waypoint_publisher_package/waypoint_publisher_package.egg-info/SOURCES.txt'
writing manifest file '../../build/waypoint_publisher_package/waypoint_publisher_package.egg-info/SOURCES.txt'
running build
running build_py
creating /root/ros2_RSSI_Heatmap/build/waypoint_publisher_package/build
creating /root/ros2_RSSI_Heatmap/build/waypoint_publisher_package/build/lib
creating /root/ros2_RSSI_Heatmap/build/waypoint_publisher_package/build/lib/waypoint_publisher_package
copying waypoint_publisher_package/__init__.py -> /root/ros2_RSSI_Heatmap/build/waypoint_publisher_package/build/lib/waypoint_publisher_package
copying waypoint_publisher_package/node.py -> /root/ros2_RSSI_Heatmap/build/waypoint_publisher_package/build/lib/waypoint_publisher_package
running install
running install_lib
creating /root/ros2_RSSI_Heatmap/install/waypoint_publisher_package/lib/python3.12/site-packages/waypoint_publisher_package
copying /root/ros2_RSSI_Heatmap/build/waypoint_publisher_package/build/lib/waypoint_publisher_package/__init__.py -> /root/ros2_RSSI_Heatmap/install/waypoint_publisher_package/lib/python3.12/site-packages/waypoint_publisher_package
copying /root/ros2_RSSI_Heatmap/build/waypoint_publisher_package/build/lib/waypoint_publisher_package/node.py -> /root/ros2_RSSI_Heatmap/install/waypoint_publisher_package/lib/python3.12/site-packages/waypoint_publisher_package
byte-compiling /root/ros2_RSSI_Heatmap/install/waypoint_publisher_package/lib/python3.12/site-packages/waypoint_publisher_package/__init__.py to __init__.cpython-312.pyc
byte-compiling /root/ros2_RSSI_Heatmap/install/waypoint_publisher_package/lib/python3.12/site-packages/waypoint_publisher_package/node.py to node.cpython-312.pyc
running install_data
creating /root/ros2_RSSI_Heatmap/install/waypoint_publisher_package/share/ament_index
creating /root/ros2_RSSI_Heatmap/install/waypoint_publisher_package/share/ament_index/resource_index
creating /root/ros2_RSSI_Heatmap/install/waypoint_publisher_package/share/ament_index/resource_index/packages
copying resource/waypoint_publisher_package -> /root/ros2_RSSI_Heatmap/install/waypoint_publisher_package/share/ament_index/resource_index/packages
copying package.xml -> /root/ros2_RSSI_Heatmap/install/waypoint_publisher_package/share/waypoint_publisher_package
running install_egg_info
Copying ../../build/waypoint_publisher_package/waypoint_publisher_package.egg-info to /root/ros2_RSSI_Heatmap/install/waypoint_publisher_package/lib/python3.12/site-packages/waypoint_publisher_package-1.0.0-py3.12.egg-info
running install_scripts
Installing node script to /root/ros2_RSSI_Heatmap/install/waypoint_publisher_package/lib/waypoint_publisher_package
writing list of installed files to '/root/ros2_RSSI_Heatmap/build/waypoint_publisher_package/install.log'
