running egg_info
creating ../../build/rssi_heatmap_generator_package/rssi_heatmap_generator_package.egg-info
writing ../../build/rssi_heatmap_generator_package/rssi_heatmap_generator_package.egg-info/PKG-INFO
writing dependency_links to ../../build/rssi_heatmap_generator_package/rssi_heatmap_generator_package.egg-info/dependency_links.txt
writing entry points to ../../build/rssi_heatmap_generator_package/rssi_heatmap_generator_package.egg-info/entry_points.txt
writing requirements to ../../build/rssi_heatmap_generator_package/rssi_heatmap_generator_package.egg-info/requires.txt
writing top-level names to ../../build/rssi_heatmap_generator_package/rssi_heatmap_generator_package.egg-info/top_level.txt
writing manifest file '../../build/rssi_heatmap_generator_package/rssi_heatmap_generator_package.egg-info/SOURCES.txt'
reading manifest file '../../build/rssi_heatmap_generator_package/rssi_heatmap_generator_package.egg-info/SOURCES.txt'
writing manifest file '../../build/rssi_heatmap_generator_package/rssi_heatmap_generator_package.egg-info/SOURCES.txt'
running build
running build_py
creating /root/ros2_RSSI_Heatmap/build/rssi_heatmap_generator_package/build
creating /root/ros2_RSSI_Heatmap/build/rssi_heatmap_generator_package/build/lib
creating /root/ros2_RSSI_Heatmap/build/rssi_heatmap_generator_package/build/lib/rssi_heatmap_generator_package
copying rssi_heatmap_generator_package/__init__.py -> /root/ros2_RSSI_Heatmap/build/rssi_heatmap_generator_package/build/lib/rssi_heatmap_generator_package
copying rssi_heatmap_generator_package/node.py -> /root/ros2_RSSI_Heatmap/build/rssi_heatmap_generator_package/build/lib/rssi_heatmap_generator_package
creating /root/ros2_RSSI_Heatmap/build/rssi_heatmap_generator_package/build/lib/rssi_heatmap_generator_package/submodules
copying rssi_heatmap_generator_package/submodules/__init__.py -> /root/ros2_RSSI_Heatmap/build/rssi_heatmap_generator_package/build/lib/rssi_heatmap_generator_package/submodules
copying rssi_heatmap_generator_package/submodules/generate_heatmap.py -> /root/ros2_RSSI_Heatmap/build/rssi_heatmap_generator_package/build/lib/rssi_heatmap_generator_package/submodules
running install
running install_lib
creating /root/ros2_RSSI_Heatmap/install/rssi_heatmap_generator_package/lib/python3.12/site-packages/rssi_heatmap_generator_package
copying /root/ros2_RSSI_Heatmap/build/rssi_heatmap_generator_package/build/lib/rssi_heatmap_generator_package/__init__.py -> /root/ros2_RSSI_Heatmap/install/rssi_heatmap_generator_package/lib/python3.12/site-packages/rssi_heatmap_generator_package
creating /root/ros2_RSSI_Heatmap/install/rssi_heatmap_generator_package/lib/python3.12/site-packages/rssi_heatmap_generator_package/submodules
copying /root/ros2_RSSI_Heatmap/build/rssi_heatmap_generator_package/build/lib/rssi_heatmap_generator_package/submodules/__init__.py -> /root/ros2_RSSI_Heatmap/install/rssi_heatmap_generator_package/lib/python3.12/site-packages/rssi_heatmap_generator_package/submodules
copying /root/ros2_RSSI_Heatmap/build/rssi_heatmap_generator_package/build/lib/rssi_heatmap_generator_package/submodules/generate_heatmap.py -> /root/ros2_RSSI_Heatmap/install/rssi_heatmap_generator_package/lib/python3.12/site-packages/rssi_heatmap_generator_package/submodules
copying /root/ros2_RSSI_Heatmap/build/rssi_heatmap_generator_package/build/lib/rssi_heatmap_generator_package/node.py -> /root/ros2_RSSI_Heatmap/install/rssi_heatmap_generator_package/lib/python3.12/site-packages/rssi_heatmap_generator_package
byte-compiling /root/ros2_RSSI_Heatmap/install/rssi_heatmap_generator_package/lib/python3.12/site-packages/rssi_heatmap_generator_package/__init__.py to __init__.cpython-312.pyc
byte-compiling /root/ros2_RSSI_Heatmap/install/rssi_heatmap_generator_package/lib/python3.12/site-packages/rssi_heatmap_generator_package/submodules/__init__.py to __init__.cpython-312.pyc
byte-compiling /root/ros2_RSSI_Heatmap/install/rssi_heatmap_generator_package/lib/python3.12/site-packages/rssi_heatmap_generator_package/submodules/generate_heatmap.py to generate_heatmap.cpython-312.pyc
byte-compiling /root/ros2_RSSI_Heatmap/install/rssi_heatmap_generator_package/lib/python3.12/site-packages/rssi_heatmap_generator_package/node.py to node.cpython-312.pyc
running install_data
creating /root/ros2_RSSI_Heatmap/install/rssi_heatmap_generator_package/share/ament_index
creating /root/ros2_RSSI_Heatmap/install/rssi_heatmap_generator_package/share/ament_index/resource_index
creating /root/ros2_RSSI_Heatmap/install/rssi_heatmap_generator_package/share/ament_index/resource_index/packages
copying resource/rssi_heatmap_generator_package -> /root/ros2_RSSI_Heatmap/install/rssi_heatmap_generator_package/share/ament_index/resource_index/packages
copying package.xml -> /root/ros2_RSSI_Heatmap/install/rssi_heatmap_generator_package/share/rssi_heatmap_generator_package
running install_egg_info
Copying ../../build/rssi_heatmap_generator_package/rssi_heatmap_generator_package.egg-info to /root/ros2_RSSI_Heatmap/install/rssi_heatmap_generator_package/lib/python3.12/site-packages/rssi_heatmap_generator_package-1.0.0-py3.12.egg-info
running install_scripts
Installing node script to /root/ros2_RSSI_Heatmap/install/rssi_heatmap_generator_package/lib/rssi_heatmap_generator_package
writing list of installed files to '/root/ros2_RSSI_Heatmap/build/rssi_heatmap_generator_package/install.log'
