[0.006s] Invoking command in '/root/ros2_RSSI_Heatmap/build/nav2_read_rssi_at_waypoint': AMENT_PREFIX_PATH=/root/ros2_RSSI_Heatmap/install/rosbot_interfaces:${AMENT_PREFIX_PATH} CMAKE_PREFIX_PATH=/root/ros2_RSSI_Heatmap/install/rosbot_interfaces:/root/turtlebot3_ws/install/turtlebot3:/root/turtlebot3_ws/install/turtlebot3_simulations:/root/turtlebot3_ws/install/turtlebot3_bringup:/root/turtlebot3_ws/install/turtlebot3_node:/root/turtlebot3_ws/install/turtlebot3_navigation2:/root/turtlebot3_ws/install/turtlebot3_gazebo:/root/turtlebot3_ws/install/turtlebot3_fake_node:/root/turtlebot3_ws/install/turtlebot3_description:/root/turtlebot3_ws/install/turtlebot3_cartographer:/opt/ros/jazzy/opt/gz_sim_vendor:/opt/ros/jazzy/opt/gz_sensors_vendor:/opt/ros/jazzy/opt/gz_physics_vendor:/opt/ros/jazzy/opt/sdformat_vendor:/opt/ros/jazzy/opt/gz_gui_vendor:/opt/ros/jazzy/opt/gz_transport_vendor:/opt/ros/jazzy/opt/gz_rendering_vendor:/opt/ros/jazzy/opt/gz_plugin_vendor:/opt/ros/jazzy/opt/gz_fuel_tools_vendor:/opt/ros/jazzy/opt/gz_msgs_vendor:/opt/ros/jazzy/opt/gz_common_vendor:/opt/ros/jazzy/opt/gz_math_vendor:/opt/ros/jazzy/opt/gz_utils_vendor:/opt/ros/jazzy/opt/gz_tools_vendor:/opt/ros/jazzy/opt/gz_ogre_next_vendor:/opt/ros/jazzy/opt/gz_dartsim_vendor:/opt/ros/jazzy/opt/gz_cmake_vendor:/root/turtlebot3_ws/install/turtlebot3_teleop:/root/turtlebot3_ws/install/turtlebot3_example:/opt/ros/jazzy LD_LIBRARY_PATH=/root/ros2_RSSI_Heatmap/install/rosbot_interfaces/lib:${LD_LIBRARY_PATH} PYTHONPATH=/root/ros2_RSSI_Heatmap/install/rosbot_interfaces/lib/python3.12/site-packages:${PYTHONPATH} /usr/bin/cmake --build /root/ros2_RSSI_Heatmap/build/nav2_read_rssi_at_waypoint -- -j16 -l16
[0.049s] -- Found ament_cmake: 2.5.6 (/opt/ros/jazzy/share/ament_cmake/cmake)
[0.161s] -- Found rclcpp: 28.1.21 (/opt/ros/jazzy/share/rclcpp/cmake)
[0.185s] -- Found rosidl_generator_c: 4.6.9 (/opt/ros/jazzy/share/rosidl_generator_c/cmake)
[0.190s] -- Found rosidl_generator_cpp: 4.6.9 (/opt/ros/jazzy/share/rosidl_generator_cpp/cmake)
[0.203s] -- Using all available rosidl_typesupport_c: rosidl_typesupport_fastrtps_c;rosidl_typesupport_introspection_c
[0.211s] -- Using all available rosidl_typesupport_cpp: rosidl_typesupport_fastrtps_cpp;rosidl_typesupport_introspection_cpp
[0.252s] -- Found rmw_implementation_cmake: 7.3.3 (/opt/ros/jazzy/share/rmw_implementation_cmake/cmake)
[0.254s] -- Found rmw_fastrtps_cpp: 8.4.4 (/opt/ros/jazzy/share/rmw_fastrtps_cpp/cmake)
[0.298s] -- Using RMW implementation 'rmw_fastrtps_cpp' as default
[0.351s] -- Found rclcpp_action: 28.1.21 (/opt/ros/jazzy/share/rclcpp_action/cmake)
[0.378s] -- Found rclcpp_lifecycle: 28.1.21 (/opt/ros/jazzy/share/rclcpp_lifecycle/cmake)
[0.396s] -- Found nav2_util: 1.3.12 (/opt/ros/jazzy/share/nav2_util/cmake)
[0.514s] -- Found eigen3_cmake_module: 0.3.1 (/opt/ros/jazzy/share/eigen3_cmake_module/cmake)
[0.514s] -- Ensuring Eigen3 include directory is part of orocos-kdl CMake target
[0.561s] -- Found nav2_core: 1.3.12 (/opt/ros/jazzy/share/nav2_core/cmake)
[0.665s] -- Found rosbot_interfaces: 1.0.0 (/root/ros2_RSSI_Heatmap/install/rosbot_interfaces/share/rosbot_interfaces/cmake)
[0.733s] -- Configuring done (0.7s)
[0.826s] -- Generating done (0.1s)
[0.829s] -- Build files have been written to: /root/ros2_RSSI_Heatmap/build/nav2_read_rssi_at_waypoint
[0.863s] [ 50%] [32mBuilding CXX object CMakeFiles/nav2_read_rssi_at_waypoint.dir/src/read_rssi_at_waypoint.cpp.o[0m
[3.295s] [100%] [32m[1mLinking CXX shared library libnav2_read_rssi_at_waypoint.so[0m
[3.519s] [100%] Built target nav2_read_rssi_at_waypoint
[3.527s] Invoked command in '/root/ros2_RSSI_Heatmap/build/nav2_read_rssi_at_waypoint' returned '0': AMENT_PREFIX_PATH=/root/ros2_RSSI_Heatmap/install/rosbot_interfaces:${AMENT_PREFIX_PATH} CMAKE_PREFIX_PATH=/root/ros2_RSSI_Heatmap/install/rosbot_interfaces:/root/turtlebot3_ws/install/turtlebot3:/root/turtlebot3_ws/install/turtlebot3_simulations:/root/turtlebot3_ws/install/turtlebot3_bringup:/root/turtlebot3_ws/install/turtlebot3_node:/root/turtlebot3_ws/install/turtlebot3_navigation2:/root/turtlebot3_ws/install/turtlebot3_gazebo:/root/turtlebot3_ws/install/turtlebot3_fake_node:/root/turtlebot3_ws/install/turtlebot3_description:/root/turtlebot3_ws/install/turtlebot3_cartographer:/opt/ros/jazzy/opt/gz_sim_vendor:/opt/ros/jazzy/opt/gz_sensors_vendor:/opt/ros/jazzy/opt/gz_physics_vendor:/opt/ros/jazzy/opt/sdformat_vendor:/opt/ros/jazzy/opt/gz_gui_vendor:/opt/ros/jazzy/opt/gz_transport_vendor:/opt/ros/jazzy/opt/gz_rendering_vendor:/opt/ros/jazzy/opt/gz_plugin_vendor:/opt/ros/jazzy/opt/gz_fuel_tools_vendor:/opt/ros/jazzy/opt/gz_msgs_vendor:/opt/ros/jazzy/opt/gz_common_vendor:/opt/ros/jazzy/opt/gz_math_vendor:/opt/ros/jazzy/opt/gz_utils_vendor:/opt/ros/jazzy/opt/gz_tools_vendor:/opt/ros/jazzy/opt/gz_ogre_next_vendor:/opt/ros/jazzy/opt/gz_dartsim_vendor:/opt/ros/jazzy/opt/gz_cmake_vendor:/root/turtlebot3_ws/install/turtlebot3_teleop:/root/turtlebot3_ws/install/turtlebot3_example:/opt/ros/jazzy LD_LIBRARY_PATH=/root/ros2_RSSI_Heatmap/install/rosbot_interfaces/lib:${LD_LIBRARY_PATH} PYTHONPATH=/root/ros2_RSSI_Heatmap/install/rosbot_interfaces/lib/python3.12/site-packages:${PYTHONPATH} /usr/bin/cmake --build /root/ros2_RSSI_Heatmap/build/nav2_read_rssi_at_waypoint -- -j16 -l16
[3.530s] Invoking command in '/root/ros2_RSSI_Heatmap/build/nav2_read_rssi_at_waypoint': AMENT_PREFIX_PATH=/root/ros2_RSSI_Heatmap/install/rosbot_interfaces:${AMENT_PREFIX_PATH} CMAKE_PREFIX_PATH=/root/ros2_RSSI_Heatmap/install/rosbot_interfaces:/root/turtlebot3_ws/install/turtlebot3:/root/turtlebot3_ws/install/turtlebot3_simulations:/root/turtlebot3_ws/install/turtlebot3_bringup:/root/turtlebot3_ws/install/turtlebot3_node:/root/turtlebot3_ws/install/turtlebot3_navigation2:/root/turtlebot3_ws/install/turtlebot3_gazebo:/root/turtlebot3_ws/install/turtlebot3_fake_node:/root/turtlebot3_ws/install/turtlebot3_description:/root/turtlebot3_ws/install/turtlebot3_cartographer:/opt/ros/jazzy/opt/gz_sim_vendor:/opt/ros/jazzy/opt/gz_sensors_vendor:/opt/ros/jazzy/opt/gz_physics_vendor:/opt/ros/jazzy/opt/sdformat_vendor:/opt/ros/jazzy/opt/gz_gui_vendor:/opt/ros/jazzy/opt/gz_transport_vendor:/opt/ros/jazzy/opt/gz_rendering_vendor:/opt/ros/jazzy/opt/gz_plugin_vendor:/opt/ros/jazzy/opt/gz_fuel_tools_vendor:/opt/ros/jazzy/opt/gz_msgs_vendor:/opt/ros/jazzy/opt/gz_common_vendor:/opt/ros/jazzy/opt/gz_math_vendor:/opt/ros/jazzy/opt/gz_utils_vendor:/opt/ros/jazzy/opt/gz_tools_vendor:/opt/ros/jazzy/opt/gz_ogre_next_vendor:/opt/ros/jazzy/opt/gz_dartsim_vendor:/opt/ros/jazzy/opt/gz_cmake_vendor:/root/turtlebot3_ws/install/turtlebot3_teleop:/root/turtlebot3_ws/install/turtlebot3_example:/opt/ros/jazzy LD_LIBRARY_PATH=/root/ros2_RSSI_Heatmap/install/rosbot_interfaces/lib:${LD_LIBRARY_PATH} PYTHONPATH=/root/ros2_RSSI_Heatmap/install/rosbot_interfaces/lib/python3.12/site-packages:${PYTHONPATH} /usr/bin/cmake --install /root/ros2_RSSI_Heatmap/build/nav2_read_rssi_at_waypoint
[3.533s] -- Install configuration: ""
[3.534s] -- Installing: /root/ros2_RSSI_Heatmap/install/nav2_read_rssi_at_waypoint/share/nav2_read_rssi_at_waypoint/nav2_read_rssi_at_waypoint.xml
[3.534s] -- Installing: /root/ros2_RSSI_Heatmap/install/nav2_read_rssi_at_waypoint/lib/libnav2_read_rssi_at_waypoint.so
[3.535s] -- Set non-toolchain portion of runtime path of "/root/ros2_RSSI_Heatmap/install/nav2_read_rssi_at_waypoint/lib/libnav2_read_rssi_at_waypoint.so" to ""
[3.535s] -- Up-to-date: /root/ros2_RSSI_Heatmap/install/nav2_read_rssi_at_waypoint/include/
[3.535s] -- Up-to-date: /root/ros2_RSSI_Heatmap/install/nav2_read_rssi_at_waypoint/include//nav2_read_rssi_at_waypoint
[3.535s] -- Up-to-date: /root/ros2_RSSI_Heatmap/install/nav2_read_rssi_at_waypoint/include//nav2_read_rssi_at_waypoint/simulated_rssi.hpp
[3.535s] -- Installing: /root/ros2_RSSI_Heatmap/install/nav2_read_rssi_at_waypoint/include//nav2_read_rssi_at_waypoint/.read_rssi_at_waypoint.hpp.swp
[3.535s] -- Installing: /root/ros2_RSSI_Heatmap/install/nav2_read_rssi_at_waypoint/include//nav2_read_rssi_at_waypoint/read_rssi_at_waypoint.hpp
[3.535s] -- Up-to-date: /root/ros2_RSSI_Heatmap/install/nav2_read_rssi_at_waypoint/share/nav2_read_rssi_at_waypoint/nav2_read_rssi_at_waypoint.xml
[3.535s] -- Up-to-date: /root/ros2_RSSI_Heatmap/install/nav2_read_rssi_at_waypoint/share/nav2_read_rssi_at_waypoint/environment/library_path.sh
[3.535s] -- Up-to-date: /root/ros2_RSSI_Heatmap/install/nav2_read_rssi_at_waypoint/share/nav2_read_rssi_at_waypoint/environment/library_path.dsv
[3.535s] -- Up-to-date: /root/ros2_RSSI_Heatmap/install/nav2_read_rssi_at_waypoint/share/ament_index/resource_index/package_run_dependencies/nav2_read_rssi_at_waypoint
[3.535s] -- Up-to-date: /root/ros2_RSSI_Heatmap/install/nav2_read_rssi_at_waypoint/share/ament_index/resource_index/parent_prefix_path/nav2_read_rssi_at_waypoint
[3.536s] -- Up-to-date: /root/ros2_RSSI_Heatmap/install/nav2_read_rssi_at_waypoint/share/nav2_read_rssi_at_waypoint/environment/ament_prefix_path.sh
[3.536s] -- Up-to-date: /root/ros2_RSSI_Heatmap/install/nav2_read_rssi_at_waypoint/share/nav2_read_rssi_at_waypoint/environment/ament_prefix_path.dsv
[3.536s] -- Up-to-date: /root/ros2_RSSI_Heatmap/install/nav2_read_rssi_at_waypoint/share/nav2_read_rssi_at_waypoint/environment/path.sh
[3.536s] -- Up-to-date: /root/ros2_RSSI_Heatmap/install/nav2_read_rssi_at_waypoint/share/nav2_read_rssi_at_waypoint/environment/path.dsv
[3.536s] -- Up-to-date: /root/ros2_RSSI_Heatmap/install/nav2_read_rssi_at_waypoint/share/nav2_read_rssi_at_waypoint/local_setup.bash
[3.536s] -- Up-to-date: /root/ros2_RSSI_Heatmap/install/nav2_read_rssi_at_waypoint/share/nav2_read_rssi_at_waypoint/local_setup.sh
[3.536s] -- Up-to-date: /root/ros2_RSSI_Heatmap/install/nav2_read_rssi_at_waypoint/share/nav2_read_rssi_at_waypoint/local_setup.zsh
[3.536s] -- Up-to-date: /root/ros2_RSSI_Heatmap/install/nav2_read_rssi_at_waypoint/share/nav2_read_rssi_at_waypoint/local_setup.dsv
[3.536s] -- Installing: /root/ros2_RSSI_Heatmap/install/nav2_read_rssi_at_waypoint/share/nav2_read_rssi_at_waypoint/package.dsv
[3.536s] -- Up-to-date: /root/ros2_RSSI_Heatmap/install/nav2_read_rssi_at_waypoint/share/ament_index/resource_index/packages/nav2_read_rssi_at_waypoint
[3.536s] -- Up-to-date: /root/ros2_RSSI_Heatmap/install/nav2_read_rssi_at_waypoint/share/ament_index/resource_index/nav2_waypoint_follower__pluginlib__plugin/nav2_read_rssi_at_waypoint
[3.536s] -- Up-to-date: /root/ros2_RSSI_Heatmap/install/nav2_read_rssi_at_waypoint/share/nav2_read_rssi_at_waypoint/cmake/ament_cmake_export_include_directories-extras.cmake
[3.536s] -- Up-to-date: /root/ros2_RSSI_Heatmap/install/nav2_read_rssi_at_waypoint/share/nav2_read_rssi_at_waypoint/cmake/ament_cmake_export_libraries-extras.cmake
[3.536s] -- Up-to-date: /root/ros2_RSSI_Heatmap/install/nav2_read_rssi_at_waypoint/share/nav2_read_rssi_at_waypoint/cmake/ament_cmake_export_dependencies-extras.cmake
[3.536s] -- Up-to-date: /root/ros2_RSSI_Heatmap/install/nav2_read_rssi_at_waypoint/share/nav2_read_rssi_at_waypoint/cmake/nav2_read_rssi_at_waypointConfig.cmake
[3.536s] -- Up-to-date: /root/ros2_RSSI_Heatmap/install/nav2_read_rssi_at_waypoint/share/nav2_read_rssi_at_waypoint/cmake/nav2_read_rssi_at_waypointConfig-version.cmake
[3.536s] -- Installing: /root/ros2_RSSI_Heatmap/install/nav2_read_rssi_at_waypoint/share/nav2_read_rssi_at_waypoint/package.xml
[3.538s] Invoked command in '/root/ros2_RSSI_Heatmap/build/nav2_read_rssi_at_waypoint' returned '0': AMENT_PREFIX_PATH=/root/ros2_RSSI_Heatmap/install/rosbot_interfaces:${AMENT_PREFIX_PATH} CMAKE_PREFIX_PATH=/root/ros2_RSSI_Heatmap/install/rosbot_interfaces:/root/turtlebot3_ws/install/turtlebot3:/root/turtlebot3_ws/install/turtlebot3_simulations:/root/turtlebot3_ws/install/turtlebot3_bringup:/root/turtlebot3_ws/install/turtlebot3_node:/root/turtlebot3_ws/install/turtlebot3_navigation2:/root/turtlebot3_ws/install/turtlebot3_gazebo:/root/turtlebot3_ws/install/turtlebot3_fake_node:/root/turtlebot3_ws/install/turtlebot3_description:/root/turtlebot3_ws/install/turtlebot3_cartographer:/opt/ros/jazzy/opt/gz_sim_vendor:/opt/ros/jazzy/opt/gz_sensors_vendor:/opt/ros/jazzy/opt/gz_physics_vendor:/opt/ros/jazzy/opt/sdformat_vendor:/opt/ros/jazzy/opt/gz_gui_vendor:/opt/ros/jazzy/opt/gz_transport_vendor:/opt/ros/jazzy/opt/gz_rendering_vendor:/opt/ros/jazzy/opt/gz_plugin_vendor:/opt/ros/jazzy/opt/gz_fuel_tools_vendor:/opt/ros/jazzy/opt/gz_msgs_vendor:/opt/ros/jazzy/opt/gz_common_vendor:/opt/ros/jazzy/opt/gz_math_vendor:/opt/ros/jazzy/opt/gz_utils_vendor:/opt/ros/jazzy/opt/gz_tools_vendor:/opt/ros/jazzy/opt/gz_ogre_next_vendor:/opt/ros/jazzy/opt/gz_dartsim_vendor:/opt/ros/jazzy/opt/gz_cmake_vendor:/root/turtlebot3_ws/install/turtlebot3_teleop:/root/turtlebot3_ws/install/turtlebot3_example:/opt/ros/jazzy LD_LIBRARY_PATH=/root/ros2_RSSI_Heatmap/install/rosbot_interfaces/lib:${LD_LIBRARY_PATH} PYTHONPATH=/root/ros2_RSSI_Heatmap/install/rosbot_interfaces/lib/python3.12/site-packages:${PYTHONPATH} /usr/bin/cmake --install /root/ros2_RSSI_Heatmap/build/nav2_read_rssi_at_waypoint
